Archive member included to satisfy reference by file (symbol)

/opt/esp/xtensa-esp32-elf/bin/../lib/gcc/xtensa-esp32-elf/5.2.0/../../../../xtensa-esp32-elf/lib/libg.a(lib_a-errno.o)
                              /data/riotbuild/riotbase/examples/gnrc_networking/bin/esp32-mh-et-live-minikit/newlib_syscalls_default/syscalls.o (__errno)
/data/riotbuild/riotbase/examples/gnrc_networking/bin/esp32-mh-et-live-minikit/core/sched.o
                              /data/riotbuild/riotbase/examples/gnrc_networking/bin/esp32-mh-et-live-minikit/newlib_syscalls_default/syscalls.o (sched_active_pid)
/data/riotbuild/riotbase/examples/gnrc_networking/bin/esp32-mh-et-live-minikit/cpu/thread_arch.o
                              /data/riotbuild/riotbase/examples/gnrc_networking/bin/esp32-mh-et-live-minikit/core/sched.o (thread_yield_higher)
/data/riotbuild/riotbase/examples/gnrc_networking/bin/esp32-mh-et-live-minikit/cpu/syscalls.o
                              /opt/esp/xtensa-esp32-elf/bin/../lib/gcc/xtensa-esp32-elf/5.2.0/../../../../xtensa-esp32-elf/lib/libg.a(lib_a-errno.o) (__getreent)
/data/riotbuild/riotbase/examples/gnrc_networking/bin/esp32-mh-et-live-minikit/cpu/log_module.o
                              /data/riotbuild/riotbase/examples/gnrc_networking/bin/esp32-mh-et-live-minikit/newlib_syscalls_default/syscalls.o (log_write_tagged)
/data/riotbuild/riotbase/examples/gnrc_networking/bin/esp32-mh-et-live-minikit/cpu/tools.o
                              /data/riotbuild/riotbase/examples/gnrc_networking/bin/esp32-mh-et-live-minikit/cpu/thread_arch.o (esp_hexdump)
/data/riotbuild/riotbase/examples/gnrc_networking/bin/esp32-mh-et-live-minikit/cpu/irq_arch.o
                              /data/riotbuild/riotbase/examples/gnrc_networking/bin/esp32-mh-et-live-minikit/newlib_syscalls_default/syscalls.o (irq_disable)
/data/riotbuild/riotbase/examples/gnrc_networking/bin/esp32-mh-et-live-minikit/cpu/startup.o
                              (call_start_cpu0)
/data/riotbuild/riotbase/examples/gnrc_networking/bin/esp32-mh-et-live-minikit/cpu/esp_events.o
                              /data/riotbuild/riotbase/examples/gnrc_networking/bin/esp32-mh-et-live-minikit/cpu/startup.o (esp_event_handler_init)
/data/riotbuild/riotbase/examples/gnrc_networking/bin/esp32-mh-et-live-minikit/cpu/exceptions.o
                              /data/riotbuild/riotbase/examples/gnrc_networking/bin/esp32-mh-et-live-minikit/cpu/startup.o (init_exceptions)
/data/riotbuild/riotbase/examples/gnrc_networking/bin/esp32-mh-et-live-minikit/div/div.o
                              /data/riotbuild/riotbase/examples/gnrc_networking/bin/esp32-mh-et-live-minikit/newlib_syscalls_default/syscalls.o (_div_mulhi64)
/data/riotbuild/riotbase/examples/gnrc_networking/bin/esp32-mh-et-live-minikit/esp_idf/esp_funcs.o
                              /data/riotbuild/riotbase/examples/gnrc_networking/bin/esp32-mh-et-live-minikit/cpu/startup.o (esp_panic_wdt_stop)
/data/riotbuild/riotbase/examples/gnrc_networking/bin/esp32-mh-et-live-minikit/esp_idf_esp32/clk.o
                              /data/riotbuild/riotbase/examples/gnrc_networking/bin/esp32-mh-et-live-minikit/cpu/startup.o (esp_clk_slowclk_cal_get)
/data/riotbuild/riotbase/examples/gnrc_networking/bin/esp32-mh-et-live-minikit/esp_idf_esp32/dport_access.o
                              /data/riotbuild/riotbase/examples/gnrc_networking/bin/esp32-mh-et-live-minikit/esp_idf/esp_funcs.o (esp_dport_access_int_abort)
/data/riotbuild/riotbase/examples/gnrc_networking/bin/esp32-mh-et-live-minikit/esp_idf_soc/cpu_util.o
                              /data/riotbuild/riotbase/examples/gnrc_networking/bin/esp32-mh-et-live-minikit/esp_idf/esp_funcs.o (esp_cpu_stall)
/data/riotbuild/riotbase/examples/gnrc_networking/bin/esp32-mh-et-live-minikit/esp_idf_soc/rtc_init.o
                              /data/riotbuild/riotbase/examples/gnrc_networking/bin/esp32-mh-et-live-minikit/cpu/startup.o (rtc_init_module)
/data/riotbuild/riotbase/examples/gnrc_networking/bin/esp32-mh-et-live-minikit/esp_idf_soc/rtc_time.o
                              /data/riotbuild/riotbase/examples/gnrc_networking/bin/esp32-mh-et-live-minikit/esp_idf_esp32/clk.o (rtc_clk_cal)
/data/riotbuild/riotbase/examples/gnrc_networking/bin/esp32-mh-et-live-minikit/esp_idf_soc/rtc_clk.o
                              /data/riotbuild/riotbase/examples/gnrc_networking/bin/esp32-mh-et-live-minikit/esp_idf_esp32/clk.o (rtc_clk_32k_enable)
/data/riotbuild/riotbase/examples/gnrc_networking/bin/esp32-mh-et-live-minikit/periph/pm.o
                              /data/riotbuild/riotbase/examples/gnrc_networking/bin/esp32-mh-et-live-minikit/newlib_syscalls_default/syscalls.o (pm_off)
/data/riotbuild/riotbase/examples/gnrc_networking/bin/esp32-mh-et-live-minikit/periph/uart.o
                              /data/riotbuild/riotbase/examples/gnrc_networking/bin/esp32-mh-et-live-minikit/cpu/startup.o (uart_system_init)
[...]
Memory Configuration

Name             Origin             Length             Attributes
iram0_0_seg      0x0000000040080000 0x0000000000020000 xr
iram0_2_seg      0x00000000400d0018 0x000000000032ffe8 xr
dram0_0_seg      0x000000003ffb0000 0x000000000002c200 rw
drom0_0_seg      0x000000003f400018 0x00000000003fffe8 r
rtc_iram_seg     0x00000000400c0000 0x0000000000002000 xrw
rtc_slow_seg     0x0000000050000000 0x0000000000001000 rw
*default*        0x0000000000000000 0xffffffffffffffff

Linker script and memory map

LOAD /data/riotbuild/riotbase/examples/gnrc_networking/bin/esp32-mh-et-live-minikit/newlib_syscalls_default/syscalls.o
START GROUP
LOAD /opt/esp/esp-idf/components/esp32/libhal.a
LOAD /opt/esp/xtensa-esp32-elf/bin/../lib/gcc/xtensa-esp32-elf/5.2.0/../../../../xtensa-esp32-elf/lib/libg.a
LOAD /opt/esp/xtensa-esp32-elf/bin/../lib/gcc/xtensa-esp32-elf/5.2.0/../../../../xtensa-esp32-elf/lib/libc.a
LOAD /data/riotbuild/riotbase/examples/gnrc_networking/bin/esp32-mh-et-live-minikit/application_gnrc_networking.a
LOAD /data/riotbuild/riotbase/examples/gnrc_networking/bin/esp32-mh-et-live-minikit/auto_init.a
LOAD /data/riotbuild/riotbase/examples/gnrc_networking/bin/esp32-mh-et-live-minikit/auto_init_gnrc_netif.a
LOAD /data/riotbuild/riotbase/examples/gnrc_networking/bin/esp32-mh-et-live-minikit/auto_init_saul.a
LOAD /data/riotbuild/riotbase/examples/gnrc_networking/bin/esp32-mh-et-live-minikit/bmx280.a
LOAD /data/riotbuild/riotbase/examples/gnrc_networking/bin/esp32-mh-et-live-minikit/board.a
LOAD /data/riotbuild/riotbase/examples/gnrc_networking/bin/esp32-mh-et-live-minikit/boards_common_esp32.a
LOAD /data/riotbuild/riotbase/examples/gnrc_networking/bin/esp32-mh-et-live-minikit/core.a
LOAD /data/riotbuild/riotbase/examples/gnrc_networking/bin/esp32-mh-et-live-minikit/cpu.a
LOAD /data/riotbuild/riotbase/examples/gnrc_networking/bin/esp32-mh-et-live-minikit/div.a
LOAD /data/riotbuild/riotbase/examples/gnrc_networking/bin/esp32-mh-et-live-minikit/esp_idf.a
LOAD /data/riotbuild/riotbase/examples/gnrc_networking/bin/esp32-mh-et-live-minikit/esp_idf_driver.a
LOAD /data/riotbuild/riotbase/examples/gnrc_networking/bin/esp32-mh-et-live-minikit/esp_idf_esp32.a
LOAD /data/riotbuild/riotbase/examples/gnrc_networking/bin/esp32-mh-et-live-minikit/esp_idf_soc.a
LOAD /data/riotbuild/riotbase/examples/gnrc_networking/bin/esp32-mh-et-live-minikit/evtimer.a
LOAD /data/riotbuild/riotbase/examples/gnrc_networking/bin/esp32-mh-et-live-minikit/fmt.a
LOAD /data/riotbuild/riotbase/examples/gnrc_networking/bin/esp32-mh-et-live-minikit/gnrc.a
LOAD /data/riotbuild/riotbase/examples/gnrc_networking/bin/esp32-mh-et-live-minikit/gnrc_icmpv6.a
LOAD /data/riotbuild/riotbase/examples/gnrc_networking/bin/esp32-mh-et-live-minikit/gnrc_icmpv6_echo.a
LOAD /data/riotbuild/riotbase/examples/gnrc_networking/bin/esp32-mh-et-live-minikit/gnrc_icmpv6_error.a
LOAD /data/riotbuild/riotbase/examples/gnrc_networking/bin/esp32-mh-et-live-minikit/gnrc_ipv6.a
LOAD /data/riotbuild/riotbase/examples/gnrc_networking/bin/esp32-mh-et-live-minikit/gnrc_ipv6_hdr.a
LOAD /data/riotbuild/riotbase/examples/gnrc_networking/bin/esp32-mh-et-live-minikit/gnrc_ipv6_nib.a
LOAD /data/riotbuild/riotbase/examples/gnrc_networking/bin/esp32-mh-et-live-minikit/gnrc_ndp.a
LOAD /data/riotbuild/riotbase/examples/gnrc_networking/bin/esp32-mh-et-live-minikit/gnrc_netapi.a
LOAD /data/riotbuild/riotbase/examples/gnrc_networking/bin/esp32-mh-et-live-minikit/gnrc_netif.a
LOAD /data/riotbuild/riotbase/examples/gnrc_networking/bin/esp32-mh-et-live-minikit/gnrc_netif_hdr.a
LOAD /data/riotbuild/riotbase/examples/gnrc_networking/bin/esp32-mh-et-live-minikit/gnrc_netreg.a
LOAD /data/riotbuild/riotbase/examples/gnrc_networking/bin/esp32-mh-et-live-minikit/gnrc_pkt.a
LOAD /data/riotbuild/riotbase/examples/gnrc_networking/bin/esp32-mh-et-live-minikit/gnrc_pktbuf.a
LOAD /data/riotbuild/riotbase/examples/gnrc_networking/bin/esp32-mh-et-live-minikit/gnrc_pktbuf_static.a
LOAD /data/riotbuild/riotbase/examples/gnrc_networking/bin/esp32-mh-et-live-minikit/gnrc_pktdump.a
LOAD /data/riotbuild/riotbase/examples/gnrc_networking/bin/esp32-mh-et-live-minikit/gnrc_rpl.a
LOAD /data/riotbuild/riotbase/examples/gnrc_networking/bin/esp32-mh-et-live-minikit/gnrc_udp.a
LOAD /data/riotbuild/riotbase/examples/gnrc_networking/bin/esp32-mh-et-live-minikit/icmpv6.a
LOAD /data/riotbuild/riotbase/examples/gnrc_networking/bin/esp32-mh-et-live-minikit/inet_csum.a
LOAD /data/riotbuild/riotbase/examples/gnrc_networking/bin/esp32-mh-et-live-minikit/ipv6_addr.a
LOAD /data/riotbuild/riotbase/examples/gnrc_networking/bin/esp32-mh-et-live-minikit/ipv6_hdr.a
LOAD /data/riotbuild/riotbase/examples/gnrc_networking/bin/esp32-mh-et-live-minikit/isrpipe.a
LOAD /data/riotbuild/riotbase/examples/gnrc_networking/bin/esp32-mh-et-live-minikit/l2util.a
LOAD /data/riotbuild/riotbase/examples/gnrc_networking/bin/esp32-mh-et-live-minikit/luid.a
LOAD /data/riotbuild/riotbase/examples/gnrc_networking/bin/esp32-mh-et-live-minikit/newlib_syscalls_default.a
LOAD /data/riotbuild/riotbase/examples/gnrc_networking/bin/esp32-mh-et-live-minikit/od.a
LOAD /data/riotbuild/riotbase/examples/gnrc_networking/bin/esp32-mh-et-live-minikit/periph.a
LOAD /data/riotbuild/riotbase/examples/gnrc_networking/bin/esp32-mh-et-live-minikit/phydat.a
LOAD /data/riotbuild/riotbase/examples/gnrc_networking/bin/esp32-mh-et-live-minikit/ps.a
LOAD /data/riotbuild/riotbase/examples/gnrc_networking/bin/esp32-mh-et-live-minikit/random.a
LOAD /data/riotbuild/riotbase/examples/gnrc_networking/bin/esp32-mh-et-live-minikit/riot_freertos.a
LOAD /data/riotbuild/riotbase/examples/gnrc_networking/bin/esp32-mh-et-live-minikit/saul.a
LOAD /data/riotbuild/riotbase/examples/gnrc_networking/bin/esp32-mh-et-live-minikit/saul_reg.a
LOAD /data/riotbuild/riotbase/examples/gnrc_networking/bin/esp32-mh-et-live-minikit/shell.a
LOAD /data/riotbuild/riotbase/examples/gnrc_networking/bin/esp32-mh-et-live-minikit/shell_commands.a
LOAD /data/riotbuild/riotbase/examples/gnrc_networking/bin/esp32-mh-et-live-minikit/stdio_uart.a
LOAD /data/riotbuild/riotbase/examples/gnrc_networking/bin/esp32-mh-et-live-minikit/sys.a
LOAD /data/riotbuild/riotbase/examples/gnrc_networking/bin/esp32-mh-et-live-minikit/tinymt32.a
LOAD /data/riotbuild/riotbase/examples/gnrc_networking/bin/esp32-mh-et-live-minikit/trickle.a
LOAD /data/riotbuild/riotbase/examples/gnrc_networking/bin/esp32-mh-et-live-minikit/tsrb.a
LOAD /data/riotbuild/riotbase/examples/gnrc_networking/bin/esp32-mh-et-live-minikit/udp.a
LOAD /data/riotbuild/riotbase/examples/gnrc_networking/bin/esp32-mh-et-live-minikit/xtensa.a
LOAD /data/riotbuild/riotbase/examples/gnrc_networking/bin/esp32-mh-et-live-minikit/xtimer.a
LOAD /data/riotbuild/riotbase/examples/gnrc_networking/bin/esp32-mh-et-live-minikit/periph_common.a
LOAD /opt/esp/xtensa-esp32-elf/bin/../lib/gcc/xtensa-esp32-elf/5.2.0/../../../../xtensa-esp32-elf/lib/libm.a
END GROUP
LOAD /opt/esp/xtensa-esp32-elf/bin/../lib/gcc/xtensa-esp32-elf/5.2.0/libgcc.a
LOAD /opt/esp/xtensa-esp32-elf/bin/../lib/gcc/xtensa-esp32-elf/5.2.0/../../../../xtensa-esp32-elf/lib/libc.a

.rtc.text       0x00000000400c0000        0x0
                0x00000000400c0000                . = ALIGN (0x4)
 *(.rtc.literal .rtc.text)
 *rtc_wake_stub*.o(.literal .text .literal.* .text.*)

.rtc.bss        0x0000000050000000       0x28
                0x0000000050000000                _rtc_bss_start = ABSOLUTE (.)
 *rtc_wake_stub*.o(.bss .bss.*)
 *rtc_wake_stub*.o(COMMON)
                0x0000000050000000                _rtc_bss_end = ABSOLUTE (.)
                0x0000000050000000                _rtc_bss_rtc_start = ABSOLUTE (.)
 *(.rtc.bss .rtc.bss.*)
 .rtc.bss       0x0000000050000000       0x28 /data/riotbuild/riotbase/examples/gnrc_networking/bin/esp32-mh-et-live-minikit/periph/rtc.o
                0x0000000050000028                _rtc_bss_rtc_end = ABSOLUTE (.)

.rtc.data       0x0000000050000028        0x0
                0x0000000050000028                _rtc_data_start = ABSOLUTE (.)
 *(.rtc.data)
 *(.rtc.rodata)
 *rtc_wake_stub*.o(.data .rodata .data.* .rodata.* .bss .bss.*)
                0x0000000050000028                _rtc_data_end = ABSOLUTE (.)

.iram0.vectors  0x0000000040080000      0x400
                0x0000000040080000                _init_start = ABSOLUTE (.)
                0x0000000000000000                . = 0x0
 *(.WindowVectors.text)
 .WindowVectors.text
                0x0000000040080000      0x16a /data/riotbuild/riotbase/examples/gnrc_networking/bin/esp32-mh-et-live-minikit/xtensa/xtensa_vectors.o
                0x0000000040080000                _WindowOverflow4
                0x0000000040080040                _WindowUnderflow4
                0x0000000040080050                _xt_alloca_exc
                0x0000000040080080                _WindowOverflow8
                0x00000000400800c0                _WindowUnderflow8
                0x0000000040080100                _WindowOverflow12
                0x0000000040080140                _WindowUnderflow12
                0x0000000000000180                . = 0x180
 *fill*         0x000000004008016a       0x16 
 *(.Level2InterruptVector.text)
 .Level2InterruptVector.text
                0x0000000040080180        0x6 /data/riotbuild/riotbase/examples/gnrc_networking/bin/esp32-mh-et-live-minikit/xtensa/xtensa_vectors.o
                                          0xd (size before relaxing)
                0x0000000040080180                _Level2Vector
                0x00000000000001c0                . = 0x1c0
 *fill*         0x0000000040080186       0x3a 
 *(.Level3InterruptVector.text)
 .Level3InterruptVector.text
                0x00000000400801c0        0x6 /data/riotbuild/riotbase/examples/gnrc_networking/bin/esp32-mh-et-live-minikit/xtensa/xtensa_vectors.o
                                          0xd (size before relaxing)
                0x00000000400801c0                _Level3Vector
                0x0000000000000200                . = 0x200
 *fill*         0x00000000400801c6       0x3a 
 *(.Level4InterruptVector.text)
 .Level4InterruptVector.text
                0x0000000040080200        0x6 /data/riotbuild/riotbase/examples/gnrc_networking/bin/esp32-mh-et-live-minikit/xtensa/xtensa_vectors.o
                                          0xd (size before relaxing)
                0x0000000040080200                _Level4Vector
                0x0000000000000240                . = 0x240
 *fill*         0x0000000040080206       0x3a 
 *(.Level5InterruptVector.text)
 .Level5InterruptVector.text
                0x0000000040080240        0x6 /data/riotbuild/riotbase/examples/gnrc_networking/bin/esp32-mh-et-live-minikit/xtensa/xtensa_vectors.o
                                          0xd (size before relaxing)
                0x0000000040080240                _Level5Vector
                0x0000000000000280                . = 0x280
 *fill*         0x0000000040080246       0x3a 
 **(.DebugExceptionVector.text)
 .DebugExceptionVector.text
                0x0000000040080280        0x9 /data/riotbuild/riotbase/examples/gnrc_networking/bin/esp32-mh-et-live-minikit/xtensa/xtensa_vectors.o
                                         0x10 (size before relaxing)
                0x0000000040080280                _DebugExceptionVector
                0x00000000000002c0                . = 0x2c0
 *fill*         0x0000000040080289       0x37 
 *(.NMIExceptionVector.text)
 .NMIExceptionVector.text
                0x00000000400802c0        0x6 /data/riotbuild/riotbase/examples/gnrc_networking/bin/esp32-mh-et-live-minikit/xtensa/xtensa_vectors.o
                                          0xd (size before relaxing)
                0x00000000400802c0                _NMIExceptionVector
                0x0000000000000300                . = 0x300
 *fill*         0x00000000400802c6       0x3a 
 *(.KernelExceptionVector.text)
 .KernelExceptionVector.text
                0x0000000040080300        0x6 /data/riotbuild/riotbase/examples/gnrc_networking/bin/esp32-mh-et-live-minikit/xtensa/xtensa_vectors.o
                                          0xd (size before relaxing)
                0x0000000040080300                _KernelExceptionVector
                0x0000000000000340                . = 0x340
 *fill*         0x0000000040080306       0x3a 
 *(.UserExceptionVector.text)
 .UserExceptionVector.text
                0x0000000040080340        0x6 /data/riotbuild/riotbase/examples/gnrc_networking/bin/esp32-mh-et-live-minikit/xtensa/xtensa_vectors.o
                                          0xd (size before relaxing)
                0x0000000040080340                _UserExceptionVector
                0x00000000000003c0                . = 0x3c0
 *fill*         0x0000000040080346       0x7a 
 *(.DoubleExceptionVector.text)
 .DoubleExceptionVector.text
                0x00000000400803c0        0x9 /data/riotbuild/riotbase/examples/gnrc_networking/bin/esp32-mh-et-live-minikit/xtensa/xtensa_vectors.o
                                         0x10 (size before relaxing)
                0x00000000400803c0                _DoubleExceptionVector
                0x0000000000000400                . = 0x400
 *fill*         0x00000000400803c9       0x37 
 *(.*Vector.literal)
 *(.UserEnter.literal)
 *(.UserEnter.text)
                0x0000000040080400                . = ALIGN (0x10)
 *(.entry.text)
 *(.init.literal)
 *(.init)
                0x0000000040080400                _init_end = ABSOLUTE (.)
                0x0000000000000000                _iram_start = 0x0

.iram0.text     0x0000000040080400     0x371f
                0x0000000040080400                _iram_text_start = ABSOLUTE (.)
 *(.iram1 .iram1.*)
 .iram1         0x0000000040080400       0x16 /data/riotbuild/riotbase/examples/gnrc_networking/bin/esp32-mh-et-live-minikit/cpu/thread_arch.o
                                         0x1e (size before relaxing)
                0x0000000040080404                thread_yield_isr
 *fill*         0x0000000040080416        0x2 
 .iram1.text    0x0000000040080418      0x2cc /data/riotbuild/riotbase/examples/gnrc_networking/bin/esp32-mh-et-live-minikit/cpu/syscalls.o
                                        0x340 (size before relaxing)
                0x000000004008041c                _lock_close_recursive
                0x0000000040080434                _lock_close
                0x0000000040080444                _lock_acquire
                0x000000004008046c                _lock_try_acquire_recursive
                0x000000004008049c                _lock_acquire_recursive
                0x00000000400804c4                _lock_try_acquire
                0x00000000400804f4                _lock_release
                0x000000004008051c                _lock_release_recursive
                0x0000000040080544                _lock_init
                0x0000000040080574                _lock_init_recursive
                0x00000000400805a8                heap_caps_malloc
                0x00000000400805b4                heap_caps_calloc
                0x00000000400805c8                heap_caps_realloc
                0x00000000400805e8                get_free_heap_size
                0x00000000400805e8                esp_get_free_heap_size
                0x0000000040080630                syscalls_init
                0x00000000400806a4                system_wdt_feed
 .iram1.text    0x00000000400806e4       0x3d /data/riotbuild/riotbase/examples/gnrc_networking/bin/esp32-mh-et-live-minikit/cpu/irq_arch.o
                0x00000000400806e4                irq_disable
                0x00000000400806f0                irq_enable
                0x0000000040080700                irq_restore
                0x0000000040080714                irq_is_in
 *fill*         0x0000000040080721        0x3 
 .iram1.text    0x0000000040080724      0x332 /data/riotbuild/riotbase/examples/gnrc_networking/bin/esp32-mh-et-live-minikit/cpu/startup.o
                                        0x4aa (size before relaxing)
                0x00000000400807b4                call_start_cpu0
 *fill*         0x0000000040080a56        0x2 
 .iram1.text    0x0000000040080a58      0x242 /data/riotbuild/riotbase/examples/gnrc_networking/bin/esp32-mh-et-live-minikit/cpu/exceptions.o
                                        0x2fe (size before relaxing)
                0x0000000040080adc                exception_handler
                0x0000000040080c78                panic_arch
 *fill*         0x0000000040080c9a        0x2 
 .iram1         0x0000000040080c9c      0x253 /data/riotbuild/riotbase/examples/gnrc_networking/bin/esp32-mh-et-live-minikit/esp_idf/esp_funcs.o
                                        0x2cb (size before relaxing)
                0x0000000040080cb0                esp_panic_wdt_stop
                0x0000000040080cf8                esp_log_timestamp
                0x0000000040080d10                esp_log_write
                0x0000000040080dc0                esp_restart_noos
 *fill*         0x0000000040080eef        0x1 
 .iram1         0x0000000040080ef0       0x53 /data/riotbuild/riotbase/examples/gnrc_networking/bin/esp32-mh-et-live-minikit/esp_idf_esp32/clk.o
                                         0x63 (size before relaxing)
                0x0000000040080ef4                esp_clk_slowclk_cal_set
                0x0000000040080f08                esp_clk_cpu_freq
                0x0000000040080f18                esp_clk_apb_freq
                0x0000000040080f34                ets_update_cpu_frequency
 *fill*         0x0000000040080f43        0x1 
 .iram1         0x0000000040080f44      0x107 /data/riotbuild/riotbase/examples/gnrc_networking/bin/esp32-mh-et-live-minikit/esp_idf_soc/cpu_util.o
                                        0x11b (size before relaxing)
                0x0000000040080f5c                esp_cpu_stall
                0x0000000040080fe0                esp_cpu_unstall
                0x0000000040081024                esp_cpu_reset
                0x0000000040081044                esp_cpu_in_ocd_debug_mode
 *fill*         0x000000004008104b        0x1 
 .iram1         0x000000004008104c      0x183 /data/riotbuild/riotbase/examples/gnrc_networking/bin/esp32-mh-et-live-minikit/periph/pm.o
                                        0x1bf (size before relaxing)
                0x00000000400810a8                pm_off
 *fill*         0x00000000400811cf        0x1 
 .iram1.text    0x00000000400811d0       0x5c /data/riotbuild/riotbase/examples/gnrc_networking/bin/esp32-mh-et-live-minikit/periph/uart.o
 .iram1         0x000000004008122c       0x6e /data/riotbuild/riotbase/examples/gnrc_networking/bin/esp32-mh-et-live-minikit/periph/rtc.o
                                         0x72 (size before relaxing)
 *fill*         0x000000004008129a        0x2 
 .iram1.text    0x000000004008129c      0x15a /data/riotbuild/riotbase/examples/gnrc_networking/bin/esp32-mh-et-live-minikit/periph/timer.o
                                        0x182 (size before relaxing)
                0x00000000400812a4                hw_timer_handler
                0x00000000400812f8                timer_set
                0x0000000040081380                timer_read
                0x00000000400813a0                timer_set_absolute
                0x00000000400813b8                timer_start
                0x00000000400813d8                timer_stop
 *fill*         0x00000000400813f6        0x0 
 *fill*         0x00000000400813f6        0x0 
 *fill*         0x00000000400813f6        0x0 
 *fill*         0x00000000400813f6        0x0 
 *fill*         0x00000000400813f6        0x0 
 *fill*         0x00000000400813f6        0x2 
 .iram1         0x00000000400813f8       0x6e /data/riotbuild/riotbase/examples/gnrc_networking/bin/esp32-mh-et-live-minikit/esp_idf_esp32/dport_access.o
                0x00000000400813f8                esp_dport_access_stall_other_cpu_start
                0x0000000040081400                esp_dport_access_stall_other_cpu_end
                0x0000000040081408                esp_dport_access_stall_other_cpu_start_wrap
                0x0000000040081410                esp_dport_access_stall_other_cpu_end_wrap
                0x0000000040081418                esp_dport_access_int_pause
                0x0000000040081420                esp_dport_access_int_abort
                0x0000000040081428                esp_dport_access_int_resume
                0x0000000040081430                esp_dport_access_read_buffer
                0x0000000040081450                esp_dport_access_reg_read
                0x000000004008145c                esp_dport_access_sequence_reg_read
 *fill*         0x0000000040081466        0x0 
 *fill*         0x0000000040081466        0x0 
 *fill*         0x0000000040081466        0x0 
 *fill*         0x0000000040081466        0x0 
 *libhal.a:(.literal .text .literal.* .text.*)
 *fill*         0x0000000040081466        0x2 
 .literal       0x0000000040081468        0x4 /opt/esp/esp-idf/components/esp32/libhal.a(windowspill_asm.o)
 .literal       0x000000004008146c        0x0 /opt/esp/xtensa-esp32-elf/bin/../lib/gcc/xtensa-esp32-elf/5.2.0/../../../../xtensa-esp32-elf/lib/libg.a(lib_a-atoi.o)
                                          0x8 (size before relaxing)
 .literal       0x000000004008146c        0x4 /opt/esp/xtensa-esp32-elf/bin/../lib/gcc/xtensa-esp32-elf/5.2.0/../../../../xtensa-esp32-elf/lib/libg.a(lib_a-strtol.o)
                                         0x10 (size before relaxing)
 .literal       0x0000000040081470        0x0 /opt/esp/xtensa-esp32-elf/bin/../lib/gcc/xtensa-esp32-elf/5.2.0/../../../../xtensa-esp32-elf/lib/libg.a(lib_a-strtoul.o)
                                          0x8 (size before relaxing)
 .literal       0x0000000040081470        0x4 /opt/esp/xtensa-esp32-elf/bin/../lib/gcc/xtensa-esp32-elf/5.2.0/../../../../xtensa-esp32-elf/lib/libg.a(lib_a-wcrtomb.o)
                                         0x10 (size before relaxing)
 .literal       0x0000000040081474        0x4 /opt/esp/xtensa-esp32-elf/bin/../lib/gcc/xtensa-esp32-elf/5.2.0/../../../../xtensa-esp32-elf/lib/libg.a(lib_a-fvwrite.o)
                                         0x3c (size before relaxing)
 .literal       0x0000000040081478       0x14 /opt/esp/xtensa-esp32-elf/bin/../lib/gcc/xtensa-esp32-elf/5.2.0/../../../../xtensa-esp32-elf/lib/libg.a(lib_a-wbuf.o)
                                         0x28 (size before relaxing)
 .literal       0x000000004008148c        0x0 /opt/esp/xtensa-esp32-elf/bin/../lib/gcc/xtensa-esp32-elf/5.2.0/../../../../xtensa-esp32-elf/lib/libg.a(lib_a-wsetup.o)
                                         0x1c (size before relaxing)
 .literal       0x000000004008148c        0x0 /opt/esp/xtensa-esp32-elf/bin/../lib/gcc/xtensa-esp32-elf/5.2.0/../../../../xtensa-esp32-elf/lib/libg.a(lib_a-fputwc.o)
                                         0x38 (size before relaxing)
 .literal       0x000000004008148c        0x0 /opt/esp/xtensa-esp32-elf/bin/../lib/gcc/xtensa-esp32-elf/5.2.0/../../../../xtensa-esp32-elf/lib/libg.a(lib_a-wctomb_r.o)
                                          0x4 (size before relaxing)
 .literal       0x000000004008148c       0x10 /opt/esp/xtensa-esp32-elf/bin/../lib/gcc/xtensa-esp32-elf/5.2.0/../../../../xtensa-esp32-elf/lib/libg.a(lib_a-makebuf.o)
                                         0x20 (size before relaxing)
 .literal       0x000000004008149c        0x8 /opt/esp/xtensa-esp32-elf/bin/../lib/gcc/xtensa-esp32-elf/5.2.0/../../../../xtensa-esp32-elf/lib/libg.a(lib_a-fflush.o)
                                         0x44 (size before relaxing)
 .literal       0x00000000400814a4        0x4 /opt/esp/xtensa-esp32-elf/bin/../lib/gcc/xtensa-esp32-elf/5.2.0/../../../../xtensa-esp32-elf/lib/libg.a(lib_a-refill.o)
                                         0x38 (size before relaxing)
 .literal       0x00000000400814a8       0x10 /opt/esp/xtensa-esp32-elf/bin/../lib/gcc/xtensa-esp32-elf/5.2.0/../../../../xtensa-esp32-elf/lib/libg.a(lib_a-s_fpclassify.o)
                                         0x18 (size before relaxing)
 .literal       0x00000000400814b8       0x18 /opt/esp/xtensa-esp32-elf/bin/../lib/gcc/xtensa-esp32-elf/5.2.0/../../../../xtensa-esp32-elf/lib/libg.a(lib_a-locale.o)
                                         0x30 (size before relaxing)
 .literal       0x00000000400814d0        0x0 /opt/esp/xtensa-esp32-elf/bin/../lib/gcc/xtensa-esp32-elf/5.2.0/../../../../xtensa-esp32-elf/lib/libg.a(lib_a-lcltime.o)
                                          0xc (size before relaxing)
 .literal       0x00000000400814d0       0x10 /opt/esp/xtensa-esp32-elf/bin/../lib/gcc/xtensa-esp32-elf/5.2.0/../../../../xtensa-esp32-elf/lib/libg.a(lib_a-lcltime_r.o)
                                         0x28 (size before relaxing)
 .literal       0x00000000400814e0       0x2c /opt/esp/xtensa-esp32-elf/bin/../lib/gcc/xtensa-esp32-elf/5.2.0/../../../../xtensa-esp32-elf/lib/libg.a(lib_a-gmtime_r.o)
                                         0x34 (size before relaxing)
 .literal       0x000000004008150c       0x10 /opt/esp/xtensa-esp32-elf/bin/../lib/gcc/xtensa-esp32-elf/5.2.0/../../../../xtensa-esp32-elf/lib/libg.a(lib_a-mktime.o)
                                         0x44 (size before relaxing)
 .literal       0x000000004008151c        0x0 /opt/esp/xtensa-esp32-elf/bin/../lib/gcc/xtensa-esp32-elf/5.2.0/../../../../xtensa-esp32-elf/lib/libg.a(lib_a-syswrite.o)
                                          0x8 (size before relaxing)
 .literal       0x000000004008151c        0x4 /opt/esp/xtensa-esp32-elf/bin/../lib/gcc/xtensa-esp32-elf/5.2.0/../../../../xtensa-esp32-elf/lib/libg.a(lib_a-gettzinfo.o)
 .literal       0x0000000040081520        0x0 /opt/esp/xtensa-esp32-elf/bin/../lib/gcc/xtensa-esp32-elf/5.2.0/../../../../xtensa-esp32-elf/lib/libg.a(lib_a-fclose.o)
                                         0x44 (size before relaxing)
 .literal       0x0000000040081520       0x24 /opt/esp/xtensa-esp32-elf/bin/../lib/gcc/xtensa-esp32-elf/5.2.0/../../../../xtensa-esp32-elf/lib/libg.a(lib_a-rand.o)
                                         0x54 (size before relaxing)
 .literal       0x0000000040081544       0x14 /opt/esp/xtensa-esp32-elf/bin/../lib/gcc/xtensa-esp32-elf/5.2.0/../../../../xtensa-esp32-elf/lib/libg.a(lib_a-strcmp.o)
                                         0x1c (size before relaxing)
 .literal       0x0000000040081558        0x0 /opt/esp/xtensa-esp32-elf/bin/../lib/gcc/xtensa-esp32-elf/5.2.0/../../../../xtensa-esp32-elf/lib/libg.a(lib_a-strcpy.o)
                                          0xc (size before relaxing)
 .literal       0x0000000040081558        0x0 /opt/esp/xtensa-esp32-elf/bin/../lib/gcc/xtensa-esp32-elf/5.2.0/../../../../xtensa-esp32-elf/lib/libg.a(lib_a-strlen.o)
                                          0xc (size before relaxing)
 .literal       0x0000000040081558        0x0 /opt/esp/xtensa-esp32-elf/bin/../lib/gcc/xtensa-esp32-elf/5.2.0/../../../../xtensa-esp32-elf/lib/libg.a(lib_a-strncpy.o)
                                          0xc (size before relaxing)
 .literal       0x0000000040081558        0x0 /opt/esp/xtensa-esp32-elf/bin/../lib/gcc/xtensa-esp32-elf/5.2.0/../../../../xtensa-esp32-elf/lib/libg.a(lib_a-strrchr.o)
                                          0x8 (size before relaxing)
 .literal       0x0000000040081558        0x4 /opt/esp/xtensa-esp32-elf/bin/../lib/gcc/xtensa-esp32-elf/5.2.0/../../../../xtensa-esp32-elf/lib/libg.a(lib_a-stdio.o)
                                         0x24 (size before relaxing)
 .literal       0x000000004008155c        0x4 /opt/esp/xtensa-esp32-elf/bin/../lib/gcc/xtensa-esp32-elf/5.2.0/../../../../xtensa-esp32-elf/lib/libg.a(lib_a-tzcalc_limits.o)
                                         0x18 (size before relaxing)
 .literal       0x0000000040081560       0x20 /opt/esp/xtensa-esp32-elf/bin/../lib/gcc/xtensa-esp32-elf/5.2.0/../../../../xtensa-esp32-elf/lib/libg.a(lib_a-findfp.o)
                                         0x90 (size before relaxing)
 .literal       0x0000000040081580        0x4 /opt/esp/xtensa-esp32-elf/bin/../lib/gcc/xtensa-esp32-elf/5.2.0/../../../../xtensa-esp32-elf/lib/libg.a(lib_a-mlock.o)
                                         0x10 (size before relaxing)
 .literal       0x0000000040081584        0x4 /opt/esp/xtensa-esp32-elf/bin/../lib/gcc/xtensa-esp32-elf/5.2.0/../../../../xtensa-esp32-elf/lib/libg.a(lib_a-tzlock.o)
                                         0x10 (size before relaxing)
 .text          0x0000000040081588      0x137 /opt/esp/esp-idf/components/esp32/libhal.a(windowspill_asm.o)
                0x0000000040081588                xthal_window_spill_nw
                0x0000000040081588                xthal_spill_registers_into_stack_nw
                0x000000004008169c                xthal_window_spill
 *fill*         0x00000000400816bf        0x0 
 *fill*         0x00000000400816bf        0x1 
 .text          0x00000000400816c0       0x3e /opt/esp/esp-idf/components/esp32/libhal.a(state_asm--restore_extra_nw.o)
                0x00000000400816c0                xthal_restore_extra_nw
 *fill*         0x00000000400816fe        0x2 
 .text          0x0000000040081700       0x3e /opt/esp/esp-idf/components/esp32/libhal.a(state_asm--save_extra_nw.o)
                0x0000000040081700                xthal_save_extra_nw
 *libgcc.a:lib2funcs.o(.literal .text .literal.* .text.*)
 *libgcov.a:(.literal .text .literal.* .text.*)
 *xtensa.a:*(.literal .text .literal.* .text.*)
 *esp_idf_heap.a:*(.literal .text .literal.* .text.*)
 *esp_idf_spi_flash.a:*(.literal .text .literal.* .text.*)
 *core.a:*(.literal .text .literal.* .text.*)
 *cpu.a:*(.literal .text .literal.* .text.*)
 *periph.a:*(.literal .text .literal.* .text.*)
 *lib_a-utoa.o(.literal .text .literal.* .text.*)
 *lib_a-longjmp.o(.literal .text .literal.* .text.*)
 *lib_a-setjmp.o(.literal .text .literal.* .text.*)
 *lib_a-abs.o(.literal .text .literal.* .text.*)
 *lib_a-div.o(.literal .text .literal.* .text.*)
 *fill*         0x000000004008173e        0x2 
 .text          0x0000000040081740       0x26 /opt/esp/xtensa-esp32-elf/bin/../lib/gcc/xtensa-esp32-elf/5.2.0/../../../../xtensa-esp32-elf/lib/libg.a(lib_a-div.o)
                0x0000000040081740                div
 *lib_a-labs.o(.literal .text .literal.* .text.*)
 *lib_a-ldiv.o(.literal .text .literal.* .text.*)
 *lib_a-quorem.o(.literal .text .literal.* .text.*)
 *lib_a-qsort.o(.literal .text .literal.* .text.*)
 *lib_a-utoa.o(.literal .text .literal.* .text.*)
 *lib_a-itoa.o(.literal .text .literal.* .text.*)
 *lib_a-atoi.o(.literal .text .literal.* .text.*)
 *fill*         0x0000000040081766        0x2 
 .text          0x0000000040081768       0x25 /opt/esp/xtensa-esp32-elf/bin/../lib/gcc/xtensa-esp32-elf/5.2.0/../../../../xtensa-esp32-elf/lib/libg.a(lib_a-atoi.o)
                                         0x29 (size before relaxing)
                0x0000000040081768                atoi
                0x0000000040081778                _atoi_r
 *fill*         0x000000004008178d        0x0 
 *lib_a-atol.o(.literal .text .literal.* .text.*)
 *lib_a-strtol.o(.literal .text .literal.* .text.*)
 *fill*         0x000000004008178d        0x3 
 .text          0x0000000040081790      0x116 /opt/esp/xtensa-esp32-elf/bin/../lib/gcc/xtensa-esp32-elf/5.2.0/../../../../xtensa-esp32-elf/lib/libg.a(lib_a-strtol.o)
                0x0000000040081790                _strtol_r
                0x0000000040081890                strtol
 *fill*         0x00000000400818a6        0x0 
 *lib_a-strtoul.o(.literal .text .literal.* .text.*)
 *fill*         0x00000000400818a6        0x2 
 .text          0x00000000400818a8      0x106 /opt/esp/xtensa-esp32-elf/bin/../lib/gcc/xtensa-esp32-elf/5.2.0/../../../../xtensa-esp32-elf/lib/libg.a(lib_a-strtoul.o)
                0x00000000400818a8                _strtoul_r
                0x0000000040081998                strtoul
 *fill*         0x00000000400819ae        0x0 
 *lib_a-wcrtomb.o(.literal .text .literal.* .text.*)
 *fill*         0x00000000400819ae        0x2 
 .text          0x00000000400819b0       0x65 /opt/esp/xtensa-esp32-elf/bin/../lib/gcc/xtensa-esp32-elf/5.2.0/../../../../xtensa-esp32-elf/lib/libg.a(lib_a-wcrtomb.o)
                                         0x69 (size before relaxing)
                0x00000000400819b0                _wcrtomb_r
                0x00000000400819fc                wcrtomb
 *fill*         0x0000000040081a15        0x0 
 *lib_a-fvwrite.o(.literal .text .literal.* .text.*)
 *fill*         0x0000000040081a15        0x3 
 .text          0x0000000040081a18      0x2a9 /opt/esp/xtensa-esp32-elf/bin/../lib/gcc/xtensa-esp32-elf/5.2.0/../../../../xtensa-esp32-elf/lib/libg.a(lib_a-fvwrite.o)
                                        0x2b9 (size before relaxing)
                0x0000000040081a18                __sfvwrite_r
 *fill*         0x0000000040081cc1        0x0 
 *lib_a-wbuf.o(.literal .text .literal.* .text.*)
 *fill*         0x0000000040081cc1        0x3 
 .text          0x0000000040081cc4       0xd4 /opt/esp/xtensa-esp32-elf/bin/../lib/gcc/xtensa-esp32-elf/5.2.0/../../../../xtensa-esp32-elf/lib/libg.a(lib_a-wbuf.o)
                                         0xe0 (size before relaxing)
                0x0000000040081cc4                __swbuf_r
                0x0000000040081d84                __swbuf
 *fill*         0x0000000040081d98        0x0 
 *lib_a-wsetup.o(.literal .text .literal.* .text.*)
 .text          0x0000000040081d98       0xdf /opt/esp/xtensa-esp32-elf/bin/../lib/gcc/xtensa-esp32-elf/5.2.0/../../../../xtensa-esp32-elf/lib/libg.a(lib_a-wsetup.o)
                                         0xe3 (size before relaxing)
                0x0000000040081d98                __swsetup_r
 *lib_a-fputwc.o(.literal .text .literal.* .text.*)
 *fill*         0x0000000040081e77        0x1 
 .text          0x0000000040081e78      0x17d /opt/esp/xtensa-esp32-elf/bin/../lib/gcc/xtensa-esp32-elf/5.2.0/../../../../xtensa-esp32-elf/lib/libg.a(lib_a-fputwc.o)
                                        0x18d (size before relaxing)
                0x0000000040081e78                __fputwc
                0x0000000040081f44                _fputwc_r
                0x0000000040081fb0                fputwc
 *fill*         0x0000000040081ff5        0x0 
 *lib_a-wctomb_r.o(.literal .text .literal.* .text.*)
 *fill*         0x0000000040081ff5        0x3 
 .text          0x0000000040081ff8       0x51 /opt/esp/xtensa-esp32-elf/bin/../lib/gcc/xtensa-esp32-elf/5.2.0/../../../../xtensa-esp32-elf/lib/libg.a(lib_a-wctomb_r.o)
                0x0000000040081ff8                __ascii_wctomb
                0x0000000040082020                _wctomb_r
 *fill*         0x0000000040082049        0x0 
 *lib_a-ungetc.o(.literal .text .literal.* .text.*)
 *lib_a-makebuf.o(.literal .text .literal.* .text.*)
 *fill*         0x0000000040082049        0x3 
 .text          0x000000004008204c       0xd8 /opt/esp/xtensa-esp32-elf/bin/../lib/gcc/xtensa-esp32-elf/5.2.0/../../../../xtensa-esp32-elf/lib/libg.a(lib_a-makebuf.o)
                                         0xdc (size before relaxing)
                0x000000004008204c                __smakebuf_r
 *fill*         0x0000000040082124        0x0 
 *lib_a-fflush.o(.literal .text .literal.* .text.*)
 .text          0x0000000040082124      0x200 /opt/esp/xtensa-esp32-elf/bin/../lib/gcc/xtensa-esp32-elf/5.2.0/../../../../xtensa-esp32-elf/lib/libg.a(lib_a-fflush.o)
                                        0x208 (size before relaxing)
                0x0000000040082124                __sflush_r
                0x0000000040082278                _fflush_r
                0x0000000040082300                fflush
 *lib_a-refill.o(.literal .text .literal.* .text.*)
 .text          0x0000000040082324      0x160 /opt/esp/xtensa-esp32-elf/bin/../lib/gcc/xtensa-esp32-elf/5.2.0/../../../../xtensa-esp32-elf/lib/libg.a(lib_a-refill.o)
                                        0x168 (size before relaxing)
                0x0000000040082344                __srefill_r
 *lib_a-s_fpclassify.o(.literal .text .literal.* .text.*)
 .text          0x0000000040082484       0x4c /opt/esp/xtensa-esp32-elf/bin/../lib/gcc/xtensa-esp32-elf/5.2.0/../../../../xtensa-esp32-elf/lib/libg.a(lib_a-s_fpclassify.o)
                0x0000000040082484                __fpclassifyd
 *lib_a-locale.o(.literal .text .literal.* .text.*)
 .text          0x00000000400824d0       0x77 /opt/esp/xtensa-esp32-elf/bin/../lib/gcc/xtensa-esp32-elf/5.2.0/../../../../xtensa-esp32-elf/lib/libg.a(lib_a-locale.o)
                                         0x82 (size before relaxing)
                0x00000000400824d0                _setlocale_r
                0x0000000040082500                __locale_charset
                0x0000000040082508                __locale_mb_cur_max
                0x0000000040082510                __locale_msgcharset
                0x0000000040082518                __locale_cjk_lang
                0x0000000040082520                _localeconv_r
                0x0000000040082528                setlocale
                0x000000004008253c                localeconv
 *lib_a-asctime.o(.literal .text .literal.* .text.*)
 *lib_a-ctime.o(.literal .text .literal.* .text.*)
 *lib_a-ctime_r.o(.literal .text .literal.* .text.*)
 *lib_a-lcltime.o(.literal .text .literal.* .text.*)
 *fill*         0x0000000040082547        0x1 
 .text          0x0000000040082548       0x20 /opt/esp/xtensa-esp32-elf/bin/../lib/gcc/xtensa-esp32-elf/5.2.0/../../../../xtensa-esp32-elf/lib/libg.a(lib_a-lcltime.o)
                                         0x28 (size before relaxing)
                0x0000000040082548                localtime
 *fill*         0x0000000040082568        0x0 
 *lib_a-lcltime_r.o(.literal .text .literal.* .text.*)
 .text          0x0000000040082568      0x249 /opt/esp/xtensa-esp32-elf/bin/../lib/gcc/xtensa-esp32-elf/5.2.0/../../../../xtensa-esp32-elf/lib/libg.a(lib_a-lcltime_r.o)
                                        0x254 (size before relaxing)
                0x0000000040082568                localtime_r
 *lib_a-gmtime.o(.literal .text .literal.* .text.*)
 *lib_a-gmtime_r.o(.literal .text .literal.* .text.*)
 *fill*         0x00000000400827b1        0x3 
 .text          0x00000000400827b4      0x176 /opt/esp/xtensa-esp32-elf/bin/../lib/gcc/xtensa-esp32-elf/5.2.0/../../../../xtensa-esp32-elf/lib/libg.a(lib_a-gmtime_r.o)
                0x00000000400827b4                gmtime_r
 *lib_a-strftime.o(.literal .text .literal.* .text.*)
 *lib_a-mktime.o(.literal .text .literal.* .text.*)
 *fill*         0x000000004008292a        0x2 
 .text          0x000000004008292c      0x571 /opt/esp/xtensa-esp32-elf/bin/../lib/gcc/xtensa-esp32-elf/5.2.0/../../../../xtensa-esp32-elf/lib/libg.a(lib_a-mktime.o)
                0x0000000040082b38                mktime
 *fill*         0x0000000040082e9d        0x0 
 *lib_a-syswrite.o(.literal .text .literal.* .text.*)
 *fill*         0x0000000040082e9d        0x3 
 .text          0x0000000040082ea0       0x15 /opt/esp/xtensa-esp32-elf/bin/../lib/gcc/xtensa-esp32-elf/5.2.0/../../../../xtensa-esp32-elf/lib/libg.a(lib_a-syswrite.o)
                                         0x19 (size before relaxing)
                0x0000000040082ea0                write
 *fill*         0x0000000040082eb5        0x0 
 *lib_a-tzset_r.o(.literal .text .literal.* .text.*)
 *lib_a-tzset.o(.literal .text .literal.* .text.*)
 *lib_a-toupper.o(.literal .text .literal.* .text.*)
 *lib_a-tolower.o(.literal .text .literal.* .text.*)
 *lib_a-toascii.o(.literal .text .literal.* .text.*)
 *lib_a-systimes.o(.literal .text .literal.* .text.*)
 *lib_a-time.o(.literal .text .literal.* .text.*)
 *lib_a-bsd_qsort_r.o(.literal .text .literal.* .text.*)
 *lib_a-qsort_r.o(.literal .text .literal.* .text.*)
 *lib_a-gettzinfo.o(.literal .text .literal.* .text.*)
 *fill*         0x0000000040082eb5        0x3 
 .text          0x0000000040082eb8        0x8 /opt/esp/xtensa-esp32-elf/bin/../lib/gcc/xtensa-esp32-elf/5.2.0/../../../../xtensa-esp32-elf/lib/libg.a(lib_a-gettzinfo.o)
                0x0000000040082eb8                __gettzinfo
 *fill*         0x0000000040082ec0        0x0 
 *lib_a-strupr.o(.literal .text .literal.* .text.*)
 *lib_a-asctime_r.o(.literal .text .literal.* .text.*)
 *lib_a-bzero.o(.literal .text .literal.* .text.*)
 *lib_a-close.o(.literal .text .literal.* .text.*)
 *lib_a-creat.o(.literal .text .literal.* .text.*)
 *lib_a-environ.o(.literal .text .literal.* .text.*)
 *lib_a-fclose.o(.literal .text .literal.* .text.*)
 .text          0x0000000040082ec0       0xde /opt/esp/xtensa-esp32-elf/bin/../lib/gcc/xtensa-esp32-elf/5.2.0/../../../../xtensa-esp32-elf/lib/libg.a(lib_a-fclose.o)
                                        0x102 (size before relaxing)
                0x0000000040082ec0                _fclose_r
                0x0000000040082f8c                fclose
 *lib_a-isalnum.o(.literal .text .literal.* .text.*)
 *lib_a-isalpha.o(.literal .text .literal.* .text.*)
 *lib_a-isascii.o(.literal .text .literal.* .text.*)
 *lib_a-isblank.o(.literal .text .literal.* .text.*)
 *lib_a-iscntrl.o(.literal .text .literal.* .text.*)
 *lib_a-isdigit.o(.literal .text .literal.* .text.*)
 *lib_a-isgraph.o(.literal .text .literal.* .text.*)
 *lib_a-islower.o(.literal .text .literal.* .text.*)
 *lib_a-isprint.o(.literal .text .literal.* .text.*)
 *lib_a-ispunct.o(.literal .text .literal.* .text.*)
 *lib_a-isspace.o(.literal .text .literal.* .text.*)
 *lib_a-isupper.o(.literal .text .literal.* .text.*)
 *lib_a-memccpy.o(.literal .text .literal.* .text.*)
 *lib_a-memchr.o(.literal .text .literal.* .text.*)
 *fill*         0x0000000040082f9e        0x2 
 .text          0x0000000040082fa0       0x1b /opt/esp/xtensa-esp32-elf/bin/../lib/gcc/xtensa-esp32-elf/5.2.0/../../../../xtensa-esp32-elf/lib/libg.a(lib_a-memchr.o)
                0x0000000040082fa0                memchr
 *lib_a-memcmp.o(.literal .text .literal.* .text.*)
 *fill*         0x0000000040082fbb        0x1 
 .text          0x0000000040082fbc       0x21 /opt/esp/xtensa-esp32-elf/bin/../lib/gcc/xtensa-esp32-elf/5.2.0/../../../../xtensa-esp32-elf/lib/libg.a(lib_a-memcmp.o)
                0x0000000040082fbc                memcmp
 *lib_a-memcpy.o(.literal .text .literal.* .text.*)
 *fill*         0x0000000040082fdd        0x3 
 .text          0x0000000040082fe0      0x135 /opt/esp/xtensa-esp32-elf/bin/../lib/gcc/xtensa-esp32-elf/5.2.0/../../../../xtensa-esp32-elf/lib/libg.a(lib_a-memcpy.o)
                0x0000000040083020                memcpy
 *lib_a-memmove.o(.literal .text .literal.* .text.*)
 *fill*         0x0000000040083115        0x3 
 .text          0x0000000040083118       0x3b /opt/esp/xtensa-esp32-elf/bin/../lib/gcc/xtensa-esp32-elf/5.2.0/../../../../xtensa-esp32-elf/lib/libg.a(lib_a-memmove.o)
                0x0000000040083118                memmove
 *lib_a-memrchr.o(.literal .text .literal.* .text.*)
 *lib_a-memset.o(.literal .text .literal.* .text.*)
 *fill*         0x0000000040083153        0x1 
 .text          0x0000000040083154       0x74 /opt/esp/xtensa-esp32-elf/bin/../lib/gcc/xtensa-esp32-elf/5.2.0/../../../../xtensa-esp32-elf/lib/libg.a(lib_a-memset.o)
                0x000000004008317c                memset
 *lib_a-open.o(.literal .text .literal.* .text.*)
 *lib_a-rand.o(.literal .text .literal.* .text.*)
 .text          0x00000000400831c8       0xcf /opt/esp/xtensa-esp32-elf/bin/../lib/gcc/xtensa-esp32-elf/5.2.0/../../../../xtensa-esp32-elf/lib/libg.a(lib_a-rand.o)
                                         0xd7 (size before relaxing)
                0x00000000400831c8                srand
                0x000000004008321c                rand
 *lib_a-rand_r.o(.literal .text .literal.* .text.*)
 *lib_a-read.o(.literal .text .literal.* .text.*)
 *lib_a-rshift.o(.literal .text .literal.* .text.*)
 *lib_a-sbrk.o(.literal .text .literal.* .text.*)
 *lib_a-srand.o(.literal .text .literal.* .text.*)
 *lib_a-strcasecmp.o(.literal .text .literal.* .text.*)
 *lib_a-strcasestr.o(.literal .text .literal.* .text.*)
 *lib_a-strcat.o(.literal .text .literal.* .text.*)
 *lib_a-strchr.o(.literal .text .literal.* .text.*)
 *fill*         0x0000000040083297        0x1 
 .text          0x0000000040083298       0x1a /opt/esp/xtensa-esp32-elf/bin/../lib/gcc/xtensa-esp32-elf/5.2.0/../../../../xtensa-esp32-elf/lib/libg.a(lib_a-strchr.o)
                0x0000000040083298                strchr
 *lib_a-strcmp.o(.literal .text .literal.* .text.*)
 *fill*         0x00000000400832b2        0x2 
 .text          0x00000000400832b4      0x123 /opt/esp/xtensa-esp32-elf/bin/../lib/gcc/xtensa-esp32-elf/5.2.0/../../../../xtensa-esp32-elf/lib/libg.a(lib_a-strcmp.o)
                0x00000000400832b4                strcmp
 *fill*         0x00000000400833d7        0x0 
 *lib_a-strcoll.o(.literal .text .literal.* .text.*)
 *lib_a-strcpy.o(.literal .text .literal.* .text.*)
 *fill*         0x00000000400833d7        0x1 
 .text          0x00000000400833d8       0x90 /opt/esp/xtensa-esp32-elf/bin/../lib/gcc/xtensa-esp32-elf/5.2.0/../../../../xtensa-esp32-elf/lib/libg.a(lib_a-strcpy.o)
                0x00000000400833d8                strcpy
 *fill*         0x0000000040083468        0x0 
 *lib_a-strcspn.o(.literal .text .literal.* .text.*)
 *lib_a-strdup.o(.literal .text .literal.* .text.*)
 *lib_a-strlcat.o(.literal .text .literal.* .text.*)
 *lib_a-strlcpy.o(.literal .text .literal.* .text.*)
 *lib_a-strlen.o(.literal .text .literal.* .text.*)
 .text          0x0000000040083468       0x63 /opt/esp/xtensa-esp32-elf/bin/../lib/gcc/xtensa-esp32-elf/5.2.0/../../../../xtensa-esp32-elf/lib/libg.a(lib_a-strlen.o)
                0x0000000040083468                strlen
 *lib_a-strlwr.o(.literal .text .literal.* .text.*)
 *lib_a-strncasecmp.o(.literal .text .literal.* .text.*)
 *lib_a-strncat.o(.literal .text .literal.* .text.*)
 *lib_a-strncmp.o(.literal .text .literal.* .text.*)
 *fill*         0x00000000400834cb        0x1 
 .text          0x00000000400834cc       0x38 /opt/esp/xtensa-esp32-elf/bin/../lib/gcc/xtensa-esp32-elf/5.2.0/../../../../xtensa-esp32-elf/lib/libg.a(lib_a-strncmp.o)
                0x00000000400834cc                strncmp
 *lib_a-strncpy.o(.literal .text .literal.* .text.*)
 .text          0x0000000040083504      0x113 /opt/esp/xtensa-esp32-elf/bin/../lib/gcc/xtensa-esp32-elf/5.2.0/../../../../xtensa-esp32-elf/lib/libg.a(lib_a-strncpy.o)
                0x000000004008353c                strncpy
 *lib_a-strndup.o(.literal .text .literal.* .text.*)
 *lib_a-strnlen.o(.literal .text .literal.* .text.*)
 *lib_a-strrchr.o(.literal .text .literal.* .text.*)
 *fill*         0x0000000040083617        0x1 
 .text          0x0000000040083618       0x2c /opt/esp/xtensa-esp32-elf/bin/../lib/gcc/xtensa-esp32-elf/5.2.0/../../../../xtensa-esp32-elf/lib/libg.a(lib_a-strrchr.o)
                0x0000000040083618                strrchr
 *fill*         0x0000000040083644        0x0 
 *lib_a-strsep.o(.literal .text .literal.* .text.*)
 *lib_a-strspn.o(.literal .text .literal.* .text.*)
 *lib_a-strstr.o(.literal .text .literal.* .text.*)
 *lib_a-strtok_r.o(.literal .text .literal.* .text.*)
 *lib_a-strupr.o(.literal .text .literal.* .text.*)
 *lib_a-stdio.o(.literal .text .literal.* .text.*)
 .text          0x0000000040083644       0xb2 /opt/esp/xtensa-esp32-elf/bin/../lib/gcc/xtensa-esp32-elf/5.2.0/../../../../xtensa-esp32-elf/lib/libg.a(lib_a-stdio.o)
                                         0xbe (size before relaxing)
                0x0000000040083644                __sread
                0x0000000040083674                __seofread
                0x000000004008367c                __swrite
                0x00000000400836b0                __sseek
                0x00000000400836e4                __sclose
 *lib_a-syssbrk.o(.literal .text .literal.* .text.*)
 *lib_a-sysclose.o(.literal .text .literal.* .text.*)
 *lib_a-sysopen.o(.literal .text .literal.* .text.*)
 *creat.o(.literal .text .literal.* .text.*)
 *lib_a-sysread.o(.literal .text .literal.* .text.*)
 *lib_a-syswrite.o(.literal .text .literal.* .text.*)
 *lib_a-impure.o(.literal .text .literal.* .text.*)
 *lib_a-tzvars.o(.literal .text .literal.* .text.*)
 *lib_a-sf_nan.o(.literal .text .literal.* .text.*)
 *lib_a-tzcalc_limits.o(.literal .text .literal.* .text.*)
 *fill*         0x00000000400836f6        0x2 
 .text          0x00000000400836f8      0x166 /opt/esp/xtensa-esp32-elf/bin/../lib/gcc/xtensa-esp32-elf/5.2.0/../../../../xtensa-esp32-elf/lib/libg.a(lib_a-tzcalc_limits.o)
                                        0x16a (size before relaxing)
                0x00000000400836f8                __tzcalc_limits
 *fill*         0x000000004008385e        0x0 
 *lib_a-month_lengths.o(.literal .text .literal.* .text.*)
 *lib_a-timelocal.o(.literal .text .literal.* .text.*)
 *lib_a-findfp.o(.literal .text .literal.* .text.*)
 *fill*         0x000000004008385e        0x2 
 .text          0x0000000040083860      0x215 /opt/esp/xtensa-esp32-elf/bin/../lib/gcc/xtensa-esp32-elf/5.2.0/../../../../xtensa-esp32-elf/lib/libg.a(lib_a-findfp.o)
                                        0x24f (size before relaxing)
                0x0000000040083860                _cleanup_r
                0x00000000400838e0                __sfmoreglue
                0x0000000040083910                _cleanup
                0x0000000040083920                __sfp_lock_acquire
                0x000000004008392c                __sfp_lock_release
                0x0000000040083938                __sinit_lock_acquire
                0x0000000040083944                __sinit_lock_release
                0x0000000040083950                __sinit
                0x00000000400839a8                __sfp
                0x0000000040083a50                __fp_lock_all
                0x0000000040083a64                __fp_unlock_all
 *fill*         0x0000000040083a75        0x0 
 *lock.o(.literal .text .literal.* .text.*)
 *fill*         0x0000000040083a75        0x3 
 .text          0x0000000040083a78       0x17 /opt/esp/xtensa-esp32-elf/bin/../lib/gcc/xtensa-esp32-elf/5.2.0/../../../../xtensa-esp32-elf/lib/libg.a(lib_a-mlock.o)
                                         0x1e (size before relaxing)
                0x0000000040083a78                __malloc_lock
                0x0000000040083a84                __malloc_unlock
 *fill*         0x0000000040083a8f        0x1 
 .text          0x0000000040083a90       0x17 /opt/esp/xtensa-esp32-elf/bin/../lib/gcc/xtensa-esp32-elf/5.2.0/../../../../xtensa-esp32-elf/lib/libg.a(lib_a-tzlock.o)
                                         0x1e (size before relaxing)
                0x0000000040083a90                __tz_lock
                0x0000000040083a9c                __tz_unlock
 *fill*         0x0000000040083aa7        0x0 
 *fill*         0x0000000040083aa7        0x0 
 *lib_a-getenv_r.o(.literal .text .literal.* .text.*)
 *isatty.o(.literal .text .literal.* .text.*)
 *lib_a-fwalk.o(.literal .text .literal.* .text.*)
 *fill*         0x0000000040083aa7        0x1 
 .text          0x0000000040083aa8       0x77 /opt/esp/xtensa-esp32-elf/bin/../lib/gcc/xtensa-esp32-elf/5.2.0/../../../../xtensa-esp32-elf/lib/libg.a(lib_a-fwalk.o)
                0x0000000040083aa8                _fwalk
                0x0000000040083ae0                _fwalk_reent
 *lib_a-getenv_r.o(.literal .text .literal.* .text.*)
 *lib_a-tzlock.o(.literal .text .literal.* .text.*)
 *lib_a-ctype_.o(.literal .text .literal.* .text.*)
 *lib_a-sccl.o(.literal .text .literal.* .text.*)
 *lib_a-strptime.o(.literal .text .literal.* .text.*)
 *lib_a-envlock.o(.literal .text .literal.* .text.*)
 *lib_a-raise.o(.literal .text .literal.* .text.*)
 *lib_a-strdup_r.o(.literal .text .literal.* .text.*)
 *lib_a-system.o(.literal .text .literal.* .text.*)
 *lib_a-strndup_r.o(.literal .text .literal.* .text.*)
                0x0000000040083b1f                _iram_text_end = ABSOLUTE (.)

.dram0.data     0x000000003ffb0000     0x1348
                0x000000003ffb0000                _data_start = ABSOLUTE (.)
 *(.data)
 .data          0x000000003ffb0000      0x208 /data/riotbuild/riotbase/examples/gnrc_networking/bin/esp32-mh-et-live-minikit/xtensa/xtensa_intr_asm.o
                0x000000003ffb0000                _xt_intenable
                0x000000003ffb0000                _xt_intdata
                0x000000003ffb0004                _xt_vpri_mask
                0x000000003ffb0008                _xt_interrupt_table
                0x000000003ffb0108                _xt_exception_table
 *fill*         0x000000003ffb0208        0x8 
 .data          0x000000003ffb0210        0x4 /data/riotbuild/riotbase/examples/gnrc_networking/bin/esp32-mh-et-live-minikit/xtensa/xtensa_vectors.o
                0x000000003ffb0210                _xt_coproc_owner_sa
 *fill*         0x000000003ffb0214        0xc 
 .data          0x000000003ffb0220      0x804 /data/riotbuild/riotbase/examples/gnrc_networking/bin/esp32-mh-et-live-minikit/xtensa/portasm.o
                0x000000003ffb0220                port_IntStack
                0x000000003ffb0a20                port_IntStackTop
 .data          0x000000003ffb0a24      0x410 /opt/esp/xtensa-esp32-elf/bin/../lib/gcc/xtensa-esp32-elf/5.2.0/../../../../xtensa-esp32-elf/lib/libg.a(lib_a-mallocr.o)
                0x000000003ffb0a24                __malloc_sbrk_base
                0x000000003ffb0a28                __malloc_trim_threshold
                0x000000003ffb0a2c                __malloc_av_
 .data          0x000000003ffb0e34       0x40 /opt/esp/xtensa-esp32-elf/bin/../lib/gcc/xtensa-esp32-elf/5.2.0/../../../../xtensa-esp32-elf/lib/libg.a(lib_a-gettzinfo.o)
 *(.data.*)
 .data.heap_top
                0x000000003ffb0e74        0x4 /data/riotbuild/riotbase/examples/gnrc_networking/bin/esp32-mh-et-live-minikit/newlib_syscalls_default/syscalls.o
                0x000000003ffb0e74                heap_top
 .data._initial_exit
                0x000000003ffb0e78        0x1 /data/riotbuild/riotbase/examples/gnrc_networking/bin/esp32-mh-et-live-minikit/cpu/thread_arch.o
 *fill*         0x000000003ffb0e79        0x3 
 .data.s_stub_table
                0x000000003ffb0e7c       0x90 /data/riotbuild/riotbase/examples/gnrc_networking/bin/esp32-mh-et-live-minikit/cpu/syscalls.o
 .data._new_line
                0x000000003ffb0f0c        0x1 /data/riotbuild/riotbase/examples/gnrc_networking/bin/esp32-mh-et-live-minikit/cpu/log_module.o
                0x000000003ffb0f0c                _new_line
 *fill*         0x000000003ffb0f0d        0x3 
 .data._uarts   0x000000003ffb0f10       0x6c /data/riotbuild/riotbase/examples/gnrc_networking/bin/esp32-mh-et-live-minikit/periph/uart.o
 .data._gpio_pin_usage_str
                0x000000003ffb0f7c       0x2c /data/riotbuild/riotbase/examples/gnrc_networking/bin/esp32-mh-et-live-minikit/periph/gpio.o
                0x000000003ffb0f7c                _gpio_pin_usage_str
 .data._gpio_pin_usage
                0x000000003ffb0fa8       0xa0 /data/riotbuild/riotbase/examples/gnrc_networking/bin/esp32-mh-et-live-minikit/periph/gpio.o
                0x000000003ffb0fa8                _gpio_pin_usage
 .data.stdio_uart_isrpipe
                0x000000003ffb1048       0x14 /data/riotbuild/riotbase/examples/gnrc_networking/bin/esp32-mh-et-live-minikit/stdio_uart/stdio_uart.o
                0x000000003ffb1048                stdio_uart_isrpipe
 .data.idle_name
                0x000000003ffb105c        0x4 /data/riotbuild/riotbase/examples/gnrc_networking/bin/esp32-mh-et-live-minikit/core/kernel_init.o
                0x000000003ffb105c                idle_name
 .data.main_name
                0x000000003ffb1060        0x4 /data/riotbuild/riotbase/examples/gnrc_networking/bin/esp32-mh-et-live-minikit/core/kernel_init.o
                0x000000003ffb1060                main_name
 .data.server   0x000000003ffb1064        0xc /data/riotbuild/riotbase/examples/gnrc_networking/bin/esp32-mh-et-live-minikit/application_gnrc_networking/udp.o
 .data.gnrc_rpl_of0
                0x000000003ffb1070       0x20 /data/riotbuild/riotbase/examples/gnrc_networking/bin/esp32-mh-et-live-minikit/gnrc_rpl/of0.o
 .data.lastused
                0x000000003ffb1090        0x1 /data/riotbuild/riotbase/examples/gnrc_networking/bin/esp32-mh-et-live-minikit/luid/luid.o
 *(.gnu.linkonce.d.*)
 *(.data1)
 *(.sdata)
 *(.sdata.*)
 *(.gnu.linkonce.s.*)
 *(.sdata2)
 *(.sdata2.*)
 *(.gnu.linkonce.s2.*)
 *(.jcr)
 *(.dram1 .dram1.*)
 *libesp32.a:panic.o(.rodata .rodata.*)
 *libphy.a:(.rodata .rodata.*)
 *libsoc.a:rtc_clk.o(.rodata .rodata.*)
 *libapp_trace.a:(.rodata .rodata.*)
 *libgcov.a:(.rodata .rodata.*)
 *libheap.a:multi_heap.o(.rodata .rodata.*)
 *libheap.a:multi_heap_poisoning.o(.rodata .rodata.*)
 *lib_a-utoa.o(.rodata .rodata.*)
 *lib_a-longjmp.o(.rodata .rodata.*)
 *lib_a-setjmp.o(.rodata .rodata.*)
 *lib_a-abs.o(.rodata .rodata.*)
 *lib_a-div.o(.rodata .rodata.*)
 *lib_a-labs.o(.rodata .rodata.*)
 *lib_a-ldiv.o(.rodata .rodata.*)
 *lib_a-quorem.o(.rodata .rodata.*)
 *lib_a-qsort.o(.rodata .rodata.*)
 *lib_a-utoa.o(.rodata .rodata.*)
 *lib_a-itoa.o(.rodata .rodata.*)
 *lib_a-atoi.o(.rodata .rodata.*)
 *lib_a-atol.o(.rodata .rodata.*)
 *lib_a-strtol.o(.rodata .rodata.*)
 *lib_a-strtoul.o(.rodata .rodata.*)
 *lib_a-wcrtomb.o(.rodata .rodata.*)
 *lib_a-fvwrite.o(.rodata .rodata.*)
 *lib_a-wbuf.o(.rodata .rodata.*)
 *lib_a-wsetup.o(.rodata .rodata.*)
 *lib_a-fputwc.o(.rodata .rodata.*)
 *lib_a-wctomb_r.o(.rodata .rodata.*)
 *fill*         0x000000003ffb1091        0x3 
 .rodata        0x000000003ffb1094        0x4 /opt/esp/xtensa-esp32-elf/bin/../lib/gcc/xtensa-esp32-elf/5.2.0/../../../../xtensa-esp32-elf/lib/libg.a(lib_a-wctomb_r.o)
                0x000000003ffb1094                __wctomb
 *lib_a-ungetc.o(.rodata .rodata.*)
 *lib_a-makebuf.o(.rodata .rodata.*)
 *lib_a-fflush.o(.rodata .rodata.*)
 *lib_a-refill.o(.rodata .rodata.*)
 *lib_a-s_fpclassify.o(.rodata .rodata.*)
 *lib_a-locale.o(.rodata .rodata.*)
 .rodata.str1.1
                0x000000003ffb1098        0xa /opt/esp/xtensa-esp32-elf/bin/../lib/gcc/xtensa-esp32-elf/5.2.0/../../../../xtensa-esp32-elf/lib/libg.a(lib_a-locale.o)
                                          0xb (size before relaxing)
 *fill*         0x000000003ffb10a2        0x2 
 .rodata        0x000000003ffb10a4       0x7c /opt/esp/xtensa-esp32-elf/bin/../lib/gcc/xtensa-esp32-elf/5.2.0/../../../../xtensa-esp32-elf/lib/libg.a(lib_a-locale.o)
                0x000000003ffb111c                __mb_cur_max
 *lib_a-asctime.o(.rodata .rodata.*)
 *lib_a-ctime.o(.rodata .rodata.*)
 *lib_a-ctime_r.o(.rodata .rodata.*)
 *lib_a-lcltime.o(.rodata .rodata.*)
 *lib_a-lcltime_r.o(.rodata .rodata.*)
 *lib_a-gmtime.o(.rodata .rodata.*)
 *lib_a-gmtime_r.o(.rodata .rodata.*)
 *lib_a-strftime.o(.rodata .rodata.*)
 *lib_a-mktime.o(.rodata .rodata.*)
 .rodata        0x000000003ffb1120       0x60 /opt/esp/xtensa-esp32-elf/bin/../lib/gcc/xtensa-esp32-elf/5.2.0/../../../../xtensa-esp32-elf/lib/libg.a(lib_a-mktime.o)
 *lib_a-syswrite.o(.rodata .rodata.*)
 *lib_a-tzset_r.o(.rodata .rodata.*)
 *lib_a-tzset.o(.rodata .rodata.*)
 *lib_a-toupper.o(.rodata .rodata.*)
 *lib_a-tolower.o(.rodata .rodata.*)
 *lib_a-toascii.o(.rodata .rodata.*)
 *lib_a-systimes.o(.rodata .rodata.*)
 *lib_a-time.o(.rodata .rodata.*)
 *lib_a-bsd_qsort_r.o(.rodata .rodata.*)
 *lib_a-qsort_r.o(.rodata .rodata.*)
 *lib_a-gettzinfo.o(.rodata .rodata.*)
 *lib_a-strupr.o(.rodata .rodata.*)
 *lib_a-asctime_r.o(.rodata .rodata.*)
 *lib_a-bzero.o(.rodata .rodata.*)
 *lib_a-close.o(.rodata .rodata.*)
 *lib_a-creat.o(.rodata .rodata.*)
 *lib_a-environ.o(.rodata .rodata.*)
 *lib_a-fclose.o(.rodata .rodata.*)
 *lib_a-isalnum.o(.rodata .rodata.*)
 *lib_a-isalpha.o(.rodata .rodata.*)
 *lib_a-isascii.o(.rodata .rodata.*)
 *lib_a-isblank.o(.rodata .rodata.*)
 *lib_a-iscntrl.o(.rodata .rodata.*)
 *lib_a-isdigit.o(.rodata .rodata.*)
 *lib_a-isgraph.o(.rodata .rodata.*)
 *lib_a-islower.o(.rodata .rodata.*)
 *lib_a-isprint.o(.rodata .rodata.*)
 *lib_a-ispunct.o(.rodata .rodata.*)
 *lib_a-isspace.o(.rodata .rodata.*)
 *lib_a-isupper.o(.rodata .rodata.*)
 *lib_a-memccpy.o(.rodata .rodata.*)
 *lib_a-memchr.o(.rodata .rodata.*)
 *lib_a-memcmp.o(.rodata .rodata.*)
 *lib_a-memcpy.o(.rodata .rodata.*)
 *lib_a-memmove.o(.rodata .rodata.*)
 *lib_a-memrchr.o(.rodata .rodata.*)
 *lib_a-memset.o(.rodata .rodata.*)
 *lib_a-open.o(.rodata .rodata.*)
 *lib_a-rand.o(.rodata .rodata.*)
 *lib_a-rand_r.o(.rodata .rodata.*)
 *lib_a-read.o(.rodata .rodata.*)
 *lib_a-rshift.o(.rodata .rodata.*)
 *lib_a-sbrk.o(.rodata .rodata.*)
 *lib_a-srand.o(.rodata .rodata.*)
 *lib_a-strcasecmp.o(.rodata .rodata.*)
 *lib_a-strcasestr.o(.rodata .rodata.*)
 *lib_a-strcat.o(.rodata .rodata.*)
 *lib_a-strchr.o(.rodata .rodata.*)
 *lib_a-strcmp.o(.rodata .rodata.*)
 *lib_a-strcoll.o(.rodata .rodata.*)
 *lib_a-strcpy.o(.rodata .rodata.*)
 *lib_a-strcspn.o(.rodata .rodata.*)
 *lib_a-strdup.o(.rodata .rodata.*)
 *lib_a-strlcat.o(.rodata .rodata.*)
 *lib_a-strlcpy.o(.rodata .rodata.*)
 *lib_a-strlen.o(.rodata .rodata.*)
 *lib_a-strlwr.o(.rodata .rodata.*)
 *lib_a-strncasecmp.o(.rodata .rodata.*)
 *lib_a-strncat.o(.rodata .rodata.*)
 *lib_a-strncmp.o(.rodata .rodata.*)
 *lib_a-strncpy.o(.rodata .rodata.*)
 *lib_a-strndup.o(.rodata .rodata.*)
 *lib_a-strnlen.o(.rodata .rodata.*)
 *lib_a-strrchr.o(.rodata .rodata.*)
 *lib_a-strsep.o(.rodata .rodata.*)
 *lib_a-strspn.o(.rodata .rodata.*)
 *lib_a-strstr.o(.rodata .rodata.*)
 *lib_a-strtok_r.o(.rodata .rodata.*)
 *lib_a-strupr.o(.rodata .rodata.*)
 *lib_a-stdio.o(.rodata .rodata.*)
 *lib_a-syssbrk.o(.rodata .rodata.*)
 *lib_a-sysclose.o(.rodata .rodata.*)
 *lib_a-sysopen.o(.rodata .rodata.*)
 *creat.o(.rodata .rodata.*)
 *lib_a-sysread.o(.rodata .rodata.*)
 *lib_a-syswrite.o(.rodata .rodata.*)
 *lib_a-impure.o(.rodata .rodata.*)
 *lib_a-tzvars.o(.rodata .rodata.*)
 *lib_a-sf_nan.o(.rodata .rodata.*)
 *lib_a-tzcalc_limits.o(.rodata .rodata.*)
 *lib_a-month_lengths.o(.rodata .rodata.*)
 .rodata        0x000000003ffb1180       0x60 /opt/esp/xtensa-esp32-elf/bin/../lib/gcc/xtensa-esp32-elf/5.2.0/../../../../xtensa-esp32-elf/lib/libg.a(lib_a-month_lengths.o)
                0x000000003ffb1180                __month_lengths
 *lib_a-timelocal.o(.rodata .rodata.*)
 *lib_a-findfp.o(.rodata .rodata.*)
 .rodata        0x000000003ffb11e0       0x60 /opt/esp/xtensa-esp32-elf/bin/../lib/gcc/xtensa-esp32-elf/5.2.0/../../../../xtensa-esp32-elf/lib/libg.a(lib_a-findfp.o)
                0x000000003ffb11e0                __sf_fake_stderr
                0x000000003ffb1200                __sf_fake_stdout
                0x000000003ffb1220                __sf_fake_stdin
 *lock.o(.rodata .rodata.*)
 *lib_a-getenv_r.o(.rodata .rodata.*)
 *isatty.o(.rodata .rodata.*)
 *lib_a-fwalk.o(.rodata .rodata.*)
 *lib_a-getenv_r.o(.rodata .rodata.*)
 *lib_a-tzlock.o(.rodata .rodata.*)
 *lib_a-ctype_.o(.rodata .rodata.*)
 .rodata        0x000000003ffb1240      0x105 /opt/esp/xtensa-esp32-elf/bin/../lib/gcc/xtensa-esp32-elf/5.2.0/../../../../xtensa-esp32-elf/lib/libg.a(lib_a-ctype_.o)
                0x000000003ffb1240                __ctype_ptr__
                0x000000003ffb1244                _ctype_
 *lib_a-sccl.o(.rodata .rodata.*)
 *lib_a-strptime.o(.rodata .rodata.*)
 *lib_a-envlock.o(.rodata .rodata.*)
 *lib_a-raise.o(.rodata .rodata.*)
 *lib_a-strdup_r.o(.rodata .rodata.*)
 *lib_a-system.o(.rodata .rodata.*)
 *lib_a-strndup_r.o(.rodata .rodata.*)
                0x000000003ffb1345                _data_end = ABSOLUTE (.)
                0x000000003ffb1348                . = ALIGN (0x4)
 *fill*         0x000000003ffb1345        0x3 

.dram0.bss      0x000000003ffb1348     0x5dd8
                0x000000003ffb1348                . = ALIGN (0x8)
                0x000000003ffb1348                _bss_start = ABSOLUTE (.)
 *(.dynsbss)
 *(.sbss)
 *(.sbss.*)
 *(.gnu.linkonce.sb.*)
 *(.scommon)
 *(.sbss2)
 *(.sbss2.*)
 *(.gnu.linkonce.sb2.*)
 *(.dynbss)
 *(.bss)
 .bss           0x000000003ffb1348        0x4 /opt/esp/xtensa-esp32-elf/bin/../lib/gcc/xtensa-esp32-elf/5.2.0/../../../../xtensa-esp32-elf/lib/libg.a(lib_a-environ.o)
                0x000000003ffb1348                environ
 .bss           0x000000003ffb134c        0x4 /opt/esp/xtensa-esp32-elf/bin/../lib/gcc/xtensa-esp32-elf/5.2.0/../../../../xtensa-esp32-elf/lib/libg.a(lib_a-impure.o)
                0x000000003ffb134c                _global_impure_ptr
 .bss           0x000000003ffb1350       0x34 /opt/esp/xtensa-esp32-elf/bin/../lib/gcc/xtensa-esp32-elf/5.2.0/../../../../xtensa-esp32-elf/lib/libg.a(lib_a-mallocr.o)
                0x000000003ffb1350                __malloc_current_mallinfo
                0x000000003ffb1378                __malloc_max_total_mem
                0x000000003ffb137c                __malloc_max_sbrked_mem
                0x000000003ffb1380                __malloc_top_pad
 .bss           0x000000003ffb1384        0x4 /opt/esp/xtensa-esp32-elf/bin/../lib/gcc/xtensa-esp32-elf/5.2.0/../../../../xtensa-esp32-elf/lib/libg.a(lib_a-mlock.o)
 .bss           0x000000003ffb1388        0x4 /opt/esp/xtensa-esp32-elf/bin/../lib/gcc/xtensa-esp32-elf/5.2.0/../../../../xtensa-esp32-elf/lib/libg.a(lib_a-tzlock.o)
 .bss           0x000000003ffb138c        0x8 /opt/esp/xtensa-esp32-elf/bin/../lib/gcc/xtensa-esp32-elf/5.2.0/../../../../xtensa-esp32-elf/lib/libg.a(lib_a-tzvars.o)
                0x000000003ffb138c                _timezone
                0x000000003ffb1390                _daylight
 .bss           0x000000003ffb1394        0x4 /opt/esp/xtensa-esp32-elf/bin/../lib/gcc/xtensa-esp32-elf/5.2.0/../../../../xtensa-esp32-elf/lib/libg.a(lib_a-__call_atexit.o)
                0x000000003ffb1394                __atexit_lock
 .bss           0x000000003ffb1398        0x8 /opt/esp/xtensa-esp32-elf/bin/../lib/gcc/xtensa-esp32-elf/5.2.0/../../../../xtensa-esp32-elf/lib/libg.a(lib_a-findfp.o)
 *(.bss.*)
 .bss.runqueue_bitcache
                0x000000003ffb13a0        0x4 /data/riotbuild/riotbase/examples/gnrc_networking/bin/esp32-mh-et-live-minikit/core/sched.o
 .bss.sched_runqueues
                0x000000003ffb13a4       0x80 /data/riotbuild/riotbase/examples/gnrc_networking/bin/esp32-mh-et-live-minikit/core/sched.o
                0x000000003ffb13a4                sched_runqueues
 .bss.sched_active_pid
                0x000000003ffb1424        0x2 /data/riotbuild/riotbase/examples/gnrc_networking/bin/esp32-mh-et-live-minikit/core/sched.o
                0x000000003ffb1424                sched_active_pid
 *fill*         0x000000003ffb1426        0x2 
 .bss.sched_active_thread
                0x000000003ffb1428        0x4 /data/riotbuild/riotbase/examples/gnrc_networking/bin/esp32-mh-et-live-minikit/core/sched.o
                0x000000003ffb1428                sched_active_thread
 .bss.sched_threads
                0x000000003ffb142c       0x84 /data/riotbuild/riotbase/examples/gnrc_networking/bin/esp32-mh-et-live-minikit/core/sched.o
                0x000000003ffb142c                sched_threads
 .bss.sched_context_switch_request
                0x000000003ffb14b0        0x4 /data/riotbuild/riotbase/examples/gnrc_networking/bin/esp32-mh-et-live-minikit/core/sched.o
                0x000000003ffb14b0                sched_context_switch_request
 .bss.sched_num_threads
                0x000000003ffb14b4        0x4 /data/riotbuild/riotbase/examples/gnrc_networking/bin/esp32-mh-et-live-minikit/core/sched.o
                0x000000003ffb14b4                sched_num_threads
 .bss.s_reent   0x000000003ffb14b8       0xf0 /data/riotbuild/riotbase/examples/gnrc_networking/bin/esp32-mh-et-live-minikit/cpu/syscalls.o
 .bss._malloc_rmtx
                0x000000003ffb15a8        0x8 /data/riotbuild/riotbase/examples/gnrc_networking/bin/esp32-mh-et-live-minikit/cpu/syscalls.o
 .bss._printf_buf
                0x000000003ffb15b0      0x100 /data/riotbuild/riotbase/examples/gnrc_networking/bin/esp32-mh-et-live-minikit/cpu/log_module.o
                0x000000003ffb15b0                _printf_buf
 .bss.irq_interrupt_nesting
                0x000000003ffb16b0        0x4 /data/riotbuild/riotbase/examples/gnrc_networking/bin/esp32-mh-et-live-minikit/cpu/irq_arch.o
                0x000000003ffb16b0                irq_interrupt_nesting
 .bss.s_cur_freq
                0x000000003ffb16b4        0x4 /data/riotbuild/riotbase/examples/gnrc_networking/bin/esp32-mh-et-live-minikit/esp_idf_soc/rtc_clk.o
 .bss.s_cur_pll
                0x000000003ffb16b8        0x4 /data/riotbuild/riotbase/examples/gnrc_networking/bin/esp32-mh-et-live-minikit/esp_idf_soc/rtc_clk.o
 .bss._sys_alarm_time
                0x000000003ffb16bc        0x4 /data/riotbuild/riotbase/examples/gnrc_networking/bin/esp32-mh-et-live-minikit/periph/rtc.o
 .bss._rtc_alarm_arg
                0x000000003ffb16c0        0x4 /data/riotbuild/riotbase/examples/gnrc_networking/bin/esp32-mh-et-live-minikit/periph/rtc.o
 .bss._rtc_alarm_cb
                0x000000003ffb16c4        0x4 /data/riotbuild/riotbase/examples/gnrc_networking/bin/esp32-mh-et-live-minikit/periph/rtc.o
 .bss._rx_buf_mem
                0x000000003ffb16c8       0x40 /data/riotbuild/riotbase/examples/gnrc_networking/bin/esp32-mh-et-live-minikit/stdio_uart/stdio_uart.o
 .bss.long_list_head
                0x000000003ffb1708        0x4 /data/riotbuild/riotbase/examples/gnrc_networking/bin/esp32-mh-et-live-minikit/xtimer/xtimer_core.o
 .bss.overflow_list_head
                0x000000003ffb170c        0x4 /data/riotbuild/riotbase/examples/gnrc_networking/bin/esp32-mh-et-live-minikit/xtimer/xtimer_core.o
 .bss.timer_list_head
                0x000000003ffb1710        0x4 /data/riotbuild/riotbase/examples/gnrc_networking/bin/esp32-mh-et-live-minikit/xtimer/xtimer_core.o
 .bss._long_cnt
                0x000000003ffb1714        0x4 /data/riotbuild/riotbase/examples/gnrc_networking/bin/esp32-mh-et-live-minikit/xtimer/xtimer_core.o
 .bss._in_handler
                0x000000003ffb1718        0x4 /data/riotbuild/riotbase/examples/gnrc_networking/bin/esp32-mh-et-live-minikit/xtimer/xtimer_core.o
 .bss.crashed   0x000000003ffb171c        0x4 /data/riotbuild/riotbase/examples/gnrc_networking/bin/esp32-mh-et-live-minikit/core/panic.o
 .bss.idle_stack
                0x000000003ffb1720      0x800 /data/riotbuild/riotbase/examples/gnrc_networking/bin/esp32-mh-et-live-minikit/core/kernel_init.o
 .bss.main_stack
                0x000000003ffb1f20      0xc00 /data/riotbuild/riotbase/examples/gnrc_networking/bin/esp32-mh-et-live-minikit/core/kernel_init.o
 .bss.periph_spinlock
                0x000000003ffb2b20        0x4 /data/riotbuild/riotbase/examples/gnrc_networking/bin/esp32-mh-et-live-minikit/esp_idf_driver/periph_ctrl.o
 .bss._i2c_bus  0x000000003ffb2b24       0x24 /data/riotbuild/riotbase/examples/gnrc_networking/bin/esp32-mh-et-live-minikit/periph/i2c_sw.o
 .bss.timers    0x000000003ffb2b48       0x24 /data/riotbuild/riotbase/examples/gnrc_networking/bin/esp32-mh-et-live-minikit/periph/timer.o
 .bss.threads_arch_exts
                0x000000003ffb2b6c      0x108 /data/riotbuild/riotbase/examples/gnrc_networking/bin/esp32-mh-et-live-minikit/riot_freertos/task.o
                0x000000003ffb2b6c                threads_arch_exts
 .bss.dev       0x000000003ffb2c74       0x48 /data/riotbuild/riotbase/examples/gnrc_networking/bin/esp32-mh-et-live-minikit/application_gnrc_networking/main.o
                0x000000003ffb2c74                dev
 .bss._main_msg_queue
                0x000000003ffb2cbc       0x40 /data/riotbuild/riotbase/examples/gnrc_networking/bin/esp32-mh-et-live-minikit/application_gnrc_networking/main.o
 .bss.saul_reg_entries
                0x000000003ffb2cfc       0x10 /data/riotbuild/riotbase/examples/gnrc_networking/bin/esp32-mh-et-live-minikit/auto_init_saul/auto_init_gpio.o
 .bss.saul_entries
                0x000000003ffb2d0c       0x30 /data/riotbuild/riotbase/examples/gnrc_networking/bin/esp32-mh-et-live-minikit/auto_init_saul/auto_init_bmx280.o
 .bss.bmx280_devs
                0x000000003ffb2d3c       0x48 /data/riotbuild/riotbase/examples/gnrc_networking/bin/esp32-mh-et-live-minikit/auto_init_saul/auto_init_bmx280.o
 .bss.measurement_regs
                0x000000003ffb2d84        0x8 /data/riotbuild/riotbase/examples/gnrc_networking/bin/esp32-mh-et-live-minikit/bmx280/bmx280.o
 .bss.t_fine    0x000000003ffb2d8c        0x4 /data/riotbuild/riotbase/examples/gnrc_networking/bin/esp32-mh-et-live-minikit/bmx280/bmx280.o
 .bss.gnrc_ipv6_pid
                0x000000003ffb2d90        0x2 /data/riotbuild/riotbase/examples/gnrc_networking/bin/esp32-mh-et-live-minikit/gnrc_ipv6/gnrc_ipv6.o
                0x000000003ffb2d90                gnrc_ipv6_pid
 .bss._stack    0x000000003ffb2d92      0x800 /data/riotbuild/riotbase/examples/gnrc_networking/bin/esp32-mh-et-live-minikit/gnrc_ipv6/gnrc_ipv6.o
 *fill*         0x000000003ffb3592        0x2 
 .bss._queue_pool
                0x000000003ffb3594       0x20 /data/riotbuild/riotbase/examples/gnrc_networking/bin/esp32-mh-et-live-minikit/gnrc_ipv6_nib/nib.o
 .bss._nib_evtimer
                0x000000003ffb35b4       0x1c /data/riotbuild/riotbase/examples/gnrc_networking/bin/esp32-mh-et-live-minikit/gnrc_ipv6_nib/_nib-internal.o
                0x000000003ffb35b4                _nib_evtimer
 .bss._nib_mutex
                0x000000003ffb35d0        0x4 /data/riotbuild/riotbase/examples/gnrc_networking/bin/esp32-mh-et-live-minikit/gnrc_ipv6_nib/_nib-internal.o
                0x000000003ffb35d0                _nib_mutex
 .bss._def_routers
                0x000000003ffb35d4       0x14 /data/riotbuild/riotbase/examples/gnrc_networking/bin/esp32-mh-et-live-minikit/gnrc_ipv6_nib/_nib-internal.o
 .bss._dsts     0x000000003ffb35e8      0x200 /data/riotbuild/riotbase/examples/gnrc_networking/bin/esp32-mh-et-live-minikit/gnrc_ipv6_nib/_nib-internal.o
 .bss._nodes    0x000000003ffb37e8      0x160 /data/riotbuild/riotbase/examples/gnrc_networking/bin/esp32-mh-et-live-minikit/gnrc_ipv6_nib/_nib-internal.o
 .bss._next_removable
                0x000000003ffb3948        0x4 /data/riotbuild/riotbase/examples/gnrc_networking/bin/esp32-mh-et-live-minikit/gnrc_ipv6_nib/_nib-internal.o
 .bss._prime_def_router
                0x000000003ffb394c        0x4 /data/riotbuild/riotbase/examples/gnrc_networking/bin/esp32-mh-et-live-minikit/gnrc_ipv6_nib/_nib-internal.o
                0x000000003ffb394c                _prime_def_router
 .bss._netifs   0x000000003ffb3950      0x13c /data/riotbuild/riotbase/examples/gnrc_networking/bin/esp32-mh-et-live-minikit/gnrc_netif/gnrc_netif.o
 .bss.netreg    0x000000003ffb3a8c       0x10 /data/riotbuild/riotbase/examples/gnrc_networking/bin/esp32-mh-et-live-minikit/gnrc_netreg/gnrc_netreg.o
 .bss.max_byte_count
                0x000000003ffb3a9c        0x2 /data/riotbuild/riotbase/examples/gnrc_networking/bin/esp32-mh-et-live-minikit/gnrc_pktbuf_static/gnrc_pktbuf_static.o
 *fill*         0x000000003ffb3a9e        0x2 
 .bss._first_unused
                0x000000003ffb3aa0        0x4 /data/riotbuild/riotbase/examples/gnrc_networking/bin/esp32-mh-et-live-minikit/gnrc_pktbuf_static/gnrc_pktbuf_static.o
 .bss._pktbuf   0x000000003ffb3aa4     0x1800 /data/riotbuild/riotbase/examples/gnrc_networking/bin/esp32-mh-et-live-minikit/gnrc_pktbuf_static/gnrc_pktbuf_static.o
 .bss._mutex    0x000000003ffb52a4        0x4 /data/riotbuild/riotbase/examples/gnrc_networking/bin/esp32-mh-et-live-minikit/gnrc_pktbuf_static/gnrc_pktbuf_static.o
 .bss._stack    0x000000003ffb52a8      0xc00 /data/riotbuild/riotbase/examples/gnrc_networking/bin/esp32-mh-et-live-minikit/gnrc_pktdump/gnrc_pktdump.o
 .bss.gnrc_pktdump_pid
                0x000000003ffb5ea8        0x2 /data/riotbuild/riotbase/examples/gnrc_networking/bin/esp32-mh-et-live-minikit/gnrc_pktdump/gnrc_pktdump.o
                0x000000003ffb5ea8                gnrc_pktdump_pid
 *fill*         0x000000003ffb5eaa        0x2 
 .bss.gnrc_rpl_evtimer
                0x000000003ffb5eac       0x1c /data/riotbuild/riotbase/examples/gnrc_networking/bin/esp32-mh-et-live-minikit/gnrc_rpl/gnrc_rpl.o
                0x000000003ffb5eac                gnrc_rpl_evtimer
 .bss.gnrc_rpl_netstats
                0x000000003ffb5ec8       0x80 /data/riotbuild/riotbase/examples/gnrc_networking/bin/esp32-mh-et-live-minikit/gnrc_rpl/gnrc_rpl.o
                0x000000003ffb5ec8                gnrc_rpl_netstats
 .bss.gnrc_rpl_parents
                0x000000003ffb5f48       0xc0 /data/riotbuild/riotbase/examples/gnrc_networking/bin/esp32-mh-et-live-minikit/gnrc_rpl/gnrc_rpl.o
                0x000000003ffb5f48                gnrc_rpl_parents
 .bss.gnrc_rpl_instances
                0x000000003ffb6008       0x94 /data/riotbuild/riotbase/examples/gnrc_networking/bin/esp32-mh-et-live-minikit/gnrc_rpl/gnrc_rpl.o
                0x000000003ffb6008                gnrc_rpl_instances
 .bss._instance_id
                0x000000003ffb609c        0x1 /data/riotbuild/riotbase/examples/gnrc_networking/bin/esp32-mh-et-live-minikit/gnrc_rpl/gnrc_rpl.o
 *fill*         0x000000003ffb609d        0x3 
 .bss._inst_id_mutex
                0x000000003ffb60a0        0x4 /data/riotbuild/riotbase/examples/gnrc_networking/bin/esp32-mh-et-live-minikit/gnrc_rpl/gnrc_rpl.o
 .bss._me_reg   0x000000003ffb60a4        0xc /data/riotbuild/riotbase/examples/gnrc_networking/bin/esp32-mh-et-live-minikit/gnrc_rpl/gnrc_rpl.o
 .bss._msg_q    0x000000003ffb60b0       0x40 /data/riotbuild/riotbase/examples/gnrc_networking/bin/esp32-mh-et-live-minikit/gnrc_rpl/gnrc_rpl.o
 .bss.gnrc_rpl_pid
                0x000000003ffb60f0        0x2 /data/riotbuild/riotbase/examples/gnrc_networking/bin/esp32-mh-et-live-minikit/gnrc_rpl/gnrc_rpl.o
                0x000000003ffb60f0                gnrc_rpl_pid
 .bss._stack    0x000000003ffb60f2      0x800 /data/riotbuild/riotbase/examples/gnrc_networking/bin/esp32-mh-et-live-minikit/gnrc_rpl/gnrc_rpl.o
 *fill*         0x000000003ffb68f2        0x2 
 .bss.objective_functions
                0x000000003ffb68f4        0x4 /data/riotbuild/riotbase/examples/gnrc_networking/bin/esp32-mh-et-live-minikit/gnrc_rpl/gnrc_rpl_of_manager.o
 .bss._stack    0x000000003ffb68f8      0x800 /data/riotbuild/riotbase/examples/gnrc_networking/bin/esp32-mh-et-live-minikit/gnrc_udp/gnrc_udp.o
 .bss._pid      0x000000003ffb70f8        0x2 /data/riotbuild/riotbase/examples/gnrc_networking/bin/esp32-mh-et-live-minikit/gnrc_udp/gnrc_udp.o
 *fill*         0x000000003ffb70fa        0x2 
 .bss._random   0x000000003ffb70fc       0x1c /data/riotbuild/riotbase/examples/gnrc_networking/bin/esp32-mh-et-live-minikit/random/tinymt32.o
 .bss.saul_reg  0x000000003ffb7118        0x4 /data/riotbuild/riotbase/examples/gnrc_networking/bin/esp32-mh-et-live-minikit/saul_reg/saul_reg.o
                0x000000003ffb7118                saul_reg
 *(.share.mem)
 *(.gnu.linkonce.b.*)
 *(COMMON)
                0x000000003ffb7120                . = ALIGN (0x8)
 *fill*         0x000000003ffb711c        0x4 
                0x000000003ffb7120                _bss_end = ABSOLUTE (.)
                0x000000003ffb7120                _heap_start = ABSOLUTE (.)
                0x000000003ffb7120                _sheap = ABSOLUTE (.)
                0x000000003ffe0000                . = 0x3ffe0000
                0x000000003ffe0000                _heap_top = ABSOLUTE (.)
                0x000000003ffe0000                _eheap = ABSOLUTE (.)

.flash.rodata   0x000000003f400020     0x54d8
                0x000000003f400020                _rodata_start = ABSOLUTE (.)
 *(.rodata)
 .rodata        0x000000003f400020       0x18 /data/riotbuild/riotbase/examples/gnrc_networking/bin/esp32-mh-et-live-minikit/cpu/startup.o
 .rodata        0x000000003f400038        0x8 /data/riotbuild/riotbase/examples/gnrc_networking/bin/esp32-mh-et-live-minikit/esp_idf/esp_funcs.o
 .rodata        0x000000003f400040        0x2 /data/riotbuild/riotbase/examples/gnrc_networking/bin/esp32-mh-et-live-minikit/ps/ps.o
 *fill*         0x000000003f400042        0xe 
 .rodata        0x000000003f400050       0x64 /data/riotbuild/riotbase/examples/gnrc_networking/bin/esp32-mh-et-live-minikit/xtensa/xtensa_vectors.o
                0x000000003f400090                _xt_coproc_sa_offset
 .rodata        0x000000003f4000b4       0x20 /opt/esp/esp-idf/components/esp32/libhal.a(interrupts--intlevel.o)
                0x000000003f4000b4                Xthal_intlevel
 .rodata        0x000000003f4000d4      0x18c /opt/esp/xtensa-esp32-elf/bin/../lib/gcc/xtensa-esp32-elf/5.2.0/../../../../xtensa-esp32-elf/lib/libg.a(lib_a-vfprintf.o)
 .rodata        0x000000003f400260      0x128 /opt/esp/xtensa-esp32-elf/bin/../lib/gcc/xtensa-esp32-elf/5.2.0/../../../../xtensa-esp32-elf/lib/libg.a(lib_a-mprec.o)
                0x000000003f400270                __mprec_tinytens
                0x000000003f400298                __mprec_bigtens
                0x000000003f4002c0                __mprec_tens
 .rodata        0x000000003f400388      0x18c /opt/esp/xtensa-esp32-elf/bin/../lib/gcc/xtensa-esp32-elf/5.2.0/../../../../xtensa-esp32-elf/lib/libg.a(lib_a-svfprintf.o)
 .rodata        0x000000003f400514      0x18c /opt/esp/xtensa-esp32-elf/bin/../lib/gcc/xtensa-esp32-elf/5.2.0/../../../../xtensa-esp32-elf/lib/libg.a(lib_a-vfiprintf.o)
 .rodata        0x000000003f4006a0      0x18c /opt/esp/xtensa-esp32-elf/bin/../lib/gcc/xtensa-esp32-elf/5.2.0/../../../../xtensa-esp32-elf/lib/libg.a(lib_a-svfiprintf.o)
 .rodata        0x000000003f40082c        0x4 /data/riotbuild/riotbase/examples/gnrc_networking/bin/esp32-mh-et-live-minikit/gnrc_rpl/gnrc_rpl_control_messages.o
 *(.rodata.*)
 .rodata.str1.1
                0x000000003f400830       0x1a /data/riotbuild/riotbase/examples/gnrc_networking/bin/esp32-mh-et-live-minikit/newlib_syscalls_default/syscalls.o
 .rodata.__func__$3963
                0x000000003f40084a        0x6 /data/riotbuild/riotbase/examples/gnrc_networking/bin/esp32-mh-et-live-minikit/newlib_syscalls_default/syscalls.o
 .rodata.str1.1
                0x000000003f400850       0x1f /data/riotbuild/riotbase/examples/gnrc_networking/bin/esp32-mh-et-live-minikit/cpu/syscalls.o
 .rodata.str1.1
                0x000000003f40086f       0x1a /data/riotbuild/riotbase/examples/gnrc_networking/bin/esp32-mh-et-live-minikit/cpu/log_module.o
 .rodata.CSWTCH$7
                0x000000003f400889        0x5 /data/riotbuild/riotbase/examples/gnrc_networking/bin/esp32-mh-et-live-minikit/cpu/log_module.o
 .rodata.str1.1
                0x000000003f40088e      0x1d5 /data/riotbuild/riotbase/examples/gnrc_networking/bin/esp32-mh-et-live-minikit/cpu/startup.o
 .rodata.str1.1
                0x000000003f400a63      0x57a /data/riotbuild/riotbase/examples/gnrc_networking/bin/esp32-mh-et-live-minikit/cpu/exceptions.o
                                        0x57d (size before relaxing)
 *fill*         0x000000003f400fdd        0x3 
 .rodata.exception_names
                0x000000003f400fe0       0xa0 /data/riotbuild/riotbase/examples/gnrc_networking/bin/esp32-mh-et-live-minikit/cpu/exceptions.o
 .rodata.str1.1
                0x000000003f401080      0x13c /data/riotbuild/riotbase/examples/gnrc_networking/bin/esp32-mh-et-live-minikit/esp_idf/esp_funcs.o
                                        0x14d (size before relaxing)
 .rodata.str1.1
                0x000000003f4011bc       0x75 /data/riotbuild/riotbase/examples/gnrc_networking/bin/esp32-mh-et-live-minikit/esp_idf_esp32/clk.o
                                         0x79 (size before relaxing)
 .rodata.str1.1
                0x000000003f401231      0x13f /data/riotbuild/riotbase/examples/gnrc_networking/bin/esp32-mh-et-live-minikit/esp_idf_soc/rtc_clk.o
 .rodata.rtc_clk_xtal_freq_estimate
                0x000000003f401370       0x64 /data/riotbuild/riotbase/examples/gnrc_networking/bin/esp32-mh-et-live-minikit/esp_idf_soc/rtc_clk.o
 .rodata.rtc_clk_cpu_freq_value
                0x000000003f4013d4       0x14 /data/riotbuild/riotbase/examples/gnrc_networking/bin/esp32-mh-et-live-minikit/esp_idf_soc/rtc_clk.o
 .rodata.CSWTCH$52
                0x000000003f4013e8       0x11 /data/riotbuild/riotbase/examples/gnrc_networking/bin/esp32-mh-et-live-minikit/esp_idf_soc/rtc_clk.o
 .rodata.CSWTCH$51
                0x000000003f4013f9       0x11 /data/riotbuild/riotbase/examples/gnrc_networking/bin/esp32-mh-et-live-minikit/esp_idf_soc/rtc_clk.o
 .rodata.CSWTCH$50
                0x000000003f40140a       0x11 /data/riotbuild/riotbase/examples/gnrc_networking/bin/esp32-mh-et-live-minikit/esp_idf_soc/rtc_clk.o
 .rodata.CSWTCH$49
                0x000000003f40141b       0x11 /data/riotbuild/riotbase/examples/gnrc_networking/bin/esp32-mh-et-live-minikit/esp_idf_soc/rtc_clk.o
 .rodata.CSWTCH$48
                0x000000003f40142c       0x11 /data/riotbuild/riotbase/examples/gnrc_networking/bin/esp32-mh-et-live-minikit/esp_idf_soc/rtc_clk.o
 .rodata.CSWTCH$47
                0x000000003f40143d       0x11 /data/riotbuild/riotbase/examples/gnrc_networking/bin/esp32-mh-et-live-minikit/esp_idf_soc/rtc_clk.o
 .rodata.CSWTCH$42
                0x000000003f40144e       0x11 /data/riotbuild/riotbase/examples/gnrc_networking/bin/esp32-mh-et-live-minikit/esp_idf_soc/rtc_clk.o
 *fill*         0x000000003f40145f        0x1 
 .rodata.CSWTCH$37
                0x000000003f401460        0xc /data/riotbuild/riotbase/examples/gnrc_networking/bin/esp32-mh-et-live-minikit/esp_idf_soc/rtc_clk.o
 .rodata.str1.1
                0x000000003f40146c       0x80 /data/riotbuild/riotbase/examples/gnrc_networking/bin/esp32-mh-et-live-minikit/periph/uart.o
 .rodata.str1.1
                0x000000003f4014ec       0xa2 /data/riotbuild/riotbase/examples/gnrc_networking/bin/esp32-mh-et-live-minikit/periph/gpio.o
 *fill*         0x000000003f40158e        0x2 
 .rodata._rtc_gpios
                0x000000003f401590       0xd8 /data/riotbuild/riotbase/examples/gnrc_networking/bin/esp32-mh-et-live-minikit/periph/gpio.o
 .rodata._gpio_to_rtc
                0x000000003f401668       0x28 /data/riotbuild/riotbase/examples/gnrc_networking/bin/esp32-mh-et-live-minikit/periph/gpio.o
 .rodata._gpio_to_iomux_reg
                0x000000003f401690       0xa0 /data/riotbuild/riotbase/examples/gnrc_networking/bin/esp32-mh-et-live-minikit/periph/gpio.o
                0x000000003f401690                _gpio_to_iomux_reg
 .rodata.str1.1
                0x000000003f401730      0x157 /data/riotbuild/riotbase/examples/gnrc_networking/bin/esp32-mh-et-live-minikit/ps/ps.o
                                        0x15f (size before relaxing)
 *fill*         0x000000003f401887        0x1 
 .rodata.state_names
                0x000000003f401888       0x30 /data/riotbuild/riotbase/examples/gnrc_networking/bin/esp32-mh-et-live-minikit/ps/ps.o
 .rodata.str1.1
                0x000000003f4018b8        0x2 /opt/esp/xtensa-esp32-elf/bin/../lib/gcc/xtensa-esp32-elf/5.2.0/../../../../xtensa-esp32-elf/lib/libg.a(lib_a-puts.o)
 .rodata.str1.1
                0x000000003f4018b8       0x32 /opt/esp/xtensa-esp32-elf/bin/../lib/gcc/xtensa-esp32-elf/5.2.0/../../../../xtensa-esp32-elf/lib/libg.a(lib_a-vfprintf.o)
                                         0x34 (size before relaxing)
 .rodata.str1.1
                0x000000003f4018ea        0xd /opt/esp/xtensa-esp32-elf/bin/../lib/gcc/xtensa-esp32-elf/5.2.0/../../../../xtensa-esp32-elf/lib/libg.a(lib_a-dtoa.o)
                                          0xf (size before relaxing)
 .rodata.str1.1
                0x000000003f4018f7       0x34 /opt/esp/xtensa-esp32-elf/bin/../lib/gcc/xtensa-esp32-elf/5.2.0/../../../../xtensa-esp32-elf/lib/libg.a(lib_a-svfprintf.o)
 .rodata.str1.1
                0x000000003f4018f7       0x22 /opt/esp/xtensa-esp32-elf/bin/../lib/gcc/xtensa-esp32-elf/5.2.0/../../../../xtensa-esp32-elf/lib/libg.a(lib_a-vfiprintf.o)
 .rodata.str1.1
                0x000000003f4018f7       0x22 /opt/esp/xtensa-esp32-elf/bin/../lib/gcc/xtensa-esp32-elf/5.2.0/../../../../xtensa-esp32-elf/lib/libg.a(lib_a-svfiprintf.o)
 .rodata.str1.1
                0x000000003f4018f7       0x3b /data/riotbuild/riotbase/examples/gnrc_networking/bin/esp32-mh-et-live-minikit/boards_common_esp32/board_common.o
                                         0x40 (size before relaxing)
 .rodata.str1.1
                0x000000003f401932       0x2a /data/riotbuild/riotbase/examples/gnrc_networking/bin/esp32-mh-et-live-minikit/core/panic.o
                                         0x2c (size before relaxing)
 .rodata.assert_crash_message
                0x000000003f40195c       0x12 /data/riotbuild/riotbase/examples/gnrc_networking/bin/esp32-mh-et-live-minikit/core/panic.o
                0x000000003f40195c                assert_crash_message
 .rodata.str1.1
                0x000000003f40196e       0x31 /data/riotbuild/riotbase/examples/gnrc_networking/bin/esp32-mh-et-live-minikit/core/kernel_init.o
 .rodata.__func__$2676
                0x000000003f40199f       0x10 /data/riotbuild/riotbase/examples/gnrc_networking/bin/esp32-mh-et-live-minikit/core/kernel_init.o
 *fill*         0x000000003f4019af        0x1 
 .rodata.CSWTCH$7
                0x000000003f4019b0       0x80 /data/riotbuild/riotbase/examples/gnrc_networking/bin/esp32-mh-et-live-minikit/esp_idf_driver/periph_ctrl.o
 .rodata.CSWTCH$5
                0x000000003f401a30       0x80 /data/riotbuild/riotbase/examples/gnrc_networking/bin/esp32-mh-et-live-minikit/esp_idf_driver/periph_ctrl.o
 .rodata.str1.4
                0x000000003f401ab0       0x70 /data/riotbuild/riotbase/examples/gnrc_networking/bin/esp32-mh-et-live-minikit/periph/i2c_sw.o
 .rodata._i2c_delays
                0x000000003f401b20       0x3c /data/riotbuild/riotbase/examples/gnrc_networking/bin/esp32-mh-et-live-minikit/periph/i2c_sw.o
 .rodata.timers_hw
                0x000000003f401b5c       0x24 /data/riotbuild/riotbase/examples/gnrc_networking/bin/esp32-mh-et-live-minikit/periph/timer.o
 .rodata.str1.1
                0x000000003f401b80      0x2f1 /data/riotbuild/riotbase/examples/gnrc_networking/bin/esp32-mh-et-live-minikit/application_gnrc_networking/main.o
 *fill*         0x000000003f401e71        0x3 
 .rodata.shell_commands
                0x000000003f401e74       0x18 /data/riotbuild/riotbase/examples/gnrc_networking/bin/esp32-mh-et-live-minikit/application_gnrc_networking/main.o
 .rodata.bmx280_params
                0x000000003f401e8c       0x24 /data/riotbuild/riotbase/examples/gnrc_networking/bin/esp32-mh-et-live-minikit/application_gnrc_networking/main.o
 .rodata.str1.1
                0x000000003f401eb0      0x271 /data/riotbuild/riotbase/examples/gnrc_networking/bin/esp32-mh-et-live-minikit/application_gnrc_networking/udp.o
                                        0x27d (size before relaxing)
 .rodata.str1.1
                0x000000003f402121        0x4 /data/riotbuild/riotbase/examples/gnrc_networking/bin/esp32-mh-et-live-minikit/auto_init_saul/auto_init_gpio.o
 *fill*         0x000000003f402125        0x3 
 .rodata.saul_gpio_params
                0x000000003f402128       0x10 /data/riotbuild/riotbase/examples/gnrc_networking/bin/esp32-mh-et-live-minikit/auto_init_saul/auto_init_gpio.o
 .rodata.str1.1
                0x000000003f402138       0x37 /data/riotbuild/riotbase/examples/gnrc_networking/bin/esp32-mh-et-live-minikit/auto_init_saul/auto_init_bmx280.o
 *fill*         0x000000003f40216f        0x1 
 .rodata.bmx280_params
                0x000000003f402170       0x24 /data/riotbuild/riotbase/examples/gnrc_networking/bin/esp32-mh-et-live-minikit/auto_init_saul/auto_init_bmx280.o
 .rodata.str1.1
                0x000000003f402194       0x42 /data/riotbuild/riotbase/examples/gnrc_networking/bin/esp32-mh-et-live-minikit/bmx280/bmx280.o
 .rodata.__func__$4050
                0x000000003f4021d6        0xf /data/riotbuild/riotbase/examples/gnrc_networking/bin/esp32-mh-et-live-minikit/bmx280/bmx280.o
 .rodata.__func__$4036
                0x000000003f4021e5       0x16 /data/riotbuild/riotbase/examples/gnrc_networking/bin/esp32-mh-et-live-minikit/bmx280/bmx280.o
 *fill*         0x000000003f4021fb        0x1 
 .rodata.bme280_relative_humidity_saul_driver
                0x000000003f4021fc        0xc /data/riotbuild/riotbase/examples/gnrc_networking/bin/esp32-mh-et-live-minikit/bmx280/bmx280_saul.o
                0x000000003f4021fc                bme280_relative_humidity_saul_driver
 .rodata.bmx280_pressure_saul_driver
                0x000000003f402208        0xc /data/riotbuild/riotbase/examples/gnrc_networking/bin/esp32-mh-et-live-minikit/bmx280/bmx280_saul.o
                0x000000003f402208                bmx280_pressure_saul_driver
 .rodata.bmx280_temperature_saul_driver
                0x000000003f402214        0xc /data/riotbuild/riotbase/examples/gnrc_networking/bin/esp32-mh-et-live-minikit/bmx280/bmx280_saul.o
                0x000000003f402214                bmx280_temperature_saul_driver
 .rodata.str1.1
                0x000000003f402220        0x5 /data/riotbuild/riotbase/examples/gnrc_networking/bin/esp32-mh-et-live-minikit/gnrc_ipv6/gnrc_ipv6.o
 .rodata.CSWTCH$25
                0x000000003f402225        0x3 /data/riotbuild/riotbase/examples/gnrc_networking/bin/esp32-mh-et-live-minikit/gnrc_ipv6/gnrc_ipv6.o
 .rodata.gnrc_ipv6_nib_handle_timer_event
                0x000000003f402228       0x4c /data/riotbuild/riotbase/examples/gnrc_networking/bin/esp32-mh-et-live-minikit/gnrc_ipv6_nib/nib.o
 .rodata.str1.1
                0x000000003f402274       0x57 /data/riotbuild/riotbase/examples/gnrc_networking/bin/esp32-mh-et-live-minikit/gnrc_netreg/gnrc_netreg.o
 .rodata.__func__$5374
                0x000000003f4022cb       0x15 /data/riotbuild/riotbase/examples/gnrc_networking/bin/esp32-mh-et-live-minikit/gnrc_netreg/gnrc_netreg.o
 .rodata.str1.1
                0x000000003f4022e0      0x128 /data/riotbuild/riotbase/examples/gnrc_networking/bin/esp32-mh-et-live-minikit/gnrc_pktdump/gnrc_pktdump.o
 .rodata._dump  0x000000003f402408       0x14 /data/riotbuild/riotbase/examples/gnrc_networking/bin/esp32-mh-et-live-minikit/gnrc_pktdump/gnrc_pktdump.o
 .rodata.str1.1
                0x000000003f40241c       0x35 /data/riotbuild/riotbase/examples/gnrc_networking/bin/esp32-mh-et-live-minikit/gnrc_rpl/gnrc_rpl_auto_init.o
 .rodata.__func__$5722
                0x000000003f402451       0x13 /data/riotbuild/riotbase/examples/gnrc_networking/bin/esp32-mh-et-live-minikit/gnrc_rpl/gnrc_rpl_auto_init.o
 .rodata.str1.1
                0x000000003f402464        0x4 /data/riotbuild/riotbase/examples/gnrc_networking/bin/esp32-mh-et-live-minikit/gnrc_rpl/gnrc_rpl.o
 .rodata.ipv6_addr_all_rpl_nodes
                0x000000003f402468       0x10 /data/riotbuild/riotbase/examples/gnrc_networking/bin/esp32-mh-et-live-minikit/gnrc_rpl/gnrc_rpl.o
                0x000000003f402468                ipv6_addr_all_rpl_nodes