Archive member included to satisfy reference by file (symbol)

/opt/esp/xtensa-esp32-elf/bin/../lib/gcc/xtensa-esp32-elf/5.2.0/../../../../xtensa-esp32-elf/lib/libg.a(lib_a-errno.o)
                              /data/riotbuild/riotbase/tests/driver_bmx280/bin/esp32-mh-et-live-minikit/newlib_syscalls_default/syscalls.o (__errno)
/data/riotbuild/riotbase/tests/driver_bmx280/bin/esp32-mh-et-live-minikit/core/sched.o
                              /data/riotbuild/riotbase/tests/driver_bmx280/bin/esp32-mh-et-live-minikit/newlib_syscalls_default/syscalls.o (sched_active_pid)
/data/riotbuild/riotbase/tests/driver_bmx280/bin/esp32-mh-et-live-minikit/cpu/thread_arch.o
                              /data/riotbuild/riotbase/tests/driver_bmx280/bin/esp32-mh-et-live-minikit/core/sched.o (thread_yield_higher)
/data/riotbuild/riotbase/tests/driver_bmx280/bin/esp32-mh-et-live-minikit/cpu/syscalls.o
                              /opt/esp/xtensa-esp32-elf/bin/../lib/gcc/xtensa-esp32-elf/5.2.0/../../../../xtensa-esp32-elf/lib/libg.a(lib_a-errno.o) (__getreent)
/data/riotbuild/riotbase/tests/driver_bmx280/bin/esp32-mh-et-live-minikit/cpu/log_module.o
                              /data/riotbuild/riotbase/tests/driver_bmx280/bin/esp32-mh-et-live-minikit/newlib_syscalls_default/syscalls.o (log_write_tagged)
/data/riotbuild/riotbase/tests/driver_bmx280/bin/esp32-mh-et-live-minikit/cpu/tools.o
                              /data/riotbuild/riotbase/tests/driver_bmx280/bin/esp32-mh-et-live-minikit/cpu/thread_arch.o (esp_hexdump)
/data/riotbuild/riotbase/tests/driver_bmx280/bin/esp32-mh-et-live-minikit/cpu/irq_arch.o
                              /data/riotbuild/riotbase/tests/driver_bmx280/bin/esp32-mh-et-live-minikit/newlib_syscalls_default/syscalls.o (irq_disable)
/data/riotbuild/riotbase/tests/driver_bmx280/bin/esp32-mh-et-live-minikit/cpu/startup.o
                              (call_start_cpu0)
/data/riotbuild/riotbase/tests/driver_bmx280/bin/esp32-mh-et-live-minikit/cpu/esp_events.o
                              /data/riotbuild/riotbase/tests/driver_bmx280/bin/esp32-mh-et-live-minikit/cpu/startup.o (esp_event_handler_init)
/data/riotbuild/riotbase/tests/driver_bmx280/bin/esp32-mh-et-live-minikit/cpu/exceptions.o
                              /data/riotbuild/riotbase/tests/driver_bmx280/bin/esp32-mh-et-live-minikit/cpu/startup.o (init_exceptions)
/data/riotbuild/riotbase/tests/driver_bmx280/bin/esp32-mh-et-live-minikit/div/div.o
                              /data/riotbuild/riotbase/tests/driver_bmx280/bin/esp32-mh-et-live-minikit/newlib_syscalls_default/syscalls.o (_div_mulhi64)
/data/riotbuild/riotbase/tests/driver_bmx280/bin/esp32-mh-et-live-minikit/esp_idf/esp_funcs.o
                              /data/riotbuild/riotbase/tests/driver_bmx280/bin/esp32-mh-et-live-minikit/cpu/startup.o (esp_panic_wdt_stop)
/data/riotbuild/riotbase/tests/driver_bmx280/bin/esp32-mh-et-live-minikit/esp_idf_esp32/clk.o
                              /data/riotbuild/riotbase/tests/driver_bmx280/bin/esp32-mh-et-live-minikit/cpu/startup.o (esp_clk_slowclk_cal_get)
/data/riotbuild/riotbase/tests/driver_bmx280/bin/esp32-mh-et-live-minikit/esp_idf_esp32/dport_access.o
                              /data/riotbuild/riotbase/tests/driver_bmx280/bin/esp32-mh-et-live-minikit/esp_idf/esp_funcs.o (esp_dport_access_int_abort)
/data/riotbuild/riotbase/tests/driver_bmx280/bin/esp32-mh-et-live-minikit/esp_idf_soc/cpu_util.o
                              /data/riotbuild/riotbase/tests/driver_bmx280/bin/esp32-mh-et-live-minikit/esp_idf/esp_funcs.o (esp_cpu_stall)
/data/riotbuild/riotbase/tests/driver_bmx280/bin/esp32-mh-et-live-minikit/esp_idf_soc/rtc_init.o
                              /data/riotbuild/riotbase/tests/driver_bmx280/bin/esp32-mh-et-live-minikit/cpu/startup.o (rtc_init_module)
/data/riotbuild/riotbase/tests/driver_bmx280/bin/esp32-mh-et-live-minikit/esp_idf_soc/rtc_time.o
                              /data/riotbuild/riotbase/tests/driver_bmx280/bin/esp32-mh-et-live-minikit/esp_idf_esp32/clk.o (rtc_clk_cal)
/data/riotbuild/riotbase/tests/driver_bmx280/bin/esp32-mh-et-live-minikit/esp_idf_soc/rtc_clk.o
                              /data/riotbuild/riotbase/tests/driver_bmx280/bin/esp32-mh-et-live-minikit/esp_idf_esp32/clk.o (rtc_clk_32k_enable)
/data/riotbuild/riotbase/tests/driver_bmx280/bin/esp32-mh-et-live-minikit/periph/pm.o
                              /data/riotbuild/riotbase/tests/driver_bmx280/bin/esp32-mh-et-live-minikit/newlib_syscalls_default/syscalls.o (pm_off)
/data/riotbuild/riotbase/tests/driver_bmx280/bin/esp32-mh-et-live-minikit/periph/uart.o
                              /data/riotbuild/riotbase/tests/driver_bmx280/bin/esp32-mh-et-live-minikit/cpu/startup.o (uart_system_init)
/data/riotbuild/riotbase/tests/driver_bmx280/bin/esp32-mh-et-live-minikit/periph/cpuid.o
                              /data/riotbuild/riotbase/tests/driver_bmx280/bin/esp32-mh-et-live-minikit/cpu/startup.o (cpuid_get)
[...]
Memory Configuration

Name             Origin             Length             Attributes
iram0_0_seg      0x0000000040080000 0x0000000000020000 xr
iram0_2_seg      0x00000000400d0018 0x000000000032ffe8 xr
dram0_0_seg      0x000000003ffb0000 0x000000000002c200 rw
drom0_0_seg      0x000000003f400018 0x00000000003fffe8 r
rtc_iram_seg     0x00000000400c0000 0x0000000000002000 xrw
rtc_slow_seg     0x0000000050000000 0x0000000000001000 rw
*default*        0x0000000000000000 0xffffffffffffffff

Linker script and memory map

LOAD /data/riotbuild/riotbase/tests/driver_bmx280/bin/esp32-mh-et-live-minikit/newlib_syscalls_default/syscalls.o
START GROUP
LOAD /opt/esp/esp-idf/components/esp32/libhal.a
LOAD /opt/esp/xtensa-esp32-elf/bin/../lib/gcc/xtensa-esp32-elf/5.2.0/../../../../xtensa-esp32-elf/lib/libg.a
LOAD /opt/esp/xtensa-esp32-elf/bin/../lib/gcc/xtensa-esp32-elf/5.2.0/../../../../xtensa-esp32-elf/lib/libc.a
LOAD /data/riotbuild/riotbase/tests/driver_bmx280/bin/esp32-mh-et-live-minikit/application_tests_driver_bmx280.a
LOAD /data/riotbuild/riotbase/tests/driver_bmx280/bin/esp32-mh-et-live-minikit/auto_init.a
LOAD /data/riotbuild/riotbase/tests/driver_bmx280/bin/esp32-mh-et-live-minikit/bmx280.a
LOAD /data/riotbuild/riotbase/tests/driver_bmx280/bin/esp32-mh-et-live-minikit/board.a
LOAD /data/riotbuild/riotbase/tests/driver_bmx280/bin/esp32-mh-et-live-minikit/boards_common_esp32.a
LOAD /data/riotbuild/riotbase/tests/driver_bmx280/bin/esp32-mh-et-live-minikit/core.a
LOAD /data/riotbuild/riotbase/tests/driver_bmx280/bin/esp32-mh-et-live-minikit/cpu.a
LOAD /data/riotbuild/riotbase/tests/driver_bmx280/bin/esp32-mh-et-live-minikit/div.a
LOAD /data/riotbuild/riotbase/tests/driver_bmx280/bin/esp32-mh-et-live-minikit/esp_idf.a
LOAD /data/riotbuild/riotbase/tests/driver_bmx280/bin/esp32-mh-et-live-minikit/esp_idf_driver.a
LOAD /data/riotbuild/riotbase/tests/driver_bmx280/bin/esp32-mh-et-live-minikit/esp_idf_esp32.a
LOAD /data/riotbuild/riotbase/tests/driver_bmx280/bin/esp32-mh-et-live-minikit/esp_idf_soc.a
LOAD /data/riotbuild/riotbase/tests/driver_bmx280/bin/esp32-mh-et-live-minikit/luid.a
LOAD /data/riotbuild/riotbase/tests/driver_bmx280/bin/esp32-mh-et-live-minikit/newlib_syscalls_default.a
LOAD /data/riotbuild/riotbase/tests/driver_bmx280/bin/esp32-mh-et-live-minikit/periph.a
LOAD /data/riotbuild/riotbase/tests/driver_bmx280/bin/esp32-mh-et-live-minikit/random.a
LOAD /data/riotbuild/riotbase/tests/driver_bmx280/bin/esp32-mh-et-live-minikit/riot_freertos.a
LOAD /data/riotbuild/riotbase/tests/driver_bmx280/bin/esp32-mh-et-live-minikit/stdio_uart.a
LOAD /data/riotbuild/riotbase/tests/driver_bmx280/bin/esp32-mh-et-live-minikit/sys.a
LOAD /data/riotbuild/riotbase/tests/driver_bmx280/bin/esp32-mh-et-live-minikit/tinymt32.a
LOAD /data/riotbuild/riotbase/tests/driver_bmx280/bin/esp32-mh-et-live-minikit/xtensa.a
LOAD /data/riotbuild/riotbase/tests/driver_bmx280/bin/esp32-mh-et-live-minikit/xtimer.a
LOAD /data/riotbuild/riotbase/tests/driver_bmx280/bin/esp32-mh-et-live-minikit/periph_common.a
LOAD /opt/esp/xtensa-esp32-elf/bin/../lib/gcc/xtensa-esp32-elf/5.2.0/../../../../xtensa-esp32-elf/lib/libm.a
END GROUP
LOAD /opt/esp/xtensa-esp32-elf/bin/../lib/gcc/xtensa-esp32-elf/5.2.0/libgcc.a
LOAD /opt/esp/xtensa-esp32-elf/bin/../lib/gcc/xtensa-esp32-elf/5.2.0/../../../../xtensa-esp32-elf/lib/libc.a

.rtc.text       0x00000000400c0000        0x0
                0x00000000400c0000                . = ALIGN (0x4)
 *(.rtc.literal .rtc.text)
 *rtc_wake_stub*.o(.literal .text .literal.* .text.*)

.rtc.bss        0x0000000050000000       0x28
                0x0000000050000000                _rtc_bss_start = ABSOLUTE (.)
 *rtc_wake_stub*.o(.bss .bss.*)
 *rtc_wake_stub*.o(COMMON)
                0x0000000050000000                _rtc_bss_end = ABSOLUTE (.)
                0x0000000050000000                _rtc_bss_rtc_start = ABSOLUTE (.)
 *(.rtc.bss .rtc.bss.*)
 .rtc.bss       0x0000000050000000       0x28 /data/riotbuild/riotbase/tests/driver_bmx280/bin/esp32-mh-et-live-minikit/periph/rtc.o
                0x0000000050000028                _rtc_bss_rtc_end = ABSOLUTE (.)

.rtc.data       0x0000000050000028        0x0
                0x0000000050000028                _rtc_data_start = ABSOLUTE (.)
 *(.rtc.data)
 *(.rtc.rodata)
 *rtc_wake_stub*.o(.data .rodata .data.* .rodata.* .bss .bss.*)
                0x0000000050000028                _rtc_data_end = ABSOLUTE (.)

.iram0.vectors  0x0000000040080000      0x400
                0x0000000040080000                _init_start = ABSOLUTE (.)
                0x0000000000000000                . = 0x0
 *(.WindowVectors.text)
 .WindowVectors.text
                0x0000000040080000      0x16a /data/riotbuild/riotbase/tests/driver_bmx280/bin/esp32-mh-et-live-minikit/xtensa/xtensa_vectors.o
                0x0000000040080000                _WindowOverflow4
                0x0000000040080040                _WindowUnderflow4
                0x0000000040080050                _xt_alloca_exc
                0x0000000040080080                _WindowOverflow8
                0x00000000400800c0                _WindowUnderflow8
                0x0000000040080100                _WindowOverflow12
                0x0000000040080140                _WindowUnderflow12
                0x0000000000000180                . = 0x180
 *fill*         0x000000004008016a       0x16 
 *(.Level2InterruptVector.text)
 .Level2InterruptVector.text
                0x0000000040080180        0x6 /data/riotbuild/riotbase/tests/driver_bmx280/bin/esp32-mh-et-live-minikit/xtensa/xtensa_vectors.o
                                          0xd (size before relaxing)
                0x0000000040080180                _Level2Vector
                0x00000000000001c0                . = 0x1c0
 *fill*         0x0000000040080186       0x3a 
 *(.Level3InterruptVector.text)
 .Level3InterruptVector.text
                0x00000000400801c0        0x6 /data/riotbuild/riotbase/tests/driver_bmx280/bin/esp32-mh-et-live-minikit/xtensa/xtensa_vectors.o
                                          0xd (size before relaxing)
                0x00000000400801c0                _Level3Vector
                0x0000000000000200                . = 0x200
 *fill*         0x00000000400801c6       0x3a 
 *(.Level4InterruptVector.text)
 .Level4InterruptVector.text
                0x0000000040080200        0x6 /data/riotbuild/riotbase/tests/driver_bmx280/bin/esp32-mh-et-live-minikit/xtensa/xtensa_vectors.o
                                          0xd (size before relaxing)
                0x0000000040080200                _Level4Vector
                0x0000000000000240                . = 0x240
 *fill*         0x0000000040080206       0x3a 
 *(.Level5InterruptVector.text)
 .Level5InterruptVector.text
                0x0000000040080240        0x6 /data/riotbuild/riotbase/tests/driver_bmx280/bin/esp32-mh-et-live-minikit/xtensa/xtensa_vectors.o
                                          0xd (size before relaxing)
                0x0000000040080240                _Level5Vector
                0x0000000000000280                . = 0x280
 *fill*         0x0000000040080246       0x3a 
 **(.DebugExceptionVector.text)
 .DebugExceptionVector.text
                0x0000000040080280        0x9 /data/riotbuild/riotbase/tests/driver_bmx280/bin/esp32-mh-et-live-minikit/xtensa/xtensa_vectors.o
                                         0x10 (size before relaxing)
                0x0000000040080280                _DebugExceptionVector
                0x00000000000002c0                . = 0x2c0
 *fill*         0x0000000040080289       0x37 
 *(.NMIExceptionVector.text)
 .NMIExceptionVector.text
                0x00000000400802c0        0x6 /data/riotbuild/riotbase/tests/driver_bmx280/bin/esp32-mh-et-live-minikit/xtensa/xtensa_vectors.o
                                          0xd (size before relaxing)
                0x00000000400802c0                _NMIExceptionVector
                0x0000000000000300                . = 0x300
 *fill*         0x00000000400802c6       0x3a 
 *(.KernelExceptionVector.text)
 .KernelExceptionVector.text
                0x0000000040080300        0x6 /data/riotbuild/riotbase/tests/driver_bmx280/bin/esp32-mh-et-live-minikit/xtensa/xtensa_vectors.o
                                          0xd (size before relaxing)
                0x0000000040080300                _KernelExceptionVector
                0x0000000000000340                . = 0x340
 *fill*         0x0000000040080306       0x3a 
 *(.UserExceptionVector.text)
 .UserExceptionVector.text
                0x0000000040080340        0x6 /data/riotbuild/riotbase/tests/driver_bmx280/bin/esp32-mh-et-live-minikit/xtensa/xtensa_vectors.o
                                          0xd (size before relaxing)
                0x0000000040080340                _UserExceptionVector
                0x00000000000003c0                . = 0x3c0
 *fill*         0x0000000040080346       0x7a 
 *(.DoubleExceptionVector.text)
 .DoubleExceptionVector.text
                0x00000000400803c0        0x9 /data/riotbuild/riotbase/tests/driver_bmx280/bin/esp32-mh-et-live-minikit/xtensa/xtensa_vectors.o
                                         0x10 (size before relaxing)
                0x00000000400803c0                _DoubleExceptionVector
                0x0000000000000400                . = 0x400
 *fill*         0x00000000400803c9       0x37 
 *(.*Vector.literal)
 *(.UserEnter.literal)
 *(.UserEnter.text)
                0x0000000040080400                . = ALIGN (0x10)
 *(.entry.text)
 *(.init.literal)
 *(.init)
                0x0000000040080400                _init_end = ABSOLUTE (.)
                0x0000000000000000                _iram_start = 0x0

.iram0.text     0x0000000040080400     0x2c33
                0x0000000040080400                _iram_text_start = ABSOLUTE (.)
 *(.iram1 .iram1.*)
 .iram1         0x0000000040080400       0x16 /data/riotbuild/riotbase/tests/driver_bmx280/bin/esp32-mh-et-live-minikit/cpu/thread_arch.o
                                         0x1e (size before relaxing)
                0x0000000040080404                thread_yield_isr
 *fill*         0x0000000040080416        0x2 
 .iram1.text    0x0000000040080418      0x2cc /data/riotbuild/riotbase/tests/driver_bmx280/bin/esp32-mh-et-live-minikit/cpu/syscalls.o
                                        0x340 (size before relaxing)
                0x000000004008041c                _lock_close_recursive
                0x0000000040080434                _lock_close
                0x0000000040080444                _lock_acquire
                0x000000004008046c                _lock_try_acquire_recursive
                0x000000004008049c                _lock_acquire_recursive
                0x00000000400804c4                _lock_try_acquire
                0x00000000400804f4                _lock_release
                0x000000004008051c                _lock_release_recursive
                0x0000000040080544                _lock_init
                0x0000000040080574                _lock_init_recursive
                0x00000000400805a8                heap_caps_malloc
                0x00000000400805b4                heap_caps_calloc
                0x00000000400805c8                heap_caps_realloc
                0x00000000400805e8                get_free_heap_size
                0x00000000400805e8                esp_get_free_heap_size
                0x0000000040080630                syscalls_init
                0x00000000400806a4                system_wdt_feed
 .iram1.text    0x00000000400806e4       0x3d /data/riotbuild/riotbase/tests/driver_bmx280/bin/esp32-mh-et-live-minikit/cpu/irq_arch.o
                0x00000000400806e4                irq_disable
                0x00000000400806f0                irq_enable
                0x0000000040080700                irq_restore
                0x0000000040080714                irq_is_in
 *fill*         0x0000000040080721        0x3 
 .iram1.text    0x0000000040080724      0x332 /data/riotbuild/riotbase/tests/driver_bmx280/bin/esp32-mh-et-live-minikit/cpu/startup.o
                                        0x4aa (size before relaxing)
                0x00000000400807b4                call_start_cpu0
 *fill*         0x0000000040080a56        0x2 
 .iram1.text    0x0000000040080a58      0x222 /data/riotbuild/riotbase/tests/driver_bmx280/bin/esp32-mh-et-live-minikit/cpu/exceptions.o
                                        0x2d2 (size before relaxing)
                0x0000000040080ad4                exception_handler
                0x0000000040080c58                panic_arch
 *fill*         0x0000000040080c7a        0x2 
 .iram1         0x0000000040080c7c      0x253 /data/riotbuild/riotbase/tests/driver_bmx280/bin/esp32-mh-et-live-minikit/esp_idf/esp_funcs.o
                                        0x2cb (size before relaxing)
                0x0000000040080c90                esp_panic_wdt_stop
                0x0000000040080cd8                esp_log_timestamp
                0x0000000040080cf0                esp_log_write
                0x0000000040080da0                esp_restart_noos
 *fill*         0x0000000040080ecf        0x1 
 .iram1         0x0000000040080ed0       0x53 /data/riotbuild/riotbase/tests/driver_bmx280/bin/esp32-mh-et-live-minikit/esp_idf_esp32/clk.o
                                         0x63 (size before relaxing)
                0x0000000040080ed4                esp_clk_slowclk_cal_set
                0x0000000040080ee8                esp_clk_cpu_freq
                0x0000000040080ef8                esp_clk_apb_freq
                0x0000000040080f14                ets_update_cpu_frequency
 *fill*         0x0000000040080f23        0x1 
 .iram1         0x0000000040080f24      0x107 /data/riotbuild/riotbase/tests/driver_bmx280/bin/esp32-mh-et-live-minikit/esp_idf_soc/cpu_util.o
                                        0x11b (size before relaxing)
                0x0000000040080f3c                esp_cpu_stall
                0x0000000040080fc0                esp_cpu_unstall
                0x0000000040081004                esp_cpu_reset
                0x0000000040081024                esp_cpu_in_ocd_debug_mode
 *fill*         0x000000004008102b        0x1 
 .iram1         0x000000004008102c      0x183 /data/riotbuild/riotbase/tests/driver_bmx280/bin/esp32-mh-et-live-minikit/periph/pm.o
                                        0x1bf (size before relaxing)
                0x0000000040081088                pm_off
 *fill*         0x00000000400811af        0x1 
 .iram1.text    0x00000000400811b0       0x5c /data/riotbuild/riotbase/tests/driver_bmx280/bin/esp32-mh-et-live-minikit/periph/uart.o
 .iram1.text    0x000000004008120c      0x15e /data/riotbuild/riotbase/tests/driver_bmx280/bin/esp32-mh-et-live-minikit/periph/timer.o
                                        0x182 (size before relaxing)
                0x0000000040081218                hw_timer_handler
                0x000000004008126c                timer_set
                0x00000000400812f4                timer_read
                0x0000000040081314                timer_set_absolute
                0x000000004008132c                timer_start
                0x000000004008134c                timer_stop
 *fill*         0x000000004008136a        0x0 
 *fill*         0x000000004008136a        0x0 
 *fill*         0x000000004008136a        0x0 
 *fill*         0x000000004008136a        0x0 
 *fill*         0x000000004008136a        0x0 
 *fill*         0x000000004008136a        0x2 
 .iram1         0x000000004008136c       0x6e /data/riotbuild/riotbase/tests/driver_bmx280/bin/esp32-mh-et-live-minikit/esp_idf_esp32/dport_access.o
                0x000000004008136c                esp_dport_access_stall_other_cpu_start
                0x0000000040081374                esp_dport_access_stall_other_cpu_end
                0x000000004008137c                esp_dport_access_stall_other_cpu_start_wrap
                0x0000000040081384                esp_dport_access_stall_other_cpu_end_wrap
                0x000000004008138c                esp_dport_access_int_pause
                0x0000000040081394                esp_dport_access_int_abort
                0x000000004008139c                esp_dport_access_int_resume
                0x00000000400813a4                esp_dport_access_read_buffer
                0x00000000400813c4                esp_dport_access_reg_read
                0x00000000400813d0                esp_dport_access_sequence_reg_read
 *fill*         0x00000000400813da        0x0 
 *fill*         0x00000000400813da        0x0 
 *fill*         0x00000000400813da        0x0 
 *libhal.a:(.literal .text .literal.* .text.*)
 *fill*         0x00000000400813da        0x2 
 .literal       0x00000000400813dc        0x4 /opt/esp/esp-idf/components/esp32/libhal.a(windowspill_asm.o)
 .literal       0x00000000400813e0        0x4 /opt/esp/xtensa-esp32-elf/bin/../lib/gcc/xtensa-esp32-elf/5.2.0/../../../../xtensa-esp32-elf/lib/libg.a(lib_a-wcrtomb.o)
                                         0x10 (size before relaxing)
 .literal       0x00000000400813e4        0x4 /opt/esp/xtensa-esp32-elf/bin/../lib/gcc/xtensa-esp32-elf/5.2.0/../../../../xtensa-esp32-elf/lib/libg.a(lib_a-fvwrite.o)
                                         0x3c (size before relaxing)
 .literal       0x00000000400813e8       0x14 /opt/esp/xtensa-esp32-elf/bin/../lib/gcc/xtensa-esp32-elf/5.2.0/../../../../xtensa-esp32-elf/lib/libg.a(lib_a-wbuf.o)
                                         0x28 (size before relaxing)
 .literal       0x00000000400813fc        0x0 /opt/esp/xtensa-esp32-elf/bin/../lib/gcc/xtensa-esp32-elf/5.2.0/../../../../xtensa-esp32-elf/lib/libg.a(lib_a-wsetup.o)
                                         0x1c (size before relaxing)
 .literal       0x00000000400813fc        0x0 /opt/esp/xtensa-esp32-elf/bin/../lib/gcc/xtensa-esp32-elf/5.2.0/../../../../xtensa-esp32-elf/lib/libg.a(lib_a-fputwc.o)
                                         0x38 (size before relaxing)
 .literal       0x00000000400813fc        0x0 /opt/esp/xtensa-esp32-elf/bin/../lib/gcc/xtensa-esp32-elf/5.2.0/../../../../xtensa-esp32-elf/lib/libg.a(lib_a-wctomb_r.o)
                                          0x4 (size before relaxing)
 .literal       0x00000000400813fc       0x10 /opt/esp/xtensa-esp32-elf/bin/../lib/gcc/xtensa-esp32-elf/5.2.0/../../../../xtensa-esp32-elf/lib/libg.a(lib_a-makebuf.o)
                                         0x20 (size before relaxing)
 .literal       0x000000004008140c        0x8 /opt/esp/xtensa-esp32-elf/bin/../lib/gcc/xtensa-esp32-elf/5.2.0/../../../../xtensa-esp32-elf/lib/libg.a(lib_a-fflush.o)
                                         0x44 (size before relaxing)
 .literal       0x0000000040081414       0x10 /opt/esp/xtensa-esp32-elf/bin/../lib/gcc/xtensa-esp32-elf/5.2.0/../../../../xtensa-esp32-elf/lib/libg.a(lib_a-s_fpclassify.o)
                                         0x18 (size before relaxing)
 .literal       0x0000000040081424       0x18 /opt/esp/xtensa-esp32-elf/bin/../lib/gcc/xtensa-esp32-elf/5.2.0/../../../../xtensa-esp32-elf/lib/libg.a(lib_a-locale.o)
                                         0x30 (size before relaxing)
 .literal       0x000000004008143c        0x0 /opt/esp/xtensa-esp32-elf/bin/../lib/gcc/xtensa-esp32-elf/5.2.0/../../../../xtensa-esp32-elf/lib/libg.a(lib_a-lcltime.o)
                                          0xc (size before relaxing)
 .literal       0x000000004008143c       0x10 /opt/esp/xtensa-esp32-elf/bin/../lib/gcc/xtensa-esp32-elf/5.2.0/../../../../xtensa-esp32-elf/lib/libg.a(lib_a-lcltime_r.o)
                                         0x28 (size before relaxing)
 .literal       0x000000004008144c       0x2c /opt/esp/xtensa-esp32-elf/bin/../lib/gcc/xtensa-esp32-elf/5.2.0/../../../../xtensa-esp32-elf/lib/libg.a(lib_a-gmtime_r.o)
                                         0x34 (size before relaxing)
 .literal       0x0000000040081478        0x4 /opt/esp/xtensa-esp32-elf/bin/../lib/gcc/xtensa-esp32-elf/5.2.0/../../../../xtensa-esp32-elf/lib/libg.a(lib_a-gettzinfo.o)
 .literal       0x000000004008147c        0x0 /opt/esp/xtensa-esp32-elf/bin/../lib/gcc/xtensa-esp32-elf/5.2.0/../../../../xtensa-esp32-elf/lib/libg.a(lib_a-fclose.o)
                                         0x44 (size before relaxing)
 .literal       0x000000004008147c       0x24 /opt/esp/xtensa-esp32-elf/bin/../lib/gcc/xtensa-esp32-elf/5.2.0/../../../../xtensa-esp32-elf/lib/libg.a(lib_a-rand.o)
                                         0x54 (size before relaxing)
 .literal       0x00000000400814a0       0x14 /opt/esp/xtensa-esp32-elf/bin/../lib/gcc/xtensa-esp32-elf/5.2.0/../../../../xtensa-esp32-elf/lib/libg.a(lib_a-strcmp.o)
                                         0x1c (size before relaxing)
 .literal       0x00000000400814b4        0x0 /opt/esp/xtensa-esp32-elf/bin/../lib/gcc/xtensa-esp32-elf/5.2.0/../../../../xtensa-esp32-elf/lib/libg.a(lib_a-strlen.o)
                                          0xc (size before relaxing)
 .literal       0x00000000400814b4        0x0 /opt/esp/xtensa-esp32-elf/bin/../lib/gcc/xtensa-esp32-elf/5.2.0/../../../../xtensa-esp32-elf/lib/libg.a(lib_a-strncpy.o)
                                          0xc (size before relaxing)
 .literal       0x00000000400814b4        0x0 /opt/esp/xtensa-esp32-elf/bin/../lib/gcc/xtensa-esp32-elf/5.2.0/../../../../xtensa-esp32-elf/lib/libg.a(lib_a-strrchr.o)
                                          0x8 (size before relaxing)
 .literal       0x00000000400814b4        0x4 /opt/esp/xtensa-esp32-elf/bin/../lib/gcc/xtensa-esp32-elf/5.2.0/../../../../xtensa-esp32-elf/lib/libg.a(lib_a-stdio.o)
                                         0x24 (size before relaxing)
 .literal       0x00000000400814b8        0x4 /opt/esp/xtensa-esp32-elf/bin/../lib/gcc/xtensa-esp32-elf/5.2.0/../../../../xtensa-esp32-elf/lib/libg.a(lib_a-tzcalc_limits.o)
                                         0x18 (size before relaxing)
 .literal       0x00000000400814bc       0x20 /opt/esp/xtensa-esp32-elf/bin/../lib/gcc/xtensa-esp32-elf/5.2.0/../../../../xtensa-esp32-elf/lib/libg.a(lib_a-findfp.o)
                                         0x90 (size before relaxing)
 .literal       0x00000000400814dc        0x4 /opt/esp/xtensa-esp32-elf/bin/../lib/gcc/xtensa-esp32-elf/5.2.0/../../../../xtensa-esp32-elf/lib/libg.a(lib_a-mlock.o)
                                         0x10 (size before relaxing)
 .literal       0x00000000400814e0        0x4 /opt/esp/xtensa-esp32-elf/bin/../lib/gcc/xtensa-esp32-elf/5.2.0/../../../../xtensa-esp32-elf/lib/libg.a(lib_a-tzlock.o)
                                         0x10 (size before relaxing)
 .text          0x00000000400814e4      0x137 /opt/esp/esp-idf/components/esp32/libhal.a(windowspill_asm.o)
                0x00000000400814e4                xthal_window_spill_nw
                0x00000000400814e4                xthal_spill_registers_into_stack_nw
                0x00000000400815f8                xthal_window_spill
 *fill*         0x000000004008161b        0x0 
 *fill*         0x000000004008161b        0x1 
 .text          0x000000004008161c       0x3e /opt/esp/esp-idf/components/esp32/libhal.a(state_asm--restore_extra_nw.o)
                0x000000004008161c                xthal_restore_extra_nw
 *fill*         0x000000004008165a        0x2 
 .text          0x000000004008165c       0x3e /opt/esp/esp-idf/components/esp32/libhal.a(state_asm--save_extra_nw.o)
                0x000000004008165c                xthal_save_extra_nw
 *libgcc.a:lib2funcs.o(.literal .text .literal.* .text.*)
 *libgcov.a:(.literal .text .literal.* .text.*)
 *xtensa.a:*(.literal .text .literal.* .text.*)
 *esp_idf_heap.a:*(.literal .text .literal.* .text.*)
 *esp_idf_spi_flash.a:*(.literal .text .literal.* .text.*)
 *core.a:*(.literal .text .literal.* .text.*)
 *cpu.a:*(.literal .text .literal.* .text.*)
 *periph.a:*(.literal .text .literal.* .text.*)
 *lib_a-utoa.o(.literal .text .literal.* .text.*)
 *lib_a-longjmp.o(.literal .text .literal.* .text.*)
 *lib_a-setjmp.o(.literal .text .literal.* .text.*)
 *lib_a-abs.o(.literal .text .literal.* .text.*)
 *lib_a-div.o(.literal .text .literal.* .text.*)
 *lib_a-labs.o(.literal .text .literal.* .text.*)
 *lib_a-ldiv.o(.literal .text .literal.* .text.*)
 *lib_a-quorem.o(.literal .text .literal.* .text.*)
 *lib_a-qsort.o(.literal .text .literal.* .text.*)
 *lib_a-utoa.o(.literal .text .literal.* .text.*)
 *lib_a-itoa.o(.literal .text .literal.* .text.*)
 *lib_a-atoi.o(.literal .text .literal.* .text.*)
 *lib_a-atol.o(.literal .text .literal.* .text.*)
 *lib_a-strtol.o(.literal .text .literal.* .text.*)
 *lib_a-strtoul.o(.literal .text .literal.* .text.*)
 *lib_a-wcrtomb.o(.literal .text .literal.* .text.*)
 *fill*         0x000000004008169a        0x2 
 .text          0x000000004008169c       0x65 /opt/esp/xtensa-esp32-elf/bin/../lib/gcc/xtensa-esp32-elf/5.2.0/../../../../xtensa-esp32-elf/lib/libg.a(lib_a-wcrtomb.o)
                                         0x69 (size before relaxing)
                0x000000004008169c                _wcrtomb_r
                0x00000000400816e8                wcrtomb
 *fill*         0x0000000040081701        0x0 
 *lib_a-fvwrite.o(.literal .text .literal.* .text.*)
 *fill*         0x0000000040081701        0x3 
 .text          0x0000000040081704      0x2a9 /opt/esp/xtensa-esp32-elf/bin/../lib/gcc/xtensa-esp32-elf/5.2.0/../../../../xtensa-esp32-elf/lib/libg.a(lib_a-fvwrite.o)
                                        0x2b9 (size before relaxing)
                0x0000000040081704                __sfvwrite_r
 *fill*         0x00000000400819ad        0x0 
 *lib_a-wbuf.o(.literal .text .literal.* .text.*)
 *fill*         0x00000000400819ad        0x3 
 .text          0x00000000400819b0       0xd4 /opt/esp/xtensa-esp32-elf/bin/../lib/gcc/xtensa-esp32-elf/5.2.0/../../../../xtensa-esp32-elf/lib/libg.a(lib_a-wbuf.o)
                                         0xe0 (size before relaxing)
                0x00000000400819b0                __swbuf_r
                0x0000000040081a70                __swbuf
 *fill*         0x0000000040081a84        0x0 
 *lib_a-wsetup.o(.literal .text .literal.* .text.*)
 .text          0x0000000040081a84       0xdf /opt/esp/xtensa-esp32-elf/bin/../lib/gcc/xtensa-esp32-elf/5.2.0/../../../../xtensa-esp32-elf/lib/libg.a(lib_a-wsetup.o)
                                         0xe3 (size before relaxing)
                0x0000000040081a84                __swsetup_r
 *lib_a-fputwc.o(.literal .text .literal.* .text.*)
 *fill*         0x0000000040081b63        0x1 
 .text          0x0000000040081b64      0x17d /opt/esp/xtensa-esp32-elf/bin/../lib/gcc/xtensa-esp32-elf/5.2.0/../../../../xtensa-esp32-elf/lib/libg.a(lib_a-fputwc.o)
                                        0x18d (size before relaxing)
                0x0000000040081b64                __fputwc
                0x0000000040081c30                _fputwc_r
                0x0000000040081c9c                fputwc
 *fill*         0x0000000040081ce1        0x0 
 *lib_a-wctomb_r.o(.literal .text .literal.* .text.*)
 *fill*         0x0000000040081ce1        0x3 
 .text          0x0000000040081ce4       0x51 /opt/esp/xtensa-esp32-elf/bin/../lib/gcc/xtensa-esp32-elf/5.2.0/../../../../xtensa-esp32-elf/lib/libg.a(lib_a-wctomb_r.o)
                0x0000000040081ce4                __ascii_wctomb
                0x0000000040081d0c                _wctomb_r
 *fill*         0x0000000040081d35        0x0 
 *lib_a-ungetc.o(.literal .text .literal.* .text.*)
 *lib_a-makebuf.o(.literal .text .literal.* .text.*)
 *fill*         0x0000000040081d35        0x3 
 .text          0x0000000040081d38       0xd8 /opt/esp/xtensa-esp32-elf/bin/../lib/gcc/xtensa-esp32-elf/5.2.0/../../../../xtensa-esp32-elf/lib/libg.a(lib_a-makebuf.o)
                                         0xdc (size before relaxing)
                0x0000000040081d38                __smakebuf_r
 *fill*         0x0000000040081e10        0x0 
 *lib_a-fflush.o(.literal .text .literal.* .text.*)
 .text          0x0000000040081e10      0x200 /opt/esp/xtensa-esp32-elf/bin/../lib/gcc/xtensa-esp32-elf/5.2.0/../../../../xtensa-esp32-elf/lib/libg.a(lib_a-fflush.o)
                                        0x208 (size before relaxing)
                0x0000000040081e10                __sflush_r
                0x0000000040081f64                _fflush_r
                0x0000000040081fec                fflush
 *lib_a-refill.o(.literal .text .literal.* .text.*)
 *lib_a-s_fpclassify.o(.literal .text .literal.* .text.*)
 .text          0x0000000040082010       0x4c /opt/esp/xtensa-esp32-elf/bin/../lib/gcc/xtensa-esp32-elf/5.2.0/../../../../xtensa-esp32-elf/lib/libg.a(lib_a-s_fpclassify.o)
                0x0000000040082010                __fpclassifyd
 *lib_a-locale.o(.literal .text .literal.* .text.*)
 .text          0x000000004008205c       0x77 /opt/esp/xtensa-esp32-elf/bin/../lib/gcc/xtensa-esp32-elf/5.2.0/../../../../xtensa-esp32-elf/lib/libg.a(lib_a-locale.o)
                                         0x82 (size before relaxing)
                0x000000004008205c                _setlocale_r
                0x000000004008208c                __locale_charset
                0x0000000040082094                __locale_mb_cur_max
                0x000000004008209c                __locale_msgcharset
                0x00000000400820a4                __locale_cjk_lang
                0x00000000400820ac                _localeconv_r
                0x00000000400820b4                setlocale
                0x00000000400820c8                localeconv
 *lib_a-asctime.o(.literal .text .literal.* .text.*)
 *lib_a-ctime.o(.literal .text .literal.* .text.*)
 *lib_a-ctime_r.o(.literal .text .literal.* .text.*)
 *lib_a-lcltime.o(.literal .text .literal.* .text.*)
 *fill*         0x00000000400820d3        0x1 
 .text          0x00000000400820d4       0x20 /opt/esp/xtensa-esp32-elf/bin/../lib/gcc/xtensa-esp32-elf/5.2.0/../../../../xtensa-esp32-elf/lib/libg.a(lib_a-lcltime.o)
                                         0x28 (size before relaxing)
                0x00000000400820d4                localtime
 *fill*         0x00000000400820f4        0x0 
 *lib_a-lcltime_r.o(.literal .text .literal.* .text.*)
 .text          0x00000000400820f4      0x249 /opt/esp/xtensa-esp32-elf/bin/../lib/gcc/xtensa-esp32-elf/5.2.0/../../../../xtensa-esp32-elf/lib/libg.a(lib_a-lcltime_r.o)
                                        0x254 (size before relaxing)
                0x00000000400820f4                localtime_r
 *lib_a-gmtime.o(.literal .text .literal.* .text.*)
 *lib_a-gmtime_r.o(.literal .text .literal.* .text.*)
 *fill*         0x000000004008233d        0x3 
 .text          0x0000000040082340      0x176 /opt/esp/xtensa-esp32-elf/bin/../lib/gcc/xtensa-esp32-elf/5.2.0/../../../../xtensa-esp32-elf/lib/libg.a(lib_a-gmtime_r.o)
                0x0000000040082340                gmtime_r
 *lib_a-strftime.o(.literal .text .literal.* .text.*)
 *lib_a-mktime.o(.literal .text .literal.* .text.*)
 *lib_a-syswrite.o(.literal .text .literal.* .text.*)
 *lib_a-tzset_r.o(.literal .text .literal.* .text.*)
 *lib_a-tzset.o(.literal .text .literal.* .text.*)
 *lib_a-toupper.o(.literal .text .literal.* .text.*)
 *lib_a-tolower.o(.literal .text .literal.* .text.*)
 *lib_a-toascii.o(.literal .text .literal.* .text.*)
 *lib_a-systimes.o(.literal .text .literal.* .text.*)
 *lib_a-time.o(.literal .text .literal.* .text.*)
 *lib_a-bsd_qsort_r.o(.literal .text .literal.* .text.*)
 *lib_a-qsort_r.o(.literal .text .literal.* .text.*)
 *lib_a-gettzinfo.o(.literal .text .literal.* .text.*)
 *fill*         0x00000000400824b6        0x2 
 .text          0x00000000400824b8        0x8 /opt/esp/xtensa-esp32-elf/bin/../lib/gcc/xtensa-esp32-elf/5.2.0/../../../../xtensa-esp32-elf/lib/libg.a(lib_a-gettzinfo.o)
                0x00000000400824b8                __gettzinfo
 *fill*         0x00000000400824c0        0x0 
 *lib_a-strupr.o(.literal .text .literal.* .text.*)
 *lib_a-asctime_r.o(.literal .text .literal.* .text.*)
 *lib_a-bzero.o(.literal .text .literal.* .text.*)
 *lib_a-close.o(.literal .text .literal.* .text.*)
 *lib_a-creat.o(.literal .text .literal.* .text.*)
 *lib_a-environ.o(.literal .text .literal.* .text.*)
 *lib_a-fclose.o(.literal .text .literal.* .text.*)
 .text          0x00000000400824c0       0xde /opt/esp/xtensa-esp32-elf/bin/../lib/gcc/xtensa-esp32-elf/5.2.0/../../../../xtensa-esp32-elf/lib/libg.a(lib_a-fclose.o)
                                        0x102 (size before relaxing)
                0x00000000400824c0                _fclose_r
                0x000000004008258c                fclose
 *lib_a-isalnum.o(.literal .text .literal.* .text.*)
 *lib_a-isalpha.o(.literal .text .literal.* .text.*)
 *lib_a-isascii.o(.literal .text .literal.* .text.*)
 *lib_a-isblank.o(.literal .text .literal.* .text.*)
 *lib_a-iscntrl.o(.literal .text .literal.* .text.*)
 *lib_a-isdigit.o(.literal .text .literal.* .text.*)
 *lib_a-isgraph.o(.literal .text .literal.* .text.*)
 *lib_a-islower.o(.literal .text .literal.* .text.*)
 *lib_a-isprint.o(.literal .text .literal.* .text.*)
 *lib_a-ispunct.o(.literal .text .literal.* .text.*)
 *lib_a-isspace.o(.literal .text .literal.* .text.*)
 *lib_a-isupper.o(.literal .text .literal.* .text.*)
 *lib_a-memccpy.o(.literal .text .literal.* .text.*)
 *lib_a-memchr.o(.literal .text .literal.* .text.*)
 *fill*         0x000000004008259e        0x2 
 .text          0x00000000400825a0       0x1b /opt/esp/xtensa-esp32-elf/bin/../lib/gcc/xtensa-esp32-elf/5.2.0/../../../../xtensa-esp32-elf/lib/libg.a(lib_a-memchr.o)
                0x00000000400825a0                memchr
 *lib_a-memcmp.o(.literal .text .literal.* .text.*)
 *lib_a-memcpy.o(.literal .text .literal.* .text.*)
 *fill*         0x00000000400825bb        0x1 
 .text          0x00000000400825bc      0x135 /opt/esp/xtensa-esp32-elf/bin/../lib/gcc/xtensa-esp32-elf/5.2.0/../../../../xtensa-esp32-elf/lib/libg.a(lib_a-memcpy.o)
                0x00000000400825fc                memcpy
 *lib_a-memmove.o(.literal .text .literal.* .text.*)
 *fill*         0x00000000400826f1        0x3 
 .text          0x00000000400826f4       0x3b /opt/esp/xtensa-esp32-elf/bin/../lib/gcc/xtensa-esp32-elf/5.2.0/../../../../xtensa-esp32-elf/lib/libg.a(lib_a-memmove.o)
                0x00000000400826f4                memmove
 *lib_a-memrchr.o(.literal .text .literal.* .text.*)
 *lib_a-memset.o(.literal .text .literal.* .text.*)
 *fill*         0x000000004008272f        0x1 
 .text          0x0000000040082730       0x74 /opt/esp/xtensa-esp32-elf/bin/../lib/gcc/xtensa-esp32-elf/5.2.0/../../../../xtensa-esp32-elf/lib/libg.a(lib_a-memset.o)
                0x0000000040082758                memset
 *lib_a-open.o(.literal .text .literal.* .text.*)
 *lib_a-rand.o(.literal .text .literal.* .text.*)
 .text          0x00000000400827a4       0xcf /opt/esp/xtensa-esp32-elf/bin/../lib/gcc/xtensa-esp32-elf/5.2.0/../../../../xtensa-esp32-elf/lib/libg.a(lib_a-rand.o)
                                         0xd7 (size before relaxing)
                0x00000000400827a4                srand
                0x00000000400827f8                rand
 *lib_a-rand_r.o(.literal .text .literal.* .text.*)
 *lib_a-read.o(.literal .text .literal.* .text.*)
 *lib_a-rshift.o(.literal .text .literal.* .text.*)
 *lib_a-sbrk.o(.literal .text .literal.* .text.*)
 *lib_a-srand.o(.literal .text .literal.* .text.*)
 *lib_a-strcasecmp.o(.literal .text .literal.* .text.*)
 *lib_a-strcasestr.o(.literal .text .literal.* .text.*)
 *lib_a-strcat.o(.literal .text .literal.* .text.*)
 *lib_a-strchr.o(.literal .text .literal.* .text.*)
 *fill*         0x0000000040082873        0x1 
 .text          0x0000000040082874       0x1a /opt/esp/xtensa-esp32-elf/bin/../lib/gcc/xtensa-esp32-elf/5.2.0/../../../../xtensa-esp32-elf/lib/libg.a(lib_a-strchr.o)
                0x0000000040082874                strchr
 *lib_a-strcmp.o(.literal .text .literal.* .text.*)
 *fill*         0x000000004008288e        0x2 
 .text          0x0000000040082890      0x123 /opt/esp/xtensa-esp32-elf/bin/../lib/gcc/xtensa-esp32-elf/5.2.0/../../../../xtensa-esp32-elf/lib/libg.a(lib_a-strcmp.o)
                0x0000000040082890                strcmp
 *fill*         0x00000000400829b3        0x0 
 *lib_a-strcoll.o(.literal .text .literal.* .text.*)
 *lib_a-strcpy.o(.literal .text .literal.* .text.*)
 *lib_a-strcspn.o(.literal .text .literal.* .text.*)
 *lib_a-strdup.o(.literal .text .literal.* .text.*)
 *lib_a-strlcat.o(.literal .text .literal.* .text.*)
 *lib_a-strlcpy.o(.literal .text .literal.* .text.*)
 *lib_a-strlen.o(.literal .text .literal.* .text.*)
 *fill*         0x00000000400829b3        0x1 
 .text          0x00000000400829b4       0x63 /opt/esp/xtensa-esp32-elf/bin/../lib/gcc/xtensa-esp32-elf/5.2.0/../../../../xtensa-esp32-elf/lib/libg.a(lib_a-strlen.o)
                0x00000000400829b4                strlen
 *fill*         0x0000000040082a17        0x0 
 *lib_a-strlwr.o(.literal .text .literal.* .text.*)
 *lib_a-strncasecmp.o(.literal .text .literal.* .text.*)
 *lib_a-strncat.o(.literal .text .literal.* .text.*)
 *lib_a-strncmp.o(.literal .text .literal.* .text.*)
 *lib_a-strncpy.o(.literal .text .literal.* .text.*)
 *fill*         0x0000000040082a17        0x1 
 .text          0x0000000040082a18      0x113 /opt/esp/xtensa-esp32-elf/bin/../lib/gcc/xtensa-esp32-elf/5.2.0/../../../../xtensa-esp32-elf/lib/libg.a(lib_a-strncpy.o)
                0x0000000040082a50                strncpy
 *fill*         0x0000000040082b2b        0x0 
 *lib_a-strndup.o(.literal .text .literal.* .text.*)
 *lib_a-strnlen.o(.literal .text .literal.* .text.*)
 *lib_a-strrchr.o(.literal .text .literal.* .text.*)
 *fill*         0x0000000040082b2b        0x1 
 .text          0x0000000040082b2c       0x2c /opt/esp/xtensa-esp32-elf/bin/../lib/gcc/xtensa-esp32-elf/5.2.0/../../../../xtensa-esp32-elf/lib/libg.a(lib_a-strrchr.o)
                0x0000000040082b2c                strrchr
 *fill*         0x0000000040082b58        0x0 
 *lib_a-strsep.o(.literal .text .literal.* .text.*)
 *lib_a-strspn.o(.literal .text .literal.* .text.*)
 *lib_a-strstr.o(.literal .text .literal.* .text.*)
 *lib_a-strtok_r.o(.literal .text .literal.* .text.*)
 *lib_a-strupr.o(.literal .text .literal.* .text.*)
 *lib_a-stdio.o(.literal .text .literal.* .text.*)
 .text          0x0000000040082b58       0xb2 /opt/esp/xtensa-esp32-elf/bin/../lib/gcc/xtensa-esp32-elf/5.2.0/../../../../xtensa-esp32-elf/lib/libg.a(lib_a-stdio.o)
                                         0xbe (size before relaxing)
                0x0000000040082b58                __sread
                0x0000000040082b88                __seofread
                0x0000000040082b90                __swrite
                0x0000000040082bc4                __sseek
                0x0000000040082bf8                __sclose
 *lib_a-syssbrk.o(.literal .text .literal.* .text.*)
 *lib_a-sysclose.o(.literal .text .literal.* .text.*)
 *lib_a-sysopen.o(.literal .text .literal.* .text.*)
 *creat.o(.literal .text .literal.* .text.*)
 *lib_a-sysread.o(.literal .text .literal.* .text.*)
 *lib_a-syswrite.o(.literal .text .literal.* .text.*)
 *lib_a-impure.o(.literal .text .literal.* .text.*)
 *lib_a-tzvars.o(.literal .text .literal.* .text.*)
 *lib_a-sf_nan.o(.literal .text .literal.* .text.*)
 *lib_a-tzcalc_limits.o(.literal .text .literal.* .text.*)
 *fill*         0x0000000040082c0a        0x2 
 .text          0x0000000040082c0c      0x166 /opt/esp/xtensa-esp32-elf/bin/../lib/gcc/xtensa-esp32-elf/5.2.0/../../../../xtensa-esp32-elf/lib/libg.a(lib_a-tzcalc_limits.o)
                                        0x16a (size before relaxing)
                0x0000000040082c0c                __tzcalc_limits
 *fill*         0x0000000040082d72        0x0 
 *lib_a-month_lengths.o(.literal .text .literal.* .text.*)
 *lib_a-timelocal.o(.literal .text .literal.* .text.*)
 *lib_a-findfp.o(.literal .text .literal.* .text.*)
 *fill*         0x0000000040082d72        0x2 
 .text          0x0000000040082d74      0x215 /opt/esp/xtensa-esp32-elf/bin/../lib/gcc/xtensa-esp32-elf/5.2.0/../../../../xtensa-esp32-elf/lib/libg.a(lib_a-findfp.o)
                                        0x24f (size before relaxing)
                0x0000000040082d74                _cleanup_r
                0x0000000040082df4                __sfmoreglue
                0x0000000040082e24                _cleanup
                0x0000000040082e34                __sfp_lock_acquire
                0x0000000040082e40                __sfp_lock_release
                0x0000000040082e4c                __sinit_lock_acquire
                0x0000000040082e58                __sinit_lock_release
                0x0000000040082e64                __sinit
                0x0000000040082ebc                __sfp
                0x0000000040082f64                __fp_lock_all
                0x0000000040082f78                __fp_unlock_all
 *fill*         0x0000000040082f89        0x0 
 *lock.o(.literal .text .literal.* .text.*)
 *fill*         0x0000000040082f89        0x3 
 .text          0x0000000040082f8c       0x17 /opt/esp/xtensa-esp32-elf/bin/../lib/gcc/xtensa-esp32-elf/5.2.0/../../../../xtensa-esp32-elf/lib/libg.a(lib_a-mlock.o)
                                         0x1e (size before relaxing)
                0x0000000040082f8c                __malloc_lock
                0x0000000040082f98                __malloc_unlock
 *fill*         0x0000000040082fa3        0x1 
 .text          0x0000000040082fa4       0x17 /opt/esp/xtensa-esp32-elf/bin/../lib/gcc/xtensa-esp32-elf/5.2.0/../../../../xtensa-esp32-elf/lib/libg.a(lib_a-tzlock.o)
                                         0x1e (size before relaxing)
                0x0000000040082fa4                __tz_lock
                0x0000000040082fb0                __tz_unlock
 *fill*         0x0000000040082fbb        0x0 
 *fill*         0x0000000040082fbb        0x0 
 *lib_a-getenv_r.o(.literal .text .literal.* .text.*)
 *isatty.o(.literal .text .literal.* .text.*)
 *lib_a-fwalk.o(.literal .text .literal.* .text.*)
 *fill*         0x0000000040082fbb        0x1 
 .text          0x0000000040082fbc       0x77 /opt/esp/xtensa-esp32-elf/bin/../lib/gcc/xtensa-esp32-elf/5.2.0/../../../../xtensa-esp32-elf/lib/libg.a(lib_a-fwalk.o)
                0x0000000040082fbc                _fwalk
                0x0000000040082ff4                _fwalk_reent
 *lib_a-getenv_r.o(.literal .text .literal.* .text.*)
 *lib_a-tzlock.o(.literal .text .literal.* .text.*)
 *lib_a-ctype_.o(.literal .text .literal.* .text.*)
 *lib_a-sccl.o(.literal .text .literal.* .text.*)
 *lib_a-strptime.o(.literal .text .literal.* .text.*)
 *lib_a-envlock.o(.literal .text .literal.* .text.*)
 *lib_a-raise.o(.literal .text .literal.* .text.*)
 *lib_a-strdup_r.o(.literal .text .literal.* .text.*)
 *lib_a-system.o(.literal .text .literal.* .text.*)
 *lib_a-strndup_r.o(.literal .text .literal.* .text.*)
                0x0000000040083033                _iram_text_end = ABSOLUTE (.)

.dram0.data     0x000000003ffb0000     0x119c
                0x000000003ffb0000                _data_start = ABSOLUTE (.)
 *(.data)
 .data          0x000000003ffb0000      0x208 /data/riotbuild/riotbase/tests/driver_bmx280/bin/esp32-mh-et-live-minikit/xtensa/xtensa_intr_asm.o
                0x000000003ffb0000                _xt_intenable
                0x000000003ffb0000                _xt_intdata
                0x000000003ffb0004                _xt_vpri_mask
                0x000000003ffb0008                _xt_interrupt_table
                0x000000003ffb0108                _xt_exception_table
 *fill*         0x000000003ffb0208        0x8 
 .data          0x000000003ffb0210        0x4 /data/riotbuild/riotbase/tests/driver_bmx280/bin/esp32-mh-et-live-minikit/xtensa/xtensa_vectors.o
                0x000000003ffb0210                _xt_coproc_owner_sa
 *fill*         0x000000003ffb0214        0xc 
 .data          0x000000003ffb0220      0x804 /data/riotbuild/riotbase/tests/driver_bmx280/bin/esp32-mh-et-live-minikit/xtensa/portasm.o
                0x000000003ffb0220                port_IntStack
                0x000000003ffb0a20                port_IntStackTop
 .data          0x000000003ffb0a24      0x410 /opt/esp/xtensa-esp32-elf/bin/../lib/gcc/xtensa-esp32-elf/5.2.0/../../../../xtensa-esp32-elf/lib/libg.a(lib_a-mallocr.o)
                0x000000003ffb0a24                __malloc_sbrk_base
                0x000000003ffb0a28                __malloc_trim_threshold
                0x000000003ffb0a2c                __malloc_av_
 .data          0x000000003ffb0e34       0x40 /opt/esp/xtensa-esp32-elf/bin/../lib/gcc/xtensa-esp32-elf/5.2.0/../../../../xtensa-esp32-elf/lib/libg.a(lib_a-gettzinfo.o)
 *(.data.*)
 .data.heap_top
                0x000000003ffb0e74        0x4 /data/riotbuild/riotbase/tests/driver_bmx280/bin/esp32-mh-et-live-minikit/newlib_syscalls_default/syscalls.o
                0x000000003ffb0e74                heap_top
 .data._initial_exit
                0x000000003ffb0e78        0x1 /data/riotbuild/riotbase/tests/driver_bmx280/bin/esp32-mh-et-live-minikit/cpu/thread_arch.o
 *fill*         0x000000003ffb0e79        0x3 
 .data.s_stub_table
                0x000000003ffb0e7c       0x90 /data/riotbuild/riotbase/tests/driver_bmx280/bin/esp32-mh-et-live-minikit/cpu/syscalls.o
 .data._new_line
                0x000000003ffb0f0c        0x1 /data/riotbuild/riotbase/tests/driver_bmx280/bin/esp32-mh-et-live-minikit/cpu/log_module.o
                0x000000003ffb0f0c                _new_line
 *fill*         0x000000003ffb0f0d        0x3 
 .data._uarts   0x000000003ffb0f10       0x6c /data/riotbuild/riotbase/tests/driver_bmx280/bin/esp32-mh-et-live-minikit/periph/uart.o
 .data._gpio_pin_usage_str
                0x000000003ffb0f7c       0x2c /data/riotbuild/riotbase/tests/driver_bmx280/bin/esp32-mh-et-live-minikit/periph/gpio.o
                0x000000003ffb0f7c                _gpio_pin_usage_str
 .data._gpio_pin_usage
                0x000000003ffb0fa8       0xa0 /data/riotbuild/riotbase/tests/driver_bmx280/bin/esp32-mh-et-live-minikit/periph/gpio.o
                0x000000003ffb0fa8                _gpio_pin_usage
 .data.idle_name
                0x000000003ffb1048        0x4 /data/riotbuild/riotbase/tests/driver_bmx280/bin/esp32-mh-et-live-minikit/core/kernel_init.o
                0x000000003ffb1048                idle_name
 .data.main_name
                0x000000003ffb104c        0x4 /data/riotbuild/riotbase/tests/driver_bmx280/bin/esp32-mh-et-live-minikit/core/kernel_init.o
                0x000000003ffb104c                main_name
 *(.gnu.linkonce.d.*)
 *(.data1)
 *(.sdata)
 *(.sdata.*)
 *(.gnu.linkonce.s.*)
 *(.sdata2)
 *(.sdata2.*)
 *(.gnu.linkonce.s2.*)
 *(.jcr)
 *(.dram1 .dram1.*)
 *libesp32.a:panic.o(.rodata .rodata.*)
 *libphy.a:(.rodata .rodata.*)
 *libsoc.a:rtc_clk.o(.rodata .rodata.*)
 *libapp_trace.a:(.rodata .rodata.*)
 *libgcov.a:(.rodata .rodata.*)
 *libheap.a:multi_heap.o(.rodata .rodata.*)
 *libheap.a:multi_heap_poisoning.o(.rodata .rodata.*)
 *lib_a-utoa.o(.rodata .rodata.*)
 *lib_a-longjmp.o(.rodata .rodata.*)
 *lib_a-setjmp.o(.rodata .rodata.*)
 *lib_a-abs.o(.rodata .rodata.*)
 *lib_a-div.o(.rodata .rodata.*)
 *lib_a-labs.o(.rodata .rodata.*)
 *lib_a-ldiv.o(.rodata .rodata.*)
 *lib_a-quorem.o(.rodata .rodata.*)
 *lib_a-qsort.o(.rodata .rodata.*)
 *lib_a-utoa.o(.rodata .rodata.*)
 *lib_a-itoa.o(.rodata .rodata.*)
 *lib_a-atoi.o(.rodata .rodata.*)
 *lib_a-atol.o(.rodata .rodata.*)
 *lib_a-strtol.o(.rodata .rodata.*)
 *lib_a-strtoul.o(.rodata .rodata.*)
 *lib_a-wcrtomb.o(.rodata .rodata.*)
 *lib_a-fvwrite.o(.rodata .rodata.*)
 *lib_a-wbuf.o(.rodata .rodata.*)
 *lib_a-wsetup.o(.rodata .rodata.*)
 *lib_a-fputwc.o(.rodata .rodata.*)
 *lib_a-wctomb_r.o(.rodata .rodata.*)
 .rodata        0x000000003ffb1050        0x4 /opt/esp/xtensa-esp32-elf/bin/../lib/gcc/xtensa-esp32-elf/5.2.0/../../../../xtensa-esp32-elf/lib/libg.a(lib_a-wctomb_r.o)
                0x000000003ffb1050                __wctomb
 *lib_a-ungetc.o(.rodata .rodata.*)
 *lib_a-makebuf.o(.rodata .rodata.*)
 *lib_a-fflush.o(.rodata .rodata.*)
 *lib_a-refill.o(.rodata .rodata.*)
 *lib_a-s_fpclassify.o(.rodata .rodata.*)
 *lib_a-locale.o(.rodata .rodata.*)
 .rodata.str1.1
                0x000000003ffb1054        0xa /opt/esp/xtensa-esp32-elf/bin/../lib/gcc/xtensa-esp32-elf/5.2.0/../../../../xtensa-esp32-elf/lib/libg.a(lib_a-locale.o)
                                          0xb (size before relaxing)
 *fill*         0x000000003ffb105e        0x2 
 .rodata        0x000000003ffb1060       0x7c /opt/esp/xtensa-esp32-elf/bin/../lib/gcc/xtensa-esp32-elf/5.2.0/../../../../xtensa-esp32-elf/lib/libg.a(lib_a-locale.o)
                0x000000003ffb10d8                __mb_cur_max
 *lib_a-asctime.o(.rodata .rodata.*)
 *lib_a-ctime.o(.rodata .rodata.*)
 *lib_a-ctime_r.o(.rodata .rodata.*)
 *lib_a-lcltime.o(.rodata .rodata.*)
 *lib_a-lcltime_r.o(.rodata .rodata.*)
 *lib_a-gmtime.o(.rodata .rodata.*)
 *lib_a-gmtime_r.o(.rodata .rodata.*)
 *lib_a-strftime.o(.rodata .rodata.*)
 *lib_a-mktime.o(.rodata .rodata.*)
 *lib_a-syswrite.o(.rodata .rodata.*)
 *lib_a-tzset_r.o(.rodata .rodata.*)
 *lib_a-tzset.o(.rodata .rodata.*)
 *lib_a-toupper.o(.rodata .rodata.*)
 *lib_a-tolower.o(.rodata .rodata.*)
 *lib_a-toascii.o(.rodata .rodata.*)
 *lib_a-systimes.o(.rodata .rodata.*)
 *lib_a-time.o(.rodata .rodata.*)
 *lib_a-bsd_qsort_r.o(.rodata .rodata.*)
 *lib_a-qsort_r.o(.rodata .rodata.*)
 *lib_a-gettzinfo.o(.rodata .rodata.*)
 *lib_a-strupr.o(.rodata .rodata.*)
 *lib_a-asctime_r.o(.rodata .rodata.*)
 *lib_a-bzero.o(.rodata .rodata.*)
 *lib_a-close.o(.rodata .rodata.*)
 *lib_a-creat.o(.rodata .rodata.*)
 *lib_a-environ.o(.rodata .rodata.*)
 *lib_a-fclose.o(.rodata .rodata.*)
 *lib_a-isalnum.o(.rodata .rodata.*)
 *lib_a-isalpha.o(.rodata .rodata.*)
 *lib_a-isascii.o(.rodata .rodata.*)
 *lib_a-isblank.o(.rodata .rodata.*)
 *lib_a-iscntrl.o(.rodata .rodata.*)
 *lib_a-isdigit.o(.rodata .rodata.*)
 *lib_a-isgraph.o(.rodata .rodata.*)
 *lib_a-islower.o(.rodata .rodata.*)
 *lib_a-isprint.o(.rodata .rodata.*)
 *lib_a-ispunct.o(.rodata .rodata.*)
 *lib_a-isspace.o(.rodata .rodata.*)
 *lib_a-isupper.o(.rodata .rodata.*)
 *lib_a-memccpy.o(.rodata .rodata.*)
 *lib_a-memchr.o(.rodata .rodata.*)
 *lib_a-memcmp.o(.rodata .rodata.*)
 *lib_a-memcpy.o(.rodata .rodata.*)
 *lib_a-memmove.o(.rodata .rodata.*)
 *lib_a-memrchr.o(.rodata .rodata.*)
 *lib_a-memset.o(.rodata .rodata.*)
 *lib_a-open.o(.rodata .rodata.*)
 *lib_a-rand.o(.rodata .rodata.*)
 *lib_a-rand_r.o(.rodata .rodata.*)
 *lib_a-read.o(.rodata .rodata.*)
 *lib_a-rshift.o(.rodata .rodata.*)
 *lib_a-sbrk.o(.rodata .rodata.*)
 *lib_a-srand.o(.rodata .rodata.*)
 *lib_a-strcasecmp.o(.rodata .rodata.*)
 *lib_a-strcasestr.o(.rodata .rodata.*)
 *lib_a-strcat.o(.rodata .rodata.*)
 *lib_a-strchr.o(.rodata .rodata.*)
 *lib_a-strcmp.o(.rodata .rodata.*)
 *lib_a-strcoll.o(.rodata .rodata.*)
 *lib_a-strcpy.o(.rodata .rodata.*)
 *lib_a-strcspn.o(.rodata .rodata.*)
 *lib_a-strdup.o(.rodata .rodata.*)
 *lib_a-strlcat.o(.rodata .rodata.*)
 *lib_a-strlcpy.o(.rodata .rodata.*)
 *lib_a-strlen.o(.rodata .rodata.*)
 *lib_a-strlwr.o(.rodata .rodata.*)
 *lib_a-strncasecmp.o(.rodata .rodata.*)
 *lib_a-strncat.o(.rodata .rodata.*)
 *lib_a-strncmp.o(.rodata .rodata.*)
 *lib_a-strncpy.o(.rodata .rodata.*)
 *lib_a-strndup.o(.rodata .rodata.*)
 *lib_a-strnlen.o(.rodata .rodata.*)
 *lib_a-strrchr.o(.rodata .rodata.*)
 *lib_a-strsep.o(.rodata .rodata.*)
 *lib_a-strspn.o(.rodata .rodata.*)
 *lib_a-strstr.o(.rodata .rodata.*)
 *lib_a-strtok_r.o(.rodata .rodata.*)
 *lib_a-strupr.o(.rodata .rodata.*)
 *lib_a-stdio.o(.rodata .rodata.*)
 *lib_a-syssbrk.o(.rodata .rodata.*)
 *lib_a-sysclose.o(.rodata .rodata.*)
 *lib_a-sysopen.o(.rodata .rodata.*)
 *creat.o(.rodata .rodata.*)
 *lib_a-sysread.o(.rodata .rodata.*)
 *lib_a-syswrite.o(.rodata .rodata.*)
 *lib_a-impure.o(.rodata .rodata.*)
 *lib_a-tzvars.o(.rodata .rodata.*)
 *lib_a-sf_nan.o(.rodata .rodata.*)
 *lib_a-tzcalc_limits.o(.rodata .rodata.*)
 *lib_a-month_lengths.o(.rodata .rodata.*)
 .rodata        0x000000003ffb10dc       0x60 /opt/esp/xtensa-esp32-elf/bin/../lib/gcc/xtensa-esp32-elf/5.2.0/../../../../xtensa-esp32-elf/lib/libg.a(lib_a-month_lengths.o)
                0x000000003ffb10dc                __month_lengths
 *lib_a-timelocal.o(.rodata .rodata.*)
 *lib_a-findfp.o(.rodata .rodata.*)
 .rodata        0x000000003ffb113c       0x60 /opt/esp/xtensa-esp32-elf/bin/../lib/gcc/xtensa-esp32-elf/5.2.0/../../../../xtensa-esp32-elf/lib/libg.a(lib_a-findfp.o)
                0x000000003ffb113c                __sf_fake_stderr
                0x000000003ffb115c                __sf_fake_stdout
                0x000000003ffb117c                __sf_fake_stdin
 *lock.o(.rodata .rodata.*)
 *lib_a-getenv_r.o(.rodata .rodata.*)
 *isatty.o(.rodata .rodata.*)
 *lib_a-fwalk.o(.rodata .rodata.*)
 *lib_a-getenv_r.o(.rodata .rodata.*)
 *lib_a-tzlock.o(.rodata .rodata.*)
 *lib_a-ctype_.o(.rodata .rodata.*)
 *lib_a-sccl.o(.rodata .rodata.*)
 *lib_a-strptime.o(.rodata .rodata.*)
 *lib_a-envlock.o(.rodata .rodata.*)
 *lib_a-raise.o(.rodata .rodata.*)
 *lib_a-strdup_r.o(.rodata .rodata.*)
 *lib_a-system.o(.rodata .rodata.*)
 *lib_a-strndup_r.o(.rodata .rodata.*)
                0x000000003ffb119c                _data_end = ABSOLUTE (.)
                0x000000003ffb119c                . = ALIGN (0x4)

.dram0.bss      0x000000003ffb119c     0x190c
                0x000000003ffb11a0                . = ALIGN (0x8)
 *fill*         0x000000003ffb119c        0x4 
                0x000000003ffb11a0                _bss_start = ABSOLUTE (.)
 *(.dynsbss)
 *(.sbss)
 *(.sbss.*)
 *(.gnu.linkonce.sb.*)
 *(.scommon)
 *(.sbss2)
 *(.sbss2.*)
 *(.gnu.linkonce.sb2.*)
 *(.dynbss)
 *(.bss)
 .bss           0x000000003ffb11a0        0x4 /opt/esp/xtensa-esp32-elf/bin/../lib/gcc/xtensa-esp32-elf/5.2.0/../../../../xtensa-esp32-elf/lib/libg.a(lib_a-environ.o)
                0x000000003ffb11a0                environ
 .bss           0x000000003ffb11a4        0x4 /opt/esp/xtensa-esp32-elf/bin/../lib/gcc/xtensa-esp32-elf/5.2.0/../../../../xtensa-esp32-elf/lib/libg.a(lib_a-impure.o)
                0x000000003ffb11a4                _global_impure_ptr
 .bss           0x000000003ffb11a8       0x34 /opt/esp/xtensa-esp32-elf/bin/../lib/gcc/xtensa-esp32-elf/5.2.0/../../../../xtensa-esp32-elf/lib/libg.a(lib_a-mallocr.o)
                0x000000003ffb11a8                __malloc_current_mallinfo
                0x000000003ffb11d0                __malloc_max_total_mem
                0x000000003ffb11d4                __malloc_max_sbrked_mem
                0x000000003ffb11d8                __malloc_top_pad
 .bss           0x000000003ffb11dc        0x4 /opt/esp/xtensa-esp32-elf/bin/../lib/gcc/xtensa-esp32-elf/5.2.0/../../../../xtensa-esp32-elf/lib/libg.a(lib_a-mlock.o)
 .bss           0x000000003ffb11e0        0x4 /opt/esp/xtensa-esp32-elf/bin/../lib/gcc/xtensa-esp32-elf/5.2.0/../../../../xtensa-esp32-elf/lib/libg.a(lib_a-tzlock.o)
 .bss           0x000000003ffb11e4        0x8 /opt/esp/xtensa-esp32-elf/bin/../lib/gcc/xtensa-esp32-elf/5.2.0/../../../../xtensa-esp32-elf/lib/libg.a(lib_a-tzvars.o)
                0x000000003ffb11e4                _timezone
                0x000000003ffb11e8                _daylight
 .bss           0x000000003ffb11ec        0x4 /opt/esp/xtensa-esp32-elf/bin/../lib/gcc/xtensa-esp32-elf/5.2.0/../../../../xtensa-esp32-elf/lib/libg.a(lib_a-__call_atexit.o)
                0x000000003ffb11ec                __atexit_lock
 .bss           0x000000003ffb11f0        0x8 /opt/esp/xtensa-esp32-elf/bin/../lib/gcc/xtensa-esp32-elf/5.2.0/../../../../xtensa-esp32-elf/lib/libg.a(lib_a-findfp.o)
 *(.bss.*)
 .bss.runqueue_bitcache
                0x000000003ffb11f8        0x4 /data/riotbuild/riotbase/tests/driver_bmx280/bin/esp32-mh-et-live-minikit/core/sched.o
 .bss.sched_runqueues
                0x000000003ffb11fc       0x80 /data/riotbuild/riotbase/tests/driver_bmx280/bin/esp32-mh-et-live-minikit/core/sched.o
                0x000000003ffb11fc                sched_runqueues
 .bss.sched_active_pid
                0x000000003ffb127c        0x2 /data/riotbuild/riotbase/tests/driver_bmx280/bin/esp32-mh-et-live-minikit/core/sched.o
                0x000000003ffb127c                sched_active_pid
 *fill*         0x000000003ffb127e        0x2 
 .bss.sched_active_thread
                0x000000003ffb1280        0x4 /data/riotbuild/riotbase/tests/driver_bmx280/bin/esp32-mh-et-live-minikit/core/sched.o
                0x000000003ffb1280                sched_active_thread
 .bss.sched_threads
                0x000000003ffb1284       0x84 /data/riotbuild/riotbase/tests/driver_bmx280/bin/esp32-mh-et-live-minikit/core/sched.o
                0x000000003ffb1284                sched_threads
 .bss.sched_context_switch_request
                0x000000003ffb1308        0x4 /data/riotbuild/riotbase/tests/driver_bmx280/bin/esp32-mh-et-live-minikit/core/sched.o
                0x000000003ffb1308                sched_context_switch_request
 .bss.sched_num_threads
                0x000000003ffb130c        0x4 /data/riotbuild/riotbase/tests/driver_bmx280/bin/esp32-mh-et-live-minikit/core/sched.o
                0x000000003ffb130c                sched_num_threads
 .bss.s_reent   0x000000003ffb1310       0xf0 /data/riotbuild/riotbase/tests/driver_bmx280/bin/esp32-mh-et-live-minikit/cpu/syscalls.o
 .bss._malloc_rmtx
                0x000000003ffb1400        0x8 /data/riotbuild/riotbase/tests/driver_bmx280/bin/esp32-mh-et-live-minikit/cpu/syscalls.o
 .bss._printf_buf
                0x000000003ffb1408      0x100 /data/riotbuild/riotbase/tests/driver_bmx280/bin/esp32-mh-et-live-minikit/cpu/log_module.o
                0x000000003ffb1408                _printf_buf
 .bss.irq_interrupt_nesting
                0x000000003ffb1508        0x4 /data/riotbuild/riotbase/tests/driver_bmx280/bin/esp32-mh-et-live-minikit/cpu/irq_arch.o
                0x000000003ffb1508                irq_interrupt_nesting
 .bss.s_cur_freq
                0x000000003ffb150c        0x4 /data/riotbuild/riotbase/tests/driver_bmx280/bin/esp32-mh-et-live-minikit/esp_idf_soc/rtc_clk.o
 .bss.s_cur_pll
                0x000000003ffb1510        0x4 /data/riotbuild/riotbase/tests/driver_bmx280/bin/esp32-mh-et-live-minikit/esp_idf_soc/rtc_clk.o
 .bss.long_list_head
                0x000000003ffb1514        0x4 /data/riotbuild/riotbase/tests/driver_bmx280/bin/esp32-mh-et-live-minikit/xtimer/xtimer_core.o
 .bss.overflow_list_head
                0x000000003ffb1518        0x4 /data/riotbuild/riotbase/tests/driver_bmx280/bin/esp32-mh-et-live-minikit/xtimer/xtimer_core.o
 .bss.timer_list_head
                0x000000003ffb151c        0x4 /data/riotbuild/riotbase/tests/driver_bmx280/bin/esp32-mh-et-live-minikit/xtimer/xtimer_core.o
 .bss._long_cnt
                0x000000003ffb1520        0x4 /data/riotbuild/riotbase/tests/driver_bmx280/bin/esp32-mh-et-live-minikit/xtimer/xtimer_core.o
 .bss._in_handler
                0x000000003ffb1524        0x4 /data/riotbuild/riotbase/tests/driver_bmx280/bin/esp32-mh-et-live-minikit/xtimer/xtimer_core.o
 .bss.crashed   0x000000003ffb1528        0x4 /data/riotbuild/riotbase/tests/driver_bmx280/bin/esp32-mh-et-live-minikit/core/panic.o
 .bss.idle_stack
                0x000000003ffb152c      0x800 /data/riotbuild/riotbase/tests/driver_bmx280/bin/esp32-mh-et-live-minikit/core/kernel_init.o
 .bss.main_stack
                0x000000003ffb1d2c      0xc00 /data/riotbuild/riotbase/tests/driver_bmx280/bin/esp32-mh-et-live-minikit/core/kernel_init.o
 .bss.periph_spinlock
                0x000000003ffb292c        0x4 /data/riotbuild/riotbase/tests/driver_bmx280/bin/esp32-mh-et-live-minikit/esp_idf_driver/periph_ctrl.o
 .bss._i2c_bus  0x000000003ffb2930       0x24 /data/riotbuild/riotbase/tests/driver_bmx280/bin/esp32-mh-et-live-minikit/periph/i2c_sw.o
 .bss.timers    0x000000003ffb2954       0x24 /data/riotbuild/riotbase/tests/driver_bmx280/bin/esp32-mh-et-live-minikit/periph/timer.o
 .bss.threads_arch_exts
                0x000000003ffb2978      0x108 /data/riotbuild/riotbase/tests/driver_bmx280/bin/esp32-mh-et-live-minikit/riot_freertos/task.o
                0x000000003ffb2978                threads_arch_exts
 .bss.measurement_regs
                0x000000003ffb2a80        0x8 /data/riotbuild/riotbase/tests/driver_bmx280/bin/esp32-mh-et-live-minikit/bmx280/bmx280.o
 .bss.t_fine    0x000000003ffb2a88        0x4 /data/riotbuild/riotbase/tests/driver_bmx280/bin/esp32-mh-et-live-minikit/bmx280/bmx280.o
 .bss._random   0x000000003ffb2a8c       0x1c /data/riotbuild/riotbase/tests/driver_bmx280/bin/esp32-mh-et-live-minikit/random/tinymt32.o
 *(.share.mem)
 *(.gnu.linkonce.b.*)
 *(COMMON)
                0x000000003ffb2aa8                . = ALIGN (0x8)
                0x000000003ffb2aa8                _bss_end = ABSOLUTE (.)
                0x000000003ffb2aa8                _heap_start = ABSOLUTE (.)
                0x000000003ffb2aa8                _sheap = ABSOLUTE (.)
                0x000000003ffe0000                . = 0x3ffe0000
                0x000000003ffe0000                _heap_top = ABSOLUTE (.)
                0x000000003ffe0000                _eheap = ABSOLUTE (.)

.flash.rodata   0x000000003f400020     0x1d3c
                0x000000003f400020                _rodata_start = ABSOLUTE (.)
 *(.rodata)
 .rodata        0x000000003f400020       0x18 /data/riotbuild/riotbase/tests/driver_bmx280/bin/esp32-mh-et-live-minikit/cpu/startup.o
 .rodata        0x000000003f400038        0x8 /data/riotbuild/riotbase/tests/driver_bmx280/bin/esp32-mh-et-live-minikit/esp_idf/esp_funcs.o
 .rodata        0x000000003f400040       0x64 /data/riotbuild/riotbase/tests/driver_bmx280/bin/esp32-mh-et-live-minikit/xtensa/xtensa_vectors.o
                0x000000003f400080                _xt_coproc_sa_offset
 .rodata        0x000000003f4000a4       0x20 /opt/esp/esp-idf/components/esp32/libhal.a(interrupts--intlevel.o)
                0x000000003f4000a4                Xthal_intlevel
 .rodata        0x000000003f4000c4      0x18c /opt/esp/xtensa-esp32-elf/bin/../lib/gcc/xtensa-esp32-elf/5.2.0/../../../../xtensa-esp32-elf/lib/libg.a(lib_a-vfprintf.o)
 .rodata        0x000000003f400250      0x128 /opt/esp/xtensa-esp32-elf/bin/../lib/gcc/xtensa-esp32-elf/5.2.0/../../../../xtensa-esp32-elf/lib/libg.a(lib_a-mprec.o)
                0x000000003f400260                __mprec_tinytens
                0x000000003f400288                __mprec_bigtens
                0x000000003f4002b0                __mprec_tens
 .rodata        0x000000003f400378      0x18c /opt/esp/xtensa-esp32-elf/bin/../lib/gcc/xtensa-esp32-elf/5.2.0/../../../../xtensa-esp32-elf/lib/libg.a(lib_a-svfprintf.o)
 .rodata        0x000000003f400504      0x18c /opt/esp/xtensa-esp32-elf/bin/../lib/gcc/xtensa-esp32-elf/5.2.0/../../../../xtensa-esp32-elf/lib/libg.a(lib_a-vfiprintf.o)
 .rodata        0x000000003f400690      0x18c /opt/esp/xtensa-esp32-elf/bin/../lib/gcc/xtensa-esp32-elf/5.2.0/../../../../xtensa-esp32-elf/lib/libg.a(lib_a-svfiprintf.o)
 *(.rodata.*)
 .rodata.str1.1
                0x000000003f40081c       0x1a /data/riotbuild/riotbase/tests/driver_bmx280/bin/esp32-mh-et-live-minikit/newlib_syscalls_default/syscalls.o
 .rodata.__func__$3963
                0x000000003f400836        0x6 /data/riotbuild/riotbase/tests/driver_bmx280/bin/esp32-mh-et-live-minikit/newlib_syscalls_default/syscalls.o
 .rodata.str1.1
                0x000000003f40083c       0x1f /data/riotbuild/riotbase/tests/driver_bmx280/bin/esp32-mh-et-live-minikit/cpu/syscalls.o
 .rodata.str1.1
                0x000000003f40085b       0x1a /data/riotbuild/riotbase/tests/driver_bmx280/bin/esp32-mh-et-live-minikit/cpu/log_module.o
 .rodata.CSWTCH$7
                0x000000003f400875        0x5 /data/riotbuild/riotbase/tests/driver_bmx280/bin/esp32-mh-et-live-minikit/cpu/log_module.o
 .rodata.str1.1
                0x000000003f40087a      0x1d5 /data/riotbuild/riotbase/tests/driver_bmx280/bin/esp32-mh-et-live-minikit/cpu/startup.o
 .rodata.str1.1
                0x000000003f400a4f      0x56e /data/riotbuild/riotbase/tests/driver_bmx280/bin/esp32-mh-et-live-minikit/cpu/exceptions.o
                                        0x56f (size before relaxing)
 *fill*         0x000000003f400fbd        0x3 
 .rodata.exception_names
                0x000000003f400fc0       0xa0 /data/riotbuild/riotbase/tests/driver_bmx280/bin/esp32-mh-et-live-minikit/cpu/exceptions.o
 .rodata.str1.1
                0x000000003f401060      0x13c /data/riotbuild/riotbase/tests/driver_bmx280/bin/esp32-mh-et-live-minikit/esp_idf/esp_funcs.o
                                        0x14d (size before relaxing)
 .rodata.str1.1
                0x000000003f40119c       0x75 /data/riotbuild/riotbase/tests/driver_bmx280/bin/esp32-mh-et-live-minikit/esp_idf_esp32/clk.o
                                         0x79 (size before relaxing)
 .rodata.str1.1
                0x000000003f401211      0x13f /data/riotbuild/riotbase/tests/driver_bmx280/bin/esp32-mh-et-live-minikit/esp_idf_soc/rtc_clk.o
 .rodata.rtc_clk_xtal_freq_estimate
                0x000000003f401350       0x64 /data/riotbuild/riotbase/tests/driver_bmx280/bin/esp32-mh-et-live-minikit/esp_idf_soc/rtc_clk.o
 .rodata.rtc_clk_cpu_freq_value
                0x000000003f4013b4       0x14 /data/riotbuild/riotbase/tests/driver_bmx280/bin/esp32-mh-et-live-minikit/esp_idf_soc/rtc_clk.o
 .rodata.CSWTCH$52
                0x000000003f4013c8       0x11 /data/riotbuild/riotbase/tests/driver_bmx280/bin/esp32-mh-et-live-minikit/esp_idf_soc/rtc_clk.o
 .rodata.CSWTCH$51
                0x000000003f4013d9       0x11 /data/riotbuild/riotbase/tests/driver_bmx280/bin/esp32-mh-et-live-minikit/esp_idf_soc/rtc_clk.o
 .rodata.CSWTCH$50
                0x000000003f4013ea       0x11 /data/riotbuild/riotbase/tests/driver_bmx280/bin/esp32-mh-et-live-minikit/esp_idf_soc/rtc_clk.o
 .rodata.CSWTCH$49
                0x000000003f4013fb       0x11 /data/riotbuild/riotbase/tests/driver_bmx280/bin/esp32-mh-et-live-minikit/esp_idf_soc/rtc_clk.o
 .rodata.CSWTCH$48
                0x000000003f40140c       0x11 /data/riotbuild/riotbase/tests/driver_bmx280/bin/esp32-mh-et-live-minikit/esp_idf_soc/rtc_clk.o
 .rodata.CSWTCH$47
                0x000000003f40141d       0x11 /data/riotbuild/riotbase/tests/driver_bmx280/bin/esp32-mh-et-live-minikit/esp_idf_soc/rtc_clk.o
 .rodata.CSWTCH$42
                0x000000003f40142e       0x11 /data/riotbuild/riotbase/tests/driver_bmx280/bin/esp32-mh-et-live-minikit/esp_idf_soc/rtc_clk.o
 *fill*         0x000000003f40143f        0x1 
 .rodata.CSWTCH$37
                0x000000003f401440        0xc /data/riotbuild/riotbase/tests/driver_bmx280/bin/esp32-mh-et-live-minikit/esp_idf_soc/rtc_clk.o
 .rodata.str1.1
                0x000000003f40144c       0x80 /data/riotbuild/riotbase/tests/driver_bmx280/bin/esp32-mh-et-live-minikit/periph/uart.o
 .rodata.str1.1
                0x000000003f4014cc       0xa2 /data/riotbuild/riotbase/tests/driver_bmx280/bin/esp32-mh-et-live-minikit/periph/gpio.o
 *fill*         0x000000003f40156e        0x2 
 .rodata._rtc_gpios
                0x000000003f401570       0xd8 /data/riotbuild/riotbase/tests/driver_bmx280/bin/esp32-mh-et-live-minikit/periph/gpio.o
 .rodata._gpio_to_rtc
                0x000000003f401648       0x28 /data/riotbuild/riotbase/tests/driver_bmx280/bin/esp32-mh-et-live-minikit/periph/gpio.o
 .rodata._gpio_to_iomux_reg
                0x000000003f401670       0xa0 /data/riotbuild/riotbase/tests/driver_bmx280/bin/esp32-mh-et-live-minikit/periph/gpio.o
                0x000000003f401670                _gpio_to_iomux_reg
 .rodata.str1.1
                0x000000003f401710       0xa2 /opt/esp/xtensa-esp32-elf/bin/../lib/gcc/xtensa-esp32-elf/5.2.0/../../../../xtensa-esp32-elf/lib/libg.a(lib_a-puts.o)
                                          0x2 (size before relaxing)
 .rodata.str1.1
                0x000000003f401710       0x34 /opt/esp/xtensa-esp32-elf/bin/../lib/gcc/xtensa-esp32-elf/5.2.0/../../../../xtensa-esp32-elf/lib/libg.a(lib_a-vfprintf.o)
 .rodata.str1.1
                0x000000003f401744        0xd /opt/esp/xtensa-esp32-elf/bin/../lib/gcc/xtensa-esp32-elf/5.2.0/../../../../xtensa-esp32-elf/lib/libg.a(lib_a-dtoa.o)
                                          0xf (size before relaxing)
 .rodata.str1.1
                0x000000003f401751       0x34 /opt/esp/xtensa-esp32-elf/bin/../lib/gcc/xtensa-esp32-elf/5.2.0/../../../../xtensa-esp32-elf/lib/libg.a(lib_a-svfprintf.o)
 .rodata.str1.1
                0x000000003f401751       0x22 /opt/esp/xtensa-esp32-elf/bin/../lib/gcc/xtensa-esp32-elf/5.2.0/../../../../xtensa-esp32-elf/lib/libg.a(lib_a-vfiprintf.o)
 .rodata.str1.1
                0x000000003f401751       0x22 /opt/esp/xtensa-esp32-elf/bin/../lib/gcc/xtensa-esp32-elf/5.2.0/../../../../xtensa-esp32-elf/lib/libg.a(lib_a-svfiprintf.o)
 .rodata.str1.1
                0x000000003f401751       0x3e /data/riotbuild/riotbase/tests/driver_bmx280/bin/esp32-mh-et-live-minikit/boards_common_esp32/board_common.o
                                         0x40 (size before relaxing)
 .rodata.str1.1
                0x000000003f40178f       0x2a /data/riotbuild/riotbase/tests/driver_bmx280/bin/esp32-mh-et-live-minikit/core/panic.o
 .rodata.assert_crash_message
                0x000000003f4017b9       0x12 /data/riotbuild/riotbase/tests/driver_bmx280/bin/esp32-mh-et-live-minikit/core/panic.o
                0x000000003f4017b9                assert_crash_message
 .rodata.str1.1
                0x000000003f4017cb       0x31 /data/riotbuild/riotbase/tests/driver_bmx280/bin/esp32-mh-et-live-minikit/core/kernel_init.o
 .rodata.__func__$2676
                0x000000003f4017fc       0x10 /data/riotbuild/riotbase/tests/driver_bmx280/bin/esp32-mh-et-live-minikit/core/kernel_init.o
 .rodata.CSWTCH$7
                0x000000003f40180c       0x80 /data/riotbuild/riotbase/tests/driver_bmx280/bin/esp32-mh-et-live-minikit/esp_idf_driver/periph_ctrl.o
 .rodata.CSWTCH$5
                0x000000003f40188c       0x80 /data/riotbuild/riotbase/tests/driver_bmx280/bin/esp32-mh-et-live-minikit/esp_idf_driver/periph_ctrl.o
 .rodata.str1.4
                0x000000003f40190c       0x70 /data/riotbuild/riotbase/tests/driver_bmx280/bin/esp32-mh-et-live-minikit/periph/i2c_sw.o
 .rodata._i2c_delays
                0x000000003f40197c       0x3c /data/riotbuild/riotbase/tests/driver_bmx280/bin/esp32-mh-et-live-minikit/periph/i2c_sw.o
 .rodata.timers_hw
                0x000000003f4019b8       0x24 /data/riotbuild/riotbase/tests/driver_bmx280/bin/esp32-mh-et-live-minikit/periph/timer.o
 .rodata.str1.1
                0x000000003f4019dc      0x278 /data/riotbuild/riotbase/tests/driver_bmx280/bin/esp32-mh-et-live-minikit/application_tests_driver_bmx280/main.o
 .rodata.bmx280_params
                0x000000003f401c54       0x24 /data/riotbuild/riotbase/tests/driver_bmx280/bin/esp32-mh-et-live-minikit/application_tests_driver_bmx280/main.o
 .rodata.str1.1
                0x000000003f401c78       0x42 /data/riotbuild/riotbase/tests/driver_bmx280/bin/esp32-mh-et-live-minikit/bmx280/bmx280.o
 .rodata.__func__$4050
                0x000000003f401cba        0xf /data/riotbuild/riotbase/tests/driver_bmx280/bin/esp32-mh-et-live-minikit/bmx280/bmx280.o
 .rodata.__func__$4036
                0x000000003f401cc9       0x16 /data/riotbuild/riotbase/tests/driver_bmx280/bin/esp32-mh-et-live-minikit/bmx280/bmx280.o
 *(.irom1.text)
 *(.gnu.linkonce.r.*)
 *(.rodata1)
                0x000000003f401cdf                __XT_EXCEPTION_TABLE_ = ABSOLUTE (.)
 *(.xt_except_table)
 *(.gcc_except_table .gcc_except_table.*)
 *(.gnu.linkonce.e.*)
 *(.gnu.version_r)
                0x000000003f401ce0                . = ((. + 0x3) & 0xfffffffffffffffc)
 *fill*         0x000000003f401cdf        0x1 
                0x000000003f401ce0                __eh_frame = ABSOLUTE (.)
 *(.eh_frame)
 .eh_frame      0x000000003f401ce0       0x28 /opt/esp/xtensa-esp32-elf/bin/../lib/gcc/xtensa-esp32-elf/5.2.0/libgcc.a(_divdi3.o)
 .eh_frame      0x000000003f401d08       0x28 /opt/esp/xtensa-esp32-elf/bin/../lib/gcc/xtensa-esp32-elf/5.2.0/libgcc.a(_udivdi3.o)
 .eh_frame      0x000000003f401d30       0x28 /opt/esp/xtensa-esp32-elf/bin/../lib/gcc/xtensa-esp32-elf/5.2.0/libgcc.a(_umoddi3.o)
                0x000000003f401d5c                . = ((. + 0x7) & 0xfffffffffffffffc)
 *fill*         0x000000003f401d58        0x4 
                0x000000003f401d5c                __init_array_start = ABSOLUTE (.)
 *crtbegin.o(.ctors)
 *(EXCLUDE_FILE(*crtend.o) .ctors)
 *(SORT(.ctors.*))
 *(.ctors)
                0x000000003f401d5c                __init_array_end = ABSOLUTE (.)
 *crtbegin.o(.dtors)
 *(EXCLUDE_FILE(*crtend.o) .dtors)
 *(SORT(.dtors.*))
 *(.dtors)
                0x000000003f401d5c                __XT_EXCEPTION_DESCS_ = ABSOLUTE (.)
 *(.xt_except_desc)
 *(.gnu.linkonce.h.*)
                0x000000003f401d5c                __XT_EXCEPTION_DESCS_END__ = ABSOLUTE (.)
 *(.xt_except_desc_end)
 *(.dynamic)
 *(.gnu.version_d)
                0x000000003f401d5c                _rodata_end = ABSOLUTE (.)
                0x000000003f401d5c                _lit4_start = ABSOLUTE (.)
 *(*.lit4)
 *(.lit4.*)
 *(.gnu.linkonce.lit4.*)
                0x000000003f401d5c                _lit4_end = ABSOLUTE (.)
                0x000000003f401d5c                . = ALIGN (0x4)
                0x000000003f401d5c                _thread_local_start = ABSOLUTE (.)
 *(.tdata)
 *(.tdata.*)
 *(.tbss)
 *(.tbss.*)
                0x000000003f401d5c                _thread_local_end = ABSOLUTE (.)
                0x000000003f401d5c                . = ALIGN (0x4)

.flash.text     0x00000000400d0018     0xd12e
                0x00000000400d0018                _stext = .
                0x00000000400d0018                _text_start = ABSOLUTE (.)
 *(.literal .text .literal.* .text.* .stub)
 .text._exit    0x00000000400d0018       0x1e /data/riotbuild/riotbase/tests/driver_bmx280/bin/esp32-mh-et-live-minikit/newlib_syscalls_default/syscalls.o
                                         0x2d (size before relaxing)
                0x00000000400d0020                _exit
 *fill*         0x00000000400d0036        0x2 
 .text._sbrk_r  0x00000000400d0038       0x3e /data/riotbuild/riotbase/tests/driver_bmx280/bin/esp32-mh-et-live-minikit/newlib_syscalls_default/syscalls.o
                                         0x46 (size before relaxing)
                0x00000000400d0044                _sbrk_r
 *fill*         0x00000000400d0076        0x2 
 .text._getpid_r
                0x00000000400d0078       0x12 /data/riotbuild/riotbase/tests/driver_bmx280/bin/esp32-mh-et-live-minikit/newlib_syscalls_default/syscalls.o
                0x00000000400d007c                _getpid_r
 *fill*         0x00000000400d008a        0x2 
 .text._read_r  0x00000000400d008c       0x11 /data/riotbuild/riotbase/tests/driver_bmx280/bin/esp32-mh-et-live-minikit/newlib_syscalls_default/syscalls.o
                                         0x15 (size before relaxing)
                0x00000000400d008c                _read_r
 *fill*         0x00000000400d009d        0x3 
 .text._write_r
                0x00000000400d00a0       0x11 /data/riotbuild/riotbase/tests/driver_bmx280/bin/esp32-mh-et-live-minikit/newlib_syscalls_default/syscalls.o
                                         0x15 (size before relaxing)
                0x00000000400d00a0                _write_r
 *fill*         0x00000000400d00b1        0x3 
 .text._gettimeofday_r
                0x00000000400d00b4       0x6e /data/riotbuild/riotbase/tests/driver_bmx280/bin/esp32-mh-et-live-minikit/newlib_syscalls_default/syscalls.o
                                         0x7e (size before relaxing)
                0x00000000400d00c8                _gettimeofday_r
 *fill*         0x00000000400d0122        0x2 
 .text.sched_run
                0x00000000400d0124       0x68 /data/riotbuild/riotbase/tests/driver_bmx280/bin/esp32-mh-et-live-minikit/core/sched.o
                                         0x6c (size before relaxing)
                0x00000000400d0134                sched_run
 .text.sched_set_status
                0x00000000400d018c       0x85 /data/riotbuild/riotbase/tests/driver_bmx280/bin/esp32-mh-et-live-minikit/core/sched.o
                                         0x8d (size before relaxing)
                0x00000000400d018c                sched_set_status
 *fill*         0x00000000400d0211        0x3 
 .text.sched_switch
                0x00000000400d0214       0x34 /data/riotbuild/riotbase/tests/driver_bmx280/bin/esp32-mh-et-live-minikit/core/sched.o
                                         0x44 (size before relaxing)
                0x00000000400d0214                sched_switch
 .text.task_exit
                0x00000000400d0248       0x68 /data/riotbuild/riotbase/tests/driver_bmx280/bin/esp32-mh-et-live-minikit/cpu/thread_arch.o
                                         0x90 (size before relaxing)
                0x00000000400d0254                task_exit
 .text.thread_stack_init
                0x00000000400d02b0       0x6b /data/riotbuild/riotbase/tests/driver_bmx280/bin/esp32-mh-et-live-minikit/cpu/thread_arch.o
                                         0x77 (size before relaxing)
                0x00000000400d02c0                thread_stack_init
 *fill*         0x00000000400d031b        0x1 
 .text.thread_yield_higher
                0x00000000400d031c       0x28 /data/riotbuild/riotbase/tests/driver_bmx280/bin/esp32-mh-et-live-minikit/cpu/thread_arch.o
                                         0x3b (size before relaxing)
                0x00000000400d0320                thread_yield_higher
 *fill*         0x00000000400d0344        0x0 
 .text.thread_isr_stack_init
                0x00000000400d0344       0x1d /data/riotbuild/riotbase/tests/driver_bmx280/bin/esp32-mh-et-live-minikit/cpu/thread_arch.o
                0x00000000400d034c                thread_isr_stack_init
 *fill*         0x00000000400d0361        0x3 
 .text.cpu_switch_context_exit
                0x00000000400d0364       0x1b /data/riotbuild/riotbase/tests/driver_bmx280/bin/esp32-mh-et-live-minikit/cpu/thread_arch.o
                                         0x2a (size before relaxing)
                0x00000000400d0368                cpu_switch_context_exit
 *fill*         0x00000000400d037f        0x1 
 .text.__getreent
                0x00000000400d0380        0xe /data/riotbuild/riotbase/tests/driver_bmx280/bin/esp32-mh-et-live-minikit/cpu/syscalls.o
                0x00000000400d0384                __getreent
 *fill*         0x00000000400d038e        0x2 
 .text._abort   0x00000000400d0390       0x1a /data/riotbuild/riotbase/tests/driver_bmx280/bin/esp32-mh-et-live-minikit/cpu/syscalls.o
                                         0x21 (size before relaxing)
                0x00000000400d0398                _abort
 *fill*         0x00000000400d03aa        0x2 
 .text._exit_r  0x00000000400d03ac        0x8 /data/riotbuild/riotbase/tests/driver_bmx280/bin/esp32-mh-et-live-minikit/cpu/syscalls.o
                                         0x10 (size before relaxing)
                0x00000000400d03ac                _exit_r
 .text.system_get_time
                0x00000000400d03b4       0x1b /data/riotbuild/riotbase/tests/driver_bmx280/bin/esp32-mh-et-live-minikit/cpu/syscalls.o
                0x00000000400d03b8                system_get_time
 *fill*         0x00000000400d03cf        0x1 
 .text.system_get_time_ms
                0x00000000400d03d0       0x24 /data/riotbuild/riotbase/tests/driver_bmx280/bin/esp32-mh-et-live-minikit/cpu/syscalls.o
                                         0x28 (size before relaxing)
                0x00000000400d03d4                system_get_time_ms
 .text.system_wdt_init
                0x00000000400d03f4      0x153 /data/riotbuild/riotbase/tests/driver_bmx280/bin/esp32-mh-et-live-minikit/cpu/syscalls.o
                                        0x167 (size before relaxing)
                0x00000000400d0438                system_wdt_init
 *fill*         0x00000000400d0547        0x1 
 .text.log_write
                0x00000000400d0548       0x82 /data/riotbuild/riotbase/tests/driver_bmx280/bin/esp32-mh-et-live-minikit/cpu/log_module.o
                                         0x9e (size before relaxing)
                0x00000000400d0558                log_write
 *fill*         0x00000000400d05ca        0x2 
 .text.log_write_tagged
                0x00000000400d05cc       0x7a /data/riotbuild/riotbase/tests/driver_bmx280/bin/esp32-mh-et-live-minikit/cpu/log_module.o
                                         0x9e (size before relaxing)
                0x00000000400d05d0                log_write_tagged
 *fill*         0x00000000400d0646        0x2 
 .text.init_exceptions
                0x00000000400d0648       0x3e /data/riotbuild/riotbase/tests/driver_bmx280/bin/esp32-mh-et-live-minikit/cpu/exceptions.o
                                         0x6e (size before relaxing)
                0x00000000400d064c                init_exceptions
 *fill*         0x00000000400d0686        0x2 
 .text.bootloader_clock_configure
                0x00000000400d0688       0x76 /data/riotbuild/riotbase/tests/driver_bmx280/bin/esp32-mh-et-live-minikit/esp_idf/esp_funcs.o
                                         0x8a (size before relaxing)
                0x00000000400d0698                bootloader_clock_configure
 *fill*         0x00000000400d06fe        0x2 
 .text.esp_clk_slowclk_cal_get
                0x00000000400d0700       0x11 /data/riotbuild/riotbase/tests/driver_bmx280/bin/esp32-mh-et-live-minikit/esp_idf_esp32/clk.o
                0x00000000400d0704                esp_clk_slowclk_cal_get
 *fill*         0x00000000400d0711        0x3 
 .text.select_rtc_slow_clk
                0x00000000400d0714       0x95 /data/riotbuild/riotbase/tests/driver_bmx280/bin/esp32-mh-et-live-minikit/esp_idf_esp32/clk.o
                                         0xd5 (size before relaxing)
                0x00000000400d0728                select_rtc_slow_clk
 *fill*         0x00000000400d07a9        0x3 
 .text.esp_perip_clk_init
                0x00000000400d07ac       0xfa /data/riotbuild/riotbase/tests/driver_bmx280/bin/esp32-mh-et-live-minikit/esp_idf_esp32/clk.o
                                        0x102 (size before relaxing)
                0x00000000400d07d8                esp_perip_clk_init
 *fill*         0x00000000400d08a6        0x2 
 .text.rtc_init_module
                0x00000000400d08a8      0x3e4 /data/riotbuild/riotbase/tests/driver_bmx280/bin/esp32-mh-et-live-minikit/esp_idf_soc/rtc_init.o
                                        0x3f0 (size before relaxing)
                0x00000000400d0954                rtc_init_module
 .text.rtc_clk_cal_internal
                0x00000000400d0c8c      0x16a /data/riotbuild/riotbase/tests/driver_bmx280/bin/esp32-mh-et-live-minikit/esp_idf_soc/rtc_time.o
                                        0x182 (size before relaxing)
 *fill*         0x00000000400d0df6        0x2 
 .text.rtc_clk_cal_ratio
                0x00000000400d0df8       0x20 /data/riotbuild/riotbase/tests/driver_bmx280/bin/esp32-mh-et-live-minikit/esp_idf_soc/rtc_time.o
                                         0x2c (size before relaxing)
                0x00000000400d0df8                rtc_clk_cal_ratio
 .text.rtc_clk_cal
                0x00000000400d0e18       0x4c /data/riotbuild/riotbase/tests/driver_bmx280/bin/esp32-mh-et-live-minikit/esp_idf_soc/rtc_time.o
                                         0x60 (size before relaxing)
                0x00000000400d0e18                rtc_clk_cal
 .text.rtc_time_get
                0x00000000400d0e64       0x60 /data/riotbuild/riotbase/tests/driver_bmx280/bin/esp32-mh-et-live-minikit/esp_idf_soc/rtc_time.o
                                         0x68 (size before relaxing)
                0x00000000400d0e74                rtc_time_get
 .text.rtc_clk_wait_for_slow_cycle
                0x00000000400d0ec4       0x70 /data/riotbuild/riotbase/tests/driver_bmx280/bin/esp32-mh-et-live-minikit/esp_idf_soc/rtc_time.o
                                         0x84 (size before relaxing)
                0x00000000400d0ecc                rtc_clk_wait_for_slow_cycle
 .text.rtc_clk_32k_enable_internal$constprop$4
                0x00000000400d0f34       0x83 /data/riotbuild/riotbase/tests/driver_bmx280/bin/esp32-mh-et-live-minikit/esp_idf_soc/rtc_clk.o
 *fill*         0x00000000400d0fb7        0x1 
 .text.rtc_clk_32k_enable
                0x00000000400d0fb8       0x29 /data/riotbuild/riotbase/tests/driver_bmx280/bin/esp32-mh-et-live-minikit/esp_idf_soc/rtc_clk.o
                                         0x35 (size before relaxing)
                0x00000000400d0fb8                rtc_clk_32k_enable
 *fill*         0x00000000400d0fe1        0x3 
 .text.rtc_clk_32k_bootstrap
                0x00000000400d0fe4       0xa6 /data/riotbuild/riotbase/tests/driver_bmx280/bin/esp32-mh-et-live-minikit/esp_idf_soc/rtc_clk.o
                                         0xce (size before relaxing)
                0x00000000400d0ff0                rtc_clk_32k_bootstrap
 *fill*         0x00000000400d108a        0x2 
 .text.rtc_clk_8m_enable
                0x00000000400d108c       0x7e /data/riotbuild/riotbase/tests/driver_bmx280/bin/esp32-mh-et-live-minikit/esp_idf_soc/rtc_clk.o
                                         0x8e (size before relaxing)
                0x00000000400d108c                rtc_clk_8m_enable
 *fill*         0x00000000400d110a        0x2 
 .text.rtc_clk_8m_enabled
                0x00000000400d110c       0x15 /data/riotbuild/riotbase/tests/driver_bmx280/bin/esp32-mh-et-live-minikit/esp_idf_soc/rtc_clk.o
                                         0x19 (size before relaxing)
                0x00000000400d110c                rtc_clk_8m_enabled
 *fill*         0x00000000400d1121        0x3 
 .text.rtc_clk_8md256_enabled
                0x00000000400d1124       0x15 /data/riotbuild/riotbase/tests/driver_bmx280/bin/esp32-mh-et-live-minikit/esp_idf_soc/rtc_clk.o
                                         0x19 (size before relaxing)
                0x00000000400d1124                rtc_clk_8md256_enabled
 *fill*         0x00000000400d1139        0x3 
 .text.rtc_clk_xtal_freq_estimate
                0x00000000400d113c       0xa0 /data/riotbuild/riotbase/tests/driver_bmx280/bin/esp32-mh-et-live-minikit/esp_idf_soc/rtc_clk.o
                                         0xd4 (size before relaxing)
 .text.rtc_clk_slow_freq_set
                0x00000000400d11dc       0x48 /data/riotbuild/riotbase/tests/driver_bmx280/bin/esp32-mh-et-live-minikit/esp_idf_soc/rtc_clk.o
                                         0x50 (size before relaxing)
                0x00000000400d11e0                rtc_clk_slow_freq_set
 .text.rtc_clk_slow_freq_get
                0x00000000400d1224       0x10 /data/riotbuild/riotbase/tests/driver_bmx280/bin/esp32-mh-et-live-minikit/esp_idf_soc/rtc_clk.o
                                         0x14 (size before relaxing)
                0x00000000400d1224                rtc_clk_slow_freq_get
 .text.rtc_clk_slow_freq_get_hz
                0x00000000400d1234       0x22 /data/riotbuild/riotbase/tests/driver_bmx280/bin/esp32-mh-et-live-minikit/esp_idf_soc/rtc_clk.o
                                         0x26 (size before relaxing)
                0x00000000400d1238                rtc_clk_slow_freq_get_hz
 *fill*         0x00000000400d1256        0x2 
 .text.rtc_clk_fast_freq_set
                0x00000000400d1258       0x2a /data/riotbuild/riotbase/tests/driver_bmx280/bin/esp32-mh-et-live-minikit/esp_idf_soc/rtc_clk.o
                                         0x36 (size before relaxing)
                0x00000000400d1258                rtc_clk_fast_freq_set
 *fill*         0x00000000400d1282        0x2 
 .text.rtc_clk_fast_freq_get
                0x00000000400d1284       0x10 /data/riotbuild/riotbase/tests/driver_bmx280/bin/esp32-mh-et-live-minikit/esp_idf_soc/rtc_clk.o
                                         0x14 (size before relaxing)
                0x00000000400d1284                rtc_clk_fast_freq_get
 .text.rtc_clk_bbpll_set
                0x00000000400d1294      0x187 /data/riotbuild/riotbase/tests/driver_bmx280/bin/esp32-mh-et-live-minikit/esp_idf_soc/rtc_clk.o
                                        0x1c3 (size before relaxing)
                0x00000000400d12bc                rtc_clk_bbpll_set
 *fill*         0x00000000400d141b        0x1 
 .text.rtc_clk_xtal_freq_get
                0x00000000400d141c       0x30 /data/riotbuild/riotbase/tests/driver_bmx280/bin/esp32-mh-et-live-minikit/esp_idf_soc/rtc_clk.o
                                         0x44 (size before relaxing)
                0x00000000400d1424                rtc_get_xtal
                0x00000000400d1424                rtc_clk_xtal_freq_get
 .text.rtc_clk_cpu_freq_get
                0x00000000400d144c       0x62 /data/riotbuild/riotbase/tests/driver_bmx280/bin/esp32-mh-et-live-minikit/esp_idf_soc/rtc_clk.o
                                         0x76 (size before relaxing)
                0x00000000400d1454                rtc_clk_cpu_freq_get
 *fill*         0x00000000400d14ae        0x2 
 .text.rtc_clk_cpu_freq_value
                0x00000000400d14b0       0x4e /data/riotbuild/riotbase/tests/driver_bmx280/bin/esp32-mh-et-live-minikit/esp_idf_soc/rtc_clk.o
                                         0x62 (size before relaxing)
                0x00000000400d14c0                rtc_clk_cpu_freq_value
 *fill*         0x00000000400d14fe        0x2 
 .text.rtc_clk_xtal_freq_update
                0x00000000400d1500       0x16 /data/riotbuild/riotbase/tests/driver_bmx280/bin/esp32-mh-et-live-minikit/esp_idf_soc/rtc_clk.o
                                         0x1a (size before relaxing)
                0x00000000400d1500                rtc_clk_xtal_freq_update
 *fill*         0x00000000400d1516        0x2 
 .text.rtc_clk_apb_freq_update
                0x00000000400d1518       0x1d /data/riotbuild/riotbase/tests/driver_bmx280/bin/esp32-mh-et-live-minikit/esp_idf_soc/rtc_clk.o
                0x00000000400d151c                rtc_clk_apb_freq_update
 *fill*         0x00000000400d1535        0x3 
 .text.rtc_clk_cpu_freq_set
                0x00000000400d1538      0x1c3 /data/riotbuild/riotbase/tests/driver_bmx280/bin/esp32-mh-et-live-minikit/esp_idf_soc/rtc_clk.o
                                        0x22b (size before relaxing)
                0x00000000400d1558                rtc_clk_cpu_freq_set
 *fill*         0x00000000400d16fb        0x1 
 .text.rtc_clk_apb_freq_get
                0x00000000400d16fc       0x2b /data/riotbuild/riotbase/tests/driver_bmx280/bin/esp32-mh-et-live-minikit/esp_idf_soc/rtc_clk.o
                                         0x37 (size before relaxing)
                0x00000000400d1700                rtc_clk_apb_freq_get
 *fill*         0x00000000400d1727        0x1 
 .text.rtc_clk_init
                0x00000000400d1728      0x1a6 /data/riotbuild/riotbase/tests/driver_bmx280/bin/esp32-mh-et-live-minikit/esp_idf_soc/rtc_clk.o
                                        0x23e (size before relaxing)
                0x00000000400d174c                rtc_clk_init
 *fill*         0x00000000400d18ce        0x2 
 .text.pm_set_lowest
                0x00000000400d18d0        0xb /data/riotbuild/riotbase/tests/driver_bmx280/bin/esp32-mh-et-live-minikit/periph/pm.o
                                         0x12 (size before relaxing)
                0x00000000400d18d0                pm_set_lowest
 *fill*         0x00000000400d18db        0x1 
 .text.uart_write
                0x00000000400d18dc       0x3e /data/riotbuild/riotbase/tests/driver_bmx280/bin/esp32-mh-et-live-minikit/periph/uart.o
                0x00000000400d18e0                uart_write
 *fill*         0x00000000400d191a        0x2 
 .text.uart_poweron
                0x00000000400d191c      0x247 /data/riotbuild/riotbase/tests/driver_bmx280/bin/esp32-mh-et-live-minikit/periph/uart.o
                                        0x28f (size before relaxing)
                0x00000000400d1938                uart_poweron
 *fill*         0x00000000400d1b63        0x1 
 .text.uart_init
                0x00000000400d1b64       0xd8 /data/riotbuild/riotbase/tests/driver_bmx280/bin/esp32-mh-et-live-minikit/periph/uart.o
                                        0x114 (size before relaxing)
                0x00000000400d1b68                uart_init
 .text.uart_system_init
                0x00000000400d1c3c       0x18 /data/riotbuild/riotbase/tests/driver_bmx280/bin/esp32-mh-et-live-minikit/periph/uart.o
                                         0x1c (size before relaxing)
                0x00000000400d1c3c                uart_system_init
 .text.uart_print_config
                0x00000000400d1c54       0x28 /data/riotbuild/riotbase/tests/driver_bmx280/bin/esp32-mh-et-live-minikit/periph/uart.o
                                         0x30 (size before relaxing)
                0x00000000400d1c58                uart_print_config
 .text.cpuid_get
                0x00000000400d1c7c       0x41 /data/riotbuild/riotbase/tests/driver_bmx280/bin/esp32-mh-et-live-minikit/periph/cpuid.o
                0x00000000400d1c84                cpuid_get
 *fill*         0x00000000400d1cbd        0x3 
 .text.gpio_init
                0x00000000400d1cc0      0x37e /data/riotbuild/riotbase/tests/driver_bmx280/bin/esp32-mh-et-live-minikit/periph/gpio.o
                                        0x392 (size before relaxing)
                0x00000000400d1ce8                gpio_init
 *fill*         0x00000000400d203e        0x2 
 .text.gpio_write
                0x00000000400d2040       0x3b /data/riotbuild/riotbase/tests/driver_bmx280/bin/esp32-mh-et-live-minikit/periph/gpio.o
                                         0x3f (size before relaxing)
                0x00000000400d2040                gpio_write
 *fill*         0x00000000400d207b        0x1 
 .text.gpio_set_pin_usage
                0x00000000400d207c       0x18 /data/riotbuild/riotbase/tests/driver_bmx280/bin/esp32-mh-et-live-minikit/periph/gpio.o
                                         0x1c (size before relaxing)
                0x00000000400d207c                gpio_set_pin_usage
 .text.gpio_get_pin_usage
                0x00000000400d2094       0x16 /data/riotbuild/riotbase/tests/driver_bmx280/bin/esp32-mh-et-live-minikit/periph/gpio.o
                                         0x1a (size before relaxing)
                0x00000000400d2094                gpio_get_pin_usage
 *fill*         0x00000000400d20aa        0x2 
 .text.hwrng_read